NTAG.c:425:21:write_i2c	24	static
NTAG.c:409:21:read_i2c_with_command	40	static
NTAG.c:435:21:write_i2c_with_command.constprop	32	static
NTAG.c:146:14:inti_ntag	0	static
NTAG.c:156:14:ntag_change_local_i2c_address	0	static
NTAG.c:161:9:ntag_get_local_i2c_address	0	static
NTAG.c:165:14:ntag_change_device_i2c_address	24	static
NTAG.c:185:14:ntag_i2c_rst_with_doubleStart	32	static
NTAG.c:236:14:ntag_get_16ByteBlock	8	static
NTAG.c:248:14:ntag_read_userMemory	24	static
NTAG.c:280:14:ntag_write_userMemory	48	static
NTAG.c:354:14:ntag_erase_userMemory	32	static
NTAG.c:205:14:ntag_factory_resest_of_memory	88	static
NTAG.c:371:14:ntag_write_session_or_config_register	16	static
NTAG.c:176:14:ntag_nfcs_i2c_rst	8	static
NTAG.c:379:14:ntag_read_session_or_config_register	24	static
NTAG.c:196:14:ntag_get_sessionConfig	16	static
