Archive member included to satisfy reference by file (symbol)

c:/nxp/mcuxpressoide_11.3.0_5222/ide/plugins/com.nxp.mcuxpresso.tools.win32_11.3.0.202008311133/tools/bin/../lib/gcc/arm-none-eabi/9.3.1/../../../../arm-none-eabi/lib/thumb/v6-m/nofp\libcr_nohost_nf.a(_cr__main.o)
                              ./startup/startup_lpc812.o (__main)
c:/nxp/mcuxpressoide_11.3.0_5222/ide/plugins/com.nxp.mcuxpresso.tools.win32_11.3.0.202008311133/tools/bin/../lib/gcc/arm-none-eabi/9.3.1/../../../../arm-none-eabi/lib/thumb/v6-m/nofp\libcr_c.a(memcpy.o)
                              ./source/Main_NTAG_THMS.o (memcpy)
c:/nxp/mcuxpressoide_11.3.0_5222/ide/plugins/com.nxp.mcuxpresso.tools.win32_11.3.0.202008311133/tools/bin/../lib/gcc/arm-none-eabi/9.3.1/../../../../arm-none-eabi/lib/thumb/v6-m/nofp\libcr_c.a(memset.o)
                              ./drivers/fsl_i2c.o (memset)
c:/nxp/mcuxpressoide_11.3.0_5222/ide/plugins/com.nxp.mcuxpresso.tools.win32_11.3.0.202008311133/tools/bin/../lib/gcc/arm-none-eabi/9.3.1/../../../../arm-none-eabi/lib/thumb/v6-m/nofp\libcr_c.a(alloc.o)
                              ./drivers/fsl_common.o (malloc)
c:/nxp/mcuxpressoide_11.3.0_5222/ide/plugins/com.nxp.mcuxpresso.tools.win32_11.3.0.202008311133/tools/bin/../lib/gcc/arm-none-eabi/9.3.1/../../../../arm-none-eabi/lib/thumb/v6-m/nofp\libcr_c.a(initio.o)
                              c:/nxp/mcuxpressoide_11.3.0_5222/ide/plugins/com.nxp.mcuxpresso.tools.win32_11.3.0.202008311133/tools/bin/../lib/gcc/arm-none-eabi/9.3.1/../../../../arm-none-eabi/lib/thumb/v6-m/nofp\libcr_nohost_nf.a(_cr__main.o) (_initio)
c:/nxp/mcuxpressoide_11.3.0_5222/ide/plugins/com.nxp.mcuxpresso.tools.win32_11.3.0.202008311133/tools/bin/../lib/gcc/arm-none-eabi/9.3.1/../../../../arm-none-eabi/lib/thumb/v6-m/nofp\libcr_c.a(itoa.o)
                              ./THMS/thms_2_ndef.o (itoa)
c:/nxp/mcuxpressoide_11.3.0_5222/ide/plugins/com.nxp.mcuxpresso.tools.win32_11.3.0.202008311133/tools/bin/../lib/gcc/arm-none-eabi/9.3.1/../../../../arm-none-eabi/lib/thumb/v6-m/nofp\libcr_c.a(printf.o)
                              ./THMS/thms_2_ndef.o (_sprintf)
c:/nxp/mcuxpressoide_11.3.0_5222/ide/plugins/com.nxp.mcuxpresso.tools.win32_11.3.0.202008311133/tools/bin/../lib/gcc/arm-none-eabi/9.3.1/../../../../arm-none-eabi/lib/thumb/v6-m/nofp\libcr_c.a(scanf.o)
                              ./THMS/thms_2_ndef.o (sscanf)
c:/nxp/mcuxpressoide_11.3.0_5222/ide/plugins/com.nxp.mcuxpresso.tools.win32_11.3.0.202008311133/tools/bin/../lib/gcc/arm-none-eabi/9.3.1/../../../../arm-none-eabi/lib/thumb/v6-m/nofp\libcr_c.a(setvbuf.o)
                              c:/nxp/mcuxpressoide_11.3.0_5222/ide/plugins/com.nxp.mcuxpresso.tools.win32_11.3.0.202008311133/tools/bin/../lib/gcc/arm-none-eabi/9.3.1/../../../../arm-none-eabi/lib/thumb/v6-m/nofp\libcr_c.a(initio.o) (setvbuf)
c:/nxp/mcuxpressoide_11.3.0_5222/ide/plugins/com.nxp.mcuxpresso.tools.win32_11.3.0.202008311133/tools/bin/../lib/gcc/arm-none-eabi/9.3.1/../../../../arm-none-eabi/lib/thumb/v6-m/nofp\libcr_c.a(strchr.o)
                              ./THMS/thms_2_ndef.o (strchr)
c:/nxp/mcuxpressoide_11.3.0_5222/ide/plugins/com.nxp.mcuxpresso.tools.win32_11.3.0.202008311133/tools/bin/../lib/gcc/arm-none-eabi/9.3.1/../../../../arm-none-eabi/lib/thumb/v6-m/nofp\libcr_c.a(strcpy.o)
                              ./THMS/thms_2_ndef.o (strcpy)
c:/nxp/mcuxpressoide_11.3.0_5222/ide/plugins/com.nxp.mcuxpresso.tools.win32_11.3.0.202008311133/tools/bin/../lib/gcc/arm-none-eabi/9.3.1/../../../../arm-none-eabi/lib/thumb/v6-m/nofp\libcr_c.a(strlen.o)
                              ./utilities/fsl_debug_console.o (strlen)
c:/nxp/mcuxpressoide_11.3.0_5222/ide/plugins/com.nxp.mcuxpresso.tools.win32_11.3.0.202008311133/tools/bin/../lib/gcc/arm-none-eabi/9.3.1/../../../../arm-none-eabi/lib/thumb/v6-m/nofp\libcr_c.a(ungetc.o)
                              c:/nxp/mcuxpressoide_11.3.0_5222/ide/plugins/com.nxp.mcuxpresso.tools.win32_11.3.0.202008311133/tools/bin/../lib/gcc/arm-none-eabi/9.3.1/../../../../arm-none-eabi/lib/thumb/v6-m/nofp\libcr_c.a(scanf.o) (ungetc)
c:/nxp/mcuxpressoide_11.3.0_5222/ide/plugins/com.nxp.mcuxpresso.tools.win32_11.3.0.202008311133/tools/bin/../lib/gcc/arm-none-eabi/9.3.1/../../../../arm-none-eabi/lib/thumb/v6-m/nofp\libcr_c.a(__fillbuf.o)
                              c:/nxp/mcuxpressoide_11.3.0_5222/ide/plugins/com.nxp.mcuxpresso.tools.win32_11.3.0.202008311133/tools/bin/../lib/gcc/arm-none-eabi/9.3.1/../../../../arm-none-eabi/lib/thumb/v6-m/nofp\libcr_c.a(scanf.o) (__filbuf)
c:/nxp/mcuxpressoide_11.3.0_5222/ide/plugins/com.nxp.mcuxpresso.tools.win32_11.3.0.202008311133/tools/bin/../lib/gcc/arm-none-eabi/9.3.1/../../../../arm-none-eabi/lib/thumb/v6-m/nofp\libcr_c.a(__init_alloc.o)
                              c:/nxp/mcuxpressoide_11.3.0_5222/ide/plugins/com.nxp.mcuxpresso.tools.win32_11.3.0.202008311133/tools/bin/../lib/gcc/arm-none-eabi/9.3.1/../../../../arm-none-eabi/lib/thumb/v6-m/nofp\libcr_c.a(alloc.o) (__heaps)
[...]
Memory Configuration

Name             Origin             Length             Attributes
PROGRAM_FLASH    0x00000000         0x00004000         xr
SRAM             0x10000000         0x00000fe0         xrw
IAP_SRAM         0x10000fe0         0x00000020         xrw
*default*        0x00000000         0xffffffff

Linker script and memory map

LOAD ./utilities/fsl_assert.o
LOAD ./utilities/fsl_debug_console.o
LOAD ./timer/timer.o
LOAD ./startup/startup_lpc812.o
LOAD ./source/Main_NTAG_THMS.o
LOAD ./source/mtb.o
LOAD ./source/semihost_hardfault.o
LOAD ./drivers/fsl_clock.o
LOAD ./drivers/fsl_common.o
LOAD ./drivers/fsl_gpio.o
LOAD ./drivers/fsl_i2c.o
LOAD ./drivers/fsl_power.o
LOAD ./drivers/fsl_reset.o
LOAD ./drivers/fsl_swm.o
LOAD ./drivers/fsl_syscon.o
LOAD ./drivers/fsl_usart.o
LOAD ./device/system_LPC812.o
LOAD ./component/uart/fsl_adapter_miniusart.o
LOAD ./board/board.o
LOAD ./board/clock_config.o
LOAD ./board/pin_mux.o
LOAD ./THMS/THMS.o
LOAD ./THMS/thms_2_ndef.o
LOAD ./NTAG/NTAG.o
LOAD ./NDEF_Parse/ndef_parse.o
LOAD ./ADS1115/ads1115.o
START GROUP
LOAD c:/nxp/mcuxpressoide_11.3.0_5222/ide/plugins/com.nxp.mcuxpresso.tools.win32_11.3.0.202008311133/tools/bin/../lib/gcc/arm-none-eabi/9.3.1/../../../../arm-none-eabi/lib/thumb/v6-m/nofp\libcr_nohost_nf.a
LOAD c:/nxp/mcuxpressoide_11.3.0_5222/ide/plugins/com.nxp.mcuxpresso.tools.win32_11.3.0.202008311133/tools/bin/../lib/gcc/arm-none-eabi/9.3.1/../../../../arm-none-eabi/lib/thumb/v6-m/nofp\libcr_c.a
LOAD c:/nxp/mcuxpressoide_11.3.0_5222/ide/plugins/com.nxp.mcuxpresso.tools.win32_11.3.0.202008311133/tools/bin/../lib/gcc/arm-none-eabi/9.3.1/thumb/v6-m/nofp\libcr_eabihelpers.a
LOAD c:/nxp/mcuxpressoide_11.3.0_5222/ide/plugins/com.nxp.mcuxpresso.tools.win32_11.3.0.202008311133/tools/bin/../lib/gcc/arm-none-eabi/9.3.1/thumb/v6-m/nofp\libgcc.a
END GROUP
                0x00000000                __base_PROGRAM_FLASH = 0x0
                0x00000000                __base_Flash = 0x0
                0x00004000                __top_PROGRAM_FLASH = 0x4000
                0x00004000                __top_Flash = 0x4000
                0x10000000                __base_SRAM = 0x10000000
                0x10000000                __base_RAM = 0x10000000
                0x10000fe0                __top_SRAM = 0x10000fe0
                0x10000fe0                __top_RAM = 0x10000fe0
                0x10000fe0                __base_IAP_SRAM = 0x10000fe0
                0x10000fe0                __base_RAM2 = 0x10000fe0
                0x10001000                __top_IAP_SRAM = 0x10001000
                0x10001000                __top_RAM2 = 0x10001000

.text           0x00000000     0x40c8
 FILL mask 0xff
                0x00000000                __vectors_start__ = ABSOLUTE (.)
 *(SORT_BY_ALIGNMENT(.isr_vector))
 .isr_vector    0x00000000       0xc0 ./startup/startup_lpc812.o
                0x00000000                g_pfnVectors
                0x00000000                __Vectors
                0x000000c0                . = ALIGN (0x4)
                0x000000c0                __section_table_start = .
                0x000000c0                __data_section_table = .
                0x000000c0        0x4 LONG 0x40c8 LOADADDR (.data)
                0x000000c4        0x4 LONG 0x10000080 ADDR (.data)
                0x000000c8        0x4 LONG 0x8 SIZEOF (.data)
                0x000000cc        0x4 LONG 0x40c8 LOADADDR (.data_RAM2)
                0x000000d0        0x4 LONG 0x10000fe0 ADDR (.data_RAM2)
                0x000000d4        0x4 LONG 0x0 SIZEOF (.data_RAM2)
                0x000000d8                __data_section_table_end = .
                0x000000d8                __bss_section_table = .
                0x000000d8        0x4 LONG 0x10000088 ADDR (.bss)
                0x000000dc        0x4 LONG 0x1ac SIZEOF (.bss)
                0x000000e0        0x4 LONG 0x10000fe0 ADDR (.bss_RAM2)
                0x000000e4        0x4 LONG 0x0 SIZEOF (.bss_RAM2)
                0x000000e8                __bss_section_table_end = .
                0x000000e8                __section_table_end = .
 *(SORT_BY_ALIGNMENT(.after_vectors*))
 .after_vectors.reset
                0x000000e8       0x58 ./startup/startup_lpc812.o
                0x000000e8                ResetISR
 .after_vectors
                0x00000140      0x10c ./startup/startup_lpc812.o
                0x00000140                NMI_Handler
                0x00000144                SVC_Handler
                0x00000146                PendSV_Handler
                0x0000014a                Reserved33_DriverIRQHandler
                0x0000014a                Reserved39_DriverIRQHandler
                0x0000014a                Reserved37_DriverIRQHandler
                0x0000014a                SPI1_DriverIRQHandler
                0x0000014a                SPI0_DriverIRQHandler
                0x0000014a                I2C0_DriverIRQHandler
                0x0000014a                SCT0_DriverIRQHandler
                0x0000014a                PIN_INT3_DriverIRQHandler
                0x0000014a                PIN_INT2_DriverIRQHandler
                0x0000014a                CMP_DriverIRQHandler
                0x0000014a                BOD_DriverIRQHandler
                0x0000014a                Reserved36_DriverIRQHandler
                0x0000014a                PIN_INT0_DriverIRQHandler
                0x0000014a                Reserved35_DriverIRQHandler
                0x0000014a                Reserved23_DriverIRQHandler
                0x0000014a                Reserved34_DriverIRQHandler
                0x0000014a                PIN_INT1_DriverIRQHandler
                0x0000014a                IntDefaultHandler
                0x0000014a                WDT_DriverIRQHandler
                0x0000014a                Reserved18_DriverIRQHandler
                0x0000014a                WKT_DriverIRQHandler
                0x0000014a                MRT0_DriverIRQHandler
                0x0000014a                PIN_INT4_DriverIRQHandler
                0x0000014a                PIN_INT5_DriverIRQHandler
                0x0000014a                PIN_INT6_DriverIRQHandler
                0x0000014a                PIN_INT7_DriverIRQHandler
                0x0000014a                Reserved38_DriverIRQHandler
                0x0000014a                Reserved30_DriverIRQHandler
                0x0000014a                Reserved22_DriverIRQHandler
                0x0000014a                Reserved32_DriverIRQHandler
                0x0000014c                SPI0_IRQHandler
                0x00000154                SPI1_IRQHandler
                0x0000015c                Reserved18_IRQHandler
                0x00000164                USART0_IRQHandler
                0x0000016c                USART1_IRQHandler
                0x00000174                USART2_IRQHandler
                0x0000017c                Reserved22_IRQHandler
                0x00000184                Reserved23_IRQHandler
                0x0000018c                I2C0_IRQHandler
                0x00000194                SCT0_IRQHandler
                0x0000019c                MRT0_IRQHandler
                0x000001a4                CMP_IRQHandler
                0x000001ac                WDT_IRQHandler
                0x000001b4                BOD_IRQHandler
                0x000001bc                Reserved30_IRQHandler
                0x000001c4                WKT_IRQHandler
                0x000001cc                Reserved32_IRQHandler
                0x000001d4                Reserved33_IRQHandler
                0x000001dc                Reserved34_IRQHandler
                0x000001e4                Reserved35_IRQHandler
                0x000001ec                Reserved36_IRQHandler
                0x000001f4                Reserved37_IRQHandler
                0x000001fc                Reserved38_IRQHandler
                0x00000204                Reserved39_IRQHandler
                0x0000020c                PIN_INT0_IRQHandler
                0x00000214                PIN_INT1_IRQHandler
                0x0000021c                PIN_INT2_IRQHandler
                0x00000224                PIN_INT3_IRQHandler
                0x0000022c                PIN_INT4_IRQHandler
                0x00000234                PIN_INT5_IRQHandler
                0x0000023c                PIN_INT6_IRQHandler
                0x00000244                PIN_INT7_IRQHandler
 .after_vectors.init_data
                0x0000024c       0x12 ./startup/startup_lpc812.o
                0x0000024c                data_init
 .after_vectors.init_bss
                0x0000025e       0x10 ./startup/startup_lpc812.o
                0x0000025e                bss_init
                0x000002fc                . = 0x2fc
 *fill*         0x0000026e       0x8e ff
                0x000002fc                PROVIDE (__CRP_WORD_START__ = .)
 *(SORT_BY_ALIGNMENT(.crp))
 .crp           0x000002fc        0x4 ./startup/startup_lpc812.o
                0x000002fc                CRP_WORD
                0x00000300                PROVIDE (__CRP_WORD_END__ = .)
                0x00000001                ASSERT (! ((__CRP_WORD_START__ == __CRP_WORD_END__)), Linker CRP Enabled, but no CRP_WORD provided within application)
 *(SORT_BY_ALIGNMENT(.text*))
 .text.__assertion_failed
                0x00000300       0x14 ./utilities/fsl_assert.o
                0x00000300                __assertion_failed
 .text.DbgConsole_Putchar
                0x00000314       0x24 ./utilities/fsl_debug_console.o
                0x00000314                DbgConsole_Putchar
 .text.DbgConsole_Init
                0x00000338       0x44 ./utilities/fsl_debug_console.o
                0x00000338                DbgConsole_Init
 .text.DbgConsole_Printf
                0x0000037c      0x29c ./utilities/fsl_debug_console.o
                0x0000037c                DbgConsole_Printf
 .text.SysTick_Handler
                0x00000618       0x14 ./timer/timer.o
                0x00000618                SysTick_Handler
 .text.init_ms_timer
                0x0000062c       0x44 ./timer/timer.o
                0x0000062c                init_ms_timer
 .text.timer_wait_ms
                0x00000670       0x14 ./timer/timer.o
                0x00000670                timer_wait_ms
 .text.set_NTAG_do_instruction
                0x00000684       0x74 ./source/Main_NTAG_THMS.o
                0x00000684                set_NTAG_do_instruction
 .text.check_NTAG_for_do_instructuion
                0x000006f8       0x5c ./source/Main_NTAG_THMS.o
                0x000006f8                check_NTAG_for_do_instructuion
 .text.thingsToDoAtInitialization
                0x00000754       0x78 ./source/Main_NTAG_THMS.o
                0x00000754                thingsToDoAtInitialization
 .text.startup.main
                0x000007cc      0x190 ./source/Main_NTAG_THMS.o
                0x000007cc                main
 .text.HardFault_Handler
                0x0000095c       0x2c ./source/semihost_hardfault.o
                0x0000095c                HardFault_Handler
 .text.CLOCK_GetSysOscFreq
                0x00000988       0x1c ./drivers/fsl_clock.o
                0x00000988                CLOCK_GetSysOscFreq
 .text.CLOCK_GetSystemPLLInClockRate
                0x000009a4       0x40 ./drivers/fsl_clock.o
                0x000009a4                CLOCK_GetSystemPLLInClockRate
 .text.CLOCK_GetMainClkFreq
                0x000009e4       0x44 ./drivers/fsl_clock.o
                0x000009e4                CLOCK_GetMainClkFreq
 .text.CLOCK_InitSystemPll
                0x00000a28       0xcc ./drivers/fsl_clock.o
                0x00000a28                CLOCK_InitSystemPll
 .text.CLOCK_SetMainClkSrc
                0x00000af4       0x40 ./drivers/fsl_clock.o
                0x00000af4                CLOCK_SetMainClkSrc
 .text.CLOCK_UpdateClkOUTsrc
                0x00000b34       0x1c ./drivers/fsl_clock.o
                0x00000b34                CLOCK_UpdateClkOUTsrc
 .text.GPIO_PortInit
                0x00000b50       0x28 ./drivers/fsl_gpio.o
                0x00000b50                GPIO_PortInit
 .text.GPIO_PinInit
                0x00000b78       0x50 ./drivers/fsl_gpio.o
                0x00000b78                GPIO_PinInit
 .text.I2C_GetInstance
                0x00000bc8       0x1c ./drivers/fsl_i2c.o
                0x00000bc8                I2C_GetInstance
 .text.I2C_MasterGetDefaultConfig
                0x00000be4       0x20 ./drivers/fsl_i2c.o
                0x00000be4                I2C_MasterGetDefaultConfig
 .text.I2C_MasterInit
                0x00000c04       0x50 ./drivers/fsl_i2c.o
                0x00000c04                I2C_MasterInit
 .text.I2C_MasterStart
                0x00000c54       0x2c ./drivers/fsl_i2c.o
                0x00000c54                I2C_MasterStart
 .text.I2C_MasterStop
                0x00000c80       0x24 ./drivers/fsl_i2c.o
                0x00000c80                I2C_MasterStop
 .text.I2C_MasterWriteBlocking
                0x00000ca4       0xa8 ./drivers/fsl_i2c.o
                0x00000ca4                I2C_MasterWriteBlocking
 .text.I2C_MasterReadBlocking
                0x00000d4c       0x98 ./drivers/fsl_i2c.o
                0x00000d4c                I2C_MasterReadBlocking
 .text.RESET_PeripheralReset
                0x00000de4       0x28 ./drivers/fsl_reset.o
                0x00000de4                RESET_PeripheralReset
 .text.SWM_SetMovablePinSelect
                0x00000e0c       0x38 ./drivers/fsl_swm.o
                0x00000e0c                SWM_SetMovablePinSelect
 .text.USART_GetInstance
                0x00000e44       0x38 ./drivers/fsl_usart.o
                0x00000e44                USART_GetInstance
 .text.USART_GetDefaultConfig
                0x00000e7c       0x2c ./drivers/fsl_usart.o
                0x00000e7c                USART_GetDefaultConfig
 .text.USART_SetBaudRate
                0x00000ea8       0x64 ./drivers/fsl_usart.o
                0x00000ea8                USART_SetBaudRate
 .text.USART_Init
                0x00000f0c      0x114 ./drivers/fsl_usart.o
                0x00000f0c                USART_Init
 .text.USART_WriteBlocking
                0x00001020       0x38 ./drivers/fsl_usart.o
                0x00001020                USART_WriteBlocking
 .text.USART_ReadBlocking
                0x00001058       0x8c ./drivers/fsl_usart.o
                0x00001058                USART_ReadBlocking
 .text.USART0_DriverIRQHandler
                0x000010e4       0x1c ./drivers/fsl_usart.o
                0x000010e4                USART0_DriverIRQHandler
 .text.USART1_DriverIRQHandler
                0x00001100       0x1c ./drivers/fsl_usart.o
                0x00001100                USART1_DriverIRQHandler
 .text.USART2_DriverIRQHandler
                0x0000111c       0x1c ./drivers/fsl_usart.o
                0x0000111c                USART2_DriverIRQHandler
 .text.SystemInit
                0x00001138       0x24 ./device/system_LPC812.o
                0x00001138                SystemInit
 .text.HAL_UartInit
                0x0000115c       0x9c ./component/uart/fsl_adapter_miniusart.o
                0x0000115c                HAL_UartInit
 .text.HAL_UartReceiveBlocking
                0x000011f8       0x50 ./component/uart/fsl_adapter_miniusart.o
                0x000011f8                HAL_UartReceiveBlocking
 .text.HAL_UartSendBlocking
                0x00001248       0x3c ./component/uart/fsl_adapter_miniusart.o
                0x00001248                HAL_UartSendBlocking
 .text.BOARD_InitDebugConsole
                0x00001284       0x44 ./board/board.o
                0x00001284                BOARD_InitDebugConsole
 .text.BOARD_BootClockIRC12M
                0x000012c8       0x68 ./board/clock_config.o
                0x000012c8                BOARD_BootClockIRC12M
 .text.BOARD_InitPins
                0x00001330       0x48 ./board/pin_mux.o
                0x00001330                BOARD_InitPins
 .text.init_thms
                0x00001378       0x64 ./THMS/THMS.o
                0x00001378                init_thms
 .text.thms_get_sensor_signal
                0x000013dc      0x258 ./THMS/THMS.o
                0x000013dc                thms_get_sensor_signal
 .text.thms2ndef_generateMeasTextAndDoInstruction
                0x00001634       0x40 ./THMS/thms_2_ndef.o
                0x00001634                thms2ndef_generateMeasTextAndDoInstruction
 .text.thms2ndef_set_FSM_DoInstruction_inNDEF16Bytes
                0x00001674       0x58 ./THMS/thms_2_ndef.o
                0x00001674                thms2ndef_set_FSM_DoInstruction_inNDEF16Bytes
 .text.write_i2c
                0x000016cc       0x3c ./NTAG/NTAG.o
 .text.read_i2c_with_command
                0x00001708       0x64 ./NTAG/NTAG.o
 .text.write_i2c_with_command.constprop.0
                0x0000176c       0x50 ./NTAG/NTAG.o
 .text.inti_ntag
                0x000017bc       0x18 ./NTAG/NTAG.o
                0x000017bc                inti_ntag
 .text.ntag_change_local_i2c_address
                0x000017d4        0xc ./NTAG/NTAG.o
                0x000017d4                ntag_change_local_i2c_address
 .text.ntag_change_device_i2c_address
                0x000017e0       0x34 ./NTAG/NTAG.o
                0x000017e0                ntag_change_device_i2c_address
 .text.ntag_erase_userMemory
                0x00001814       0x38 ./NTAG/NTAG.o
                0x00001814                ntag_erase_userMemory
 .text.ntag_factory_resest_of_memory
                0x0000184c       0xa8 ./NTAG/NTAG.o
                0x0000184c                ntag_factory_resest_of_memory
 .text.write_i2c_with_command.constprop.0
                0x000018f4       0x50 ./ADS1115/ads1115.o
 .text.ADS1115_useAlertPin
                0x00001944       0x14 ./ADS1115/ads1115.o
                0x00001944                ADS1115_useAlertPin
 .text.ADS1115_setMUX
                0x00001958       0x18 ./ADS1115/ads1115.o
                0x00001958                ADS1115_setMUX
 .text.ADS1115_setGain
                0x00001970       0x30 ./ADS1115/ads1115.o
                0x00001970                ADS1115_setGain
 .text.ADS1115_setDataRate
                0x000019a0       0x2c ./ADS1115/ads1115.o
                0x000019a0                ADS1115_setDataRate
 .text.init_ADS1115
                0x000019cc       0x60 ./ADS1115/ads1115.o
                0x000019cc                init_ADS1115
 .text.ADS1115_getSamplingPeriod_us
                0x00001a2c        0xc ./ADS1115/ads1115.o
                0x00001a2c                ADS1115_getSamplingPeriod_us
 .text.ADS1115_setConversionMode
                0x00001a38       0x18 ./ADS1115/ads1115.o
                0x00001a38                ADS1115_setConversionMode
 .text.ADS1115_sendConfig
                0x00001a50       0x18 ./ADS1115/ads1115.o
                0x00001a50                ADS1115_sendConfig
 .text.ADS1115_startContinuous
                0x00001a68       0x38 ./ADS1115/ads1115.o
                0x00001a68                ADS1115_startContinuous
 .text.ADS1115_getLastConversionResults
                0x00001aa0       0x60 ./ADS1115/ads1115.o
                0x00001aa0                ADS1115_getLastConversionResults
 .text.ADS1115_get_THMS_TimeMeasurementValue_array
                0x00001b00       0x90 ./ADS1115/ads1115.o
                0x00001b00                ADS1115_get_THMS_TimeMeasurementValue_array
 .text.malloc   0x00001b90       0xd0 c:/nxp/mcuxpressoide_11.3.0_5222/ide/plugins/com.nxp.mcuxpresso.tools.win32_11.3.0.202008311133/tools/bin/../lib/gcc/arm-none-eabi/9.3.1/../../../../arm-none-eabi/lib/thumb/v6-m/nofp\libcr_c.a(alloc.o)
                0x00001b90                malloc
 .text._Csys_alloc
                0x00001c60       0x20 c:/nxp/mcuxpressoide_11.3.0_5222/ide/plugins/com.nxp.mcuxpresso.tools.win32_11.3.0.202008311133/tools/bin/../lib/gcc/arm-none-eabi/9.3.1/../../../../arm-none-eabi/lib/thumb/v6-m/nofp\libcr_c.a(alloc.o)
                0x00001c60                _Csys_alloc
 .text._initio  0x00001c80       0x7c c:/nxp/mcuxpressoide_11.3.0_5222/ide/plugins/com.nxp.mcuxpresso.tools.win32_11.3.0.202008311133/tools/bin/../lib/gcc/arm-none-eabi/9.3.1/../../../../arm-none-eabi/lib/thumb/v6-m/nofp\libcr_c.a(initio.o)
                0x00001c80                _initio
 .text.__vfprintf
                0x00001cfc      0xd40 c:/nxp/mcuxpressoide_11.3.0_5222/ide/plugins/com.nxp.mcuxpresso.tools.win32_11.3.0.202008311133/tools/bin/../lib/gcc/arm-none-eabi/9.3.1/../../../../arm-none-eabi/lib/thumb/v6-m/nofp\libcr_c.a(printf.o)
                0x00001cfc                __vfprintf
 .text._sprintf
                0x00002a3c       0x6c c:/nxp/mcuxpressoide_11.3.0_5222/ide/plugins/com.nxp.mcuxpresso.tools.win32_11.3.0.202008311133/tools/bin/../lib/gcc/arm-none-eabi/9.3.1/../../../../arm-none-eabi/lib/thumb/v6-m/nofp\libcr_c.a(printf.o)
                0x00002a3c                _sprintf
 .text.setvbuf  0x00002aa8       0x4c c:/nxp/mcuxpressoide_11.3.0_5222/ide/plugins/com.nxp.mcuxpresso.tools.win32_11.3.0.202008311133/tools/bin/../lib/gcc/arm-none-eabi/9.3.1/../../../../arm-none-eabi/lib/thumb/v6-m/nofp\libcr_c.a(setvbuf.o)
                0x00002aa8                setvbuf
 .text.strcpy   0x00002af4       0x44 c:/nxp/mcuxpressoide_11.3.0_5222/ide/plugins/com.nxp.mcuxpresso.tools.win32_11.3.0.202008311133/tools/bin/../lib/gcc/arm-none-eabi/9.3.1/../../../../arm-none-eabi/lib/thumb/v6-m/nofp\libcr_c.a(strcpy.o)
                0x00002af4                strcpy
 .text.strlen   0x00002b38       0x58 c:/nxp/mcuxpressoide_11.3.0_5222/ide/plugins/com.nxp.mcuxpresso.tools.win32_11.3.0.202008311133/tools/bin/../lib/gcc/arm-none-eabi/9.3.1/../../../../arm-none-eabi/lib/thumb/v6-m/nofp\libcr_c.a(strlen.o)
                0x00002b38                strlen
 .text._sbrk    0x00002b90       0x44 c:/nxp/mcuxpressoide_11.3.0_5222/ide/plugins/com.nxp.mcuxpresso.tools.win32_11.3.0.202008311133/tools/bin/../lib/gcc/arm-none-eabi/9.3.1/../../../../arm-none-eabi/lib/thumb/v6-m/nofp\libcr_c.a(_cr_sbrk.o)
                0x00002b90                _sbrk
 .text._deferredlazyseek
                0x00002bd4       0x40 c:/nxp/mcuxpressoide_11.3.0_5222/ide/plugins/com.nxp.mcuxpresso.tools.win32_11.3.0.202008311133/tools/bin/../lib/gcc/arm-none-eabi/9.3.1/../../../../arm-none-eabi/lib/thumb/v6-m/nofp\libcr_c.a(_deferredlazyseek.o)
                0x00002bd4                _deferredlazyseek
 .text.__flsbuf
                0x00002c14      0x150 c:/nxp/mcuxpressoide_11.3.0_5222/ide/plugins/com.nxp.mcuxpresso.tools.win32_11.3.0.202008311133/tools/bin/../lib/gcc/arm-none-eabi/9.3.1/../../../../arm-none-eabi/lib/thumb/v6-m/nofp\libcr_c.a(_deferredlazyseek.o)
                0x00002c14                __flsbuf
 .text._fdopen  0x00002d64       0x74 c:/nxp/mcuxpressoide_11.3.0_5222/ide/plugins/com.nxp.mcuxpresso.tools.win32_11.3.0.202008311133/tools/bin/../lib/gcc/arm-none-eabi/9.3.1/../../../../arm-none-eabi/lib/thumb/v6-m/nofp\libcr_c.a(_fdopen.o)
                0x00002d64                _fdopen
 .text._fflush  0x00002dd8       0x60 c:/nxp/mcuxpressoide_11.3.0_5222/ide/plugins/com.nxp.mcuxpresso.tools.win32_11.3.0.202008311133/tools/bin/../lib/gcc/arm-none-eabi/9.3.1/../../../../arm-none-eabi/lib/thumb/v6-m/nofp\libcr_c.a(_fflush.o)
                0x00002dd8                _fflush
 .text._Cwritebuf
                0x00002e38       0x68 c:/nxp/mcuxpressoide_11.3.0_5222/ide/plugins/com.nxp.mcuxpresso.tools.win32_11.3.0.202008311133/tools/bin/../lib/gcc/arm-none-eabi/9.3.1/../../../../arm-none-eabi/lib/thumb/v6-m/nofp\libcr_c.a(_writebuf.o)
                0x00002e38                _Cwritebuf
 .text.fclose   0x00002ea0       0x5c c:/nxp/mcuxpressoide_11.3.0_5222/ide/plugins/com.nxp.mcuxpresso.tools.win32_11.3.0.202008311133/tools/bin/../lib/gcc/arm-none-eabi/9.3.1/../../../../arm-none-eabi/lib/thumb/v6-m/nofp\libcr_c.a(fclose.o)
                0x00002ea0                fclose
 .text.fflush   0x00002efc       0x44 c:/nxp/mcuxpressoide_11.3.0_5222/ide/plugins/com.nxp.mcuxpresso.tools.win32_11.3.0.202008311133/tools/bin/../lib/gcc/arm-none-eabi/9.3.1/../../../../arm-none-eabi/lib/thumb/v6-m/nofp\libcr_c.a(fflush.o)
                0x00002efc                fflush
 .text.fseek    0x00002f40       0xf4 c:/nxp/mcuxpressoide_11.3.0_5222/ide/plugins/com.nxp.mcuxpresso.tools.win32_11.3.0.202008311133/tools/bin/../lib/gcc/arm-none-eabi/9.3.1/../../../../arm-none-eabi/lib/thumb/v6-m/nofp\libcr_c.a(fseek.o)
                0x00002f40                fseek
 .text.ftell    0x00003034       0x48 c:/nxp/mcuxpressoide_11.3.0_5222/ide/plugins/com.nxp.mcuxpresso.tools.win32_11.3.0.202008311133/tools/bin/../lib/gcc/arm-none-eabi/9.3.1/../../../../arm-none-eabi/lib/thumb/v6-m/nofp\libcr_c.a(ftell.o)
                0x00003034                ftell
 .text.__check_heap_overflow
                0x0000307c       0x14 c:/nxp/mcuxpressoide_11.3.0_5222/ide/plugins/com.nxp.mcuxpresso.tools.win32_11.3.0.202008311133/tools/bin/../lib/gcc/arm-none-eabi/9.3.1/../../../../arm-none-eabi/lib/thumb/v6-m/nofp\libcr_c.a(_cr_check_heap.o)
                0x0000307c                __check_heap_overflow
 .text._do_fflush
                0x00003090       0x48 c:/nxp/mcuxpressoide_11.3.0_5222/ide/plugins/com.nxp.mcuxpresso.tools.win32_11.3.0.202008311133/tools/bin/../lib/gcc/arm-none-eabi/9.3.1/../../../../arm-none-eabi/lib/thumb/v6-m/nofp\libcr_c.a(_do_fflush.o)
                0x00003090                _do_fflush
 .text.__aeabi_dmul
                0x000030d8      0x184 c:/nxp/mcuxpressoide_11.3.0_5222/ide/plugins/com.nxp.mcuxpresso.tools.win32_11.3.0.202008311133/tools/bin/../lib/gcc/arm-none-eabi/9.3.1/thumb/v6-m/nofp\libcr_eabihelpers.a(double.o)
                0x000030d8                __aeabi_dmul
 .text.__aeabi_ddiv
                0x0000325c      0x150 c:/nxp/mcuxpressoide_11.3.0_5222/ide/plugins/com.nxp.mcuxpresso.tools.win32_11.3.0.202008311133/tools/bin/../lib/gcc/arm-none-eabi/9.3.1/thumb/v6-m/nofp\libcr_eabihelpers.a(double.o)
                0x0000325c                __aeabi_ddiv
 .text.__aeabi_d2iz
                0x000033ac       0x50 c:/nxp/mcuxpressoide_11.3.0_5222/ide/plugins/com.nxp.mcuxpresso.tools.win32_11.3.0.202008311133/tools/bin/../lib/gcc/arm-none-eabi/9.3.1/thumb/v6-m/nofp\libcr_eabihelpers.a(double.o)
                0x000033ac                __aeabi_d2iz
 .text.reanimateNTAG
                0x000033fc       0x1c ./source/Main_NTAG_THMS.o
                0x000033fc                reanimateNTAG
 .text.I2C_MasterSetBaudRate
                0x00003418       0xa6 ./drivers/fsl_i2c.o
                0x00003418                I2C_MasterSetBaudRate
 .text.SystemInitHook
                0x000034be        0x2 ./device/system_LPC812.o
                0x000034be                SystemInitHook
 .text.thms_readAlertPinCheck
                0x000034c0        0xe ./THMS/THMS.o
                0x000034c0                thms_readAlertPinCheck
 .text.thms2ndef_freemMessTextArray
                0x000034ce        0x8 ./THMS/thms_2_ndef.o
                0x000034ce                thms2ndef_freemMessTextArray
 .text.thms2ndef_getNDEFMessageStartAndEndPoint
                0x000034d6       0x26 ./THMS/thms_2_ndef.o
                0x000034d6                thms2ndef_getNDEFMessageStartAndEndPoint
 .text.thms2ndef_get_FSM_DoInstruction_inNDEF16Bytes
                0x000034fc       0x82 ./THMS/thms_2_ndef.o
                0x000034fc                thms2ndef_get_FSM_DoInstruction_inNDEF16Bytes
 .text.ntag_read_userMemory
                0x0000357e       0x3c ./NTAG/NTAG.o
                0x0000357e                ntag_read_userMemory
 .text.ntag_write_userMemory
                0x000035ba       0x66 ./NTAG/NTAG.o
                0x000035ba                ntag_write_userMemory
 .text.ntag_write_session_or_config_register
                0x00003620       0x18 ./NTAG/NTAG.o
                0x00003620                ntag_write_session_or_config_register
 .text.ntag_nfcs_i2c_rst
                0x00003638       0x16 ./NTAG/NTAG.o
                0x00003638                ntag_nfcs_i2c_rst
 .text.create_ndef_record
                0x0000364e      0x120 ./NDEF_Parse/ndef_parse.o
                0x0000364e                create_ndef_record
 .text.free_ndef_record_struct_and_data_memory
                0x0000376e       0x12 ./NDEF_Parse/ndef_parse.o
                0x0000376e                free_ndef_record_struct_and_data_memory
 .text.ADS1115_stopContiuous
                0x00003780       0x10 ./ADS1115/ads1115.o
                0x00003780                ADS1115_stopContiuous
 .text.__main   0x00003790        0xc c:/nxp/mcuxpressoide_11.3.0_5222/ide/plugins/com.nxp.mcuxpresso.tools.win32_11.3.0.202008311133/tools/bin/../lib/gcc/arm-none-eabi/9.3.1/../../../../arm-none-eabi/lib/thumb/v6-m/nofp\libcr_nohost_nf.a(_cr__main.o)
                0x00003790                __main
 .text.memcpy   0x0000379c        0x8 c:/nxp/mcuxpressoide_11.3.0_5222/ide/plugins/com.nxp.mcuxpresso.tools.win32_11.3.0.202008311133/tools/bin/../lib/gcc/arm-none-eabi/9.3.1/../../../../arm-none-eabi/lib/thumb/v6-m/nofp\libcr_c.a(memcpy.o)
                0x0000379c                memcpy
 .text.memset   0x000037a4        0x8 c:/nxp/mcuxpressoide_11.3.0_5222/ide/plugins/com.nxp.mcuxpresso.tools.win32_11.3.0.202008311133/tools/bin/../lib/gcc/arm-none-eabi/9.3.1/../../../../arm-none-eabi/lib/thumb/v6-m/nofp\libcr_c.a(memset.o)
                0x000037a4                memset
 .text.free     0x000037ac       0x2c c:/nxp/mcuxpressoide_11.3.0_5222/ide/plugins/com.nxp.mcuxpresso.tools.win32_11.3.0.202008311133/tools/bin/../lib/gcc/arm-none-eabi/9.3.1/../../../../arm-none-eabi/lib/thumb/v6-m/nofp\libcr_c.a(alloc.o)
                0x000037ac                free
 .text.no_fp_display
                0x000037d8        0x4 c:/nxp/mcuxpressoide_11.3.0_5222/ide/plugins/com.nxp.mcuxpresso.tools.win32_11.3.0.202008311133/tools/bin/../lib/gcc/arm-none-eabi/9.3.1/../../../../arm-none-eabi/lib/thumb/v6-m/nofp\libcr_c.a(printf.o)
 .text.remove   0x000037dc       0x12 c:/nxp/mcuxpressoide_11.3.0_5222/ide/plugins/com.nxp.mcuxpresso.tools.win32_11.3.0.202008311133/tools/bin/../lib/gcc/arm-none-eabi/9.3.1/../../../../arm-none-eabi/lib/thumb/v6-m/nofp\libcr_c.a(remove.o)
                0x000037dc                remove
 .text.__aeabi_division_idivmod
                0x000037ee       0x78 c:/nxp/mcuxpressoide_11.3.0_5222/ide/plugins/com.nxp.mcuxpresso.tools.win32_11.3.0.202008311133/tools/bin/../lib/gcc/arm-none-eabi/9.3.1/thumb/v6-m/nofp\libcr_eabihelpers.a(division_32.o)
                0x000037ee                __aeabi_idivmod
                0x000037ee                __aeabi_idiv
                0x000037f4                __aeabi_uidivmod
                0x000037f4                __aeabi_uidiv
 .text.__aeabi_division_idiv0
                0x00003866        0x2 c:/nxp/mcuxpressoide_11.3.0_5222/ide/plugins/com.nxp.mcuxpresso.tools.win32_11.3.0.202008311133/tools/bin/../lib/gcc/arm-none-eabi/9.3.1/thumb/v6-m/nofp\libcr_eabihelpers.a(division_idiv0.o)
                0x00003866                __aeabi_idiv0
 .text.__bhs_ui2d
                0x00003868       0x5e c:/nxp/mcuxpressoide_11.3.0_5222/ide/plugins/com.nxp.mcuxpresso.tools.win32_11.3.0.202008311133/tools/bin/../lib/gcc/arm-none-eabi/9.3.1/thumb/v6-m/nofp\libcr_eabihelpers.a(double.o)
                0x00003868                __bhs_ui2d
 .text.__aeabi_i2d
                0x000038c6       0x18 c:/nxp/mcuxpressoide_11.3.0_5222/ide/plugins/com.nxp.mcuxpresso.tools.win32_11.3.0.202008311133/tools/bin/../lib/gcc/arm-none-eabi/9.3.1/thumb/v6-m/nofp\libcr_eabihelpers.a(double.o)
                0x000038c6                __aeabi_i2d
 .text.__aeabi_llong_lmul
                0x000038de       0x2e c:/nxp/mcuxpressoide_11.3.0_5222/ide/plugins/com.nxp.mcuxpresso.tools.win32_11.3.0.202008311133/tools/bin/../lib/gcc/arm-none-eabi/9.3.1/thumb/v6-m/nofp\libcr_eabihelpers.a(llong.o)
                0x000038de                __aeabi_lmul
 .text.__aeabi_memcpy
                0x0000390c       0x2c c:/nxp/mcuxpressoide_11.3.0_5222/ide/plugins/com.nxp.mcuxpresso.tools.win32_11.3.0.202008311133/tools/bin/../lib/gcc/arm-none-eabi/9.3.1/thumb/v6-m/nofp\libcr_eabihelpers.a(memcpy.o)
                0x0000390c                __aeabi_memcpy4
                0x0000390c                __aeabi_memcpy8
                0x0000390c                __aeabi_memcpy
 .text.__aeabi_memset_lowlevel
                0x00003938       0x2a c:/nxp/mcuxpressoide_11.3.0_5222/ide/plugins/com.nxp.mcuxpresso.tools.win32_11.3.0.202008311133/tools/bin/../lib/gcc/arm-none-eabi/9.3.1/thumb/v6-m/nofp\libcr_eabihelpers.a(memcpy.o)
                0x00003938                __aeabi_lowlevel_memset
 .text.__gnu_thumb1_case_uqi
                0x00003962       0x10 c:/nxp/mcuxpressoide_11.3.0_5222/ide/plugins/com.nxp.mcuxpresso.tools.win32_11.3.0.202008311133/tools/bin/../lib/gcc/arm-none-eabi/9.3.1/thumb/v6-m/nofp\libcr_eabihelpers.a(thumb1_switch_helpers.o)
                0x00003962                __gnu_thumb1_case_uqi
 .text.__gnu_thumb1_case_shi
                0x00003972       0x10 c:/nxp/mcuxpressoide_11.3.0_5222/ide/plugins/com.nxp.mcuxpresso.tools.win32_11.3.0.202008311133/tools/bin/../lib/gcc/arm-none-eabi/9.3.1/thumb/v6-m/nofp\libcr_eabihelpers.a(thumb1_switch_helpers.o)
                0x00003972                __gnu_thumb1_case_shi
 .text.__sys_appexit
                0x00003982        0x2 c:/nxp/mcuxpressoide_11.3.0_5222/ide/plugins/com.nxp.mcuxpresso.tools.win32_11.3.0.202008311133/tools/bin/../lib/gcc/arm-none-eabi/9.3.1/../../../../arm-none-eabi/lib/thumb/v6-m/nofp\libcr_nohost_nf.a(__sys_appexit.o)
                0x00003982                __sys_appexit
                0x00003982                __exit
 .text.__sys_close
                0x00003984        0x6 c:/nxp/mcuxpressoide_11.3.0_5222/ide/plugins/com.nxp.mcuxpresso.tools.win32_11.3.0.202008311133/tools/bin/../lib/gcc/arm-none-eabi/9.3.1/../../../../arm-none-eabi/lib/thumb/v6-m/nofp\libcr_nohost_nf.a(__sys_close.o)
                0x00003984                __sys_close
 .text.__sys_flen
                0x0000398a        0x6 c:/nxp/mcuxpressoide_11.3.0_5222/ide/plugins/com.nxp.mcuxpresso.tools.win32_11.3.0.202008311133/tools/bin/../lib/gcc/arm-none-eabi/9.3.1/../../../../arm-none-eabi/lib/thumb/v6-m/nofp\libcr_nohost_nf.a(__sys_flen.o)
                0x0000398a                __sys_flen
 .text.__sys_istty
                0x00003990        0x6 c:/nxp/mcuxpressoide_11.3.0_5222/ide/plugins/com.nxp.mcuxpresso.tools.win32_11.3.0.202008311133/tools/bin/../lib/gcc/arm-none-eabi/9.3.1/../../../../arm-none-eabi/lib/thumb/v6-m/nofp\libcr_nohost_nf.a(__sys_istty.o)
                0x00003990                __sys_istty
 .text.__sys_remove
                0x00003996        0x6 c:/nxp/mcuxpressoide_11.3.0_5222/ide/plugins/com.nxp.mcuxpresso.tools.win32_11.3.0.202008311133/tools/bin/../lib/gcc/arm-none-eabi/9.3.1/../../../../arm-none-eabi/lib/thumb/v6-m/nofp\libcr_nohost_nf.a(__sys_remove.o)
                0x00003996                __sys_remove
 .text.__sys_seek
                0x0000399c        0x6 c:/nxp/mcuxpressoide_11.3.0_5222/ide/plugins/com.nxp.mcuxpresso.tools.win32_11.3.0.202008311133/tools/bin/../lib/gcc/arm-none-eabi/9.3.1/../../../../arm-none-eabi/lib/thumb/v6-m/nofp\libcr_nohost_nf.a(__sys_seek.o)
                0x0000399c                __sys_seek
 .text.__sys_tmpnam
                0x000039a2        0x6 c:/nxp/mcuxpressoide_11.3.0_5222/ide/plugins/com.nxp.mcuxpresso.tools.win32_11.3.0.202008311133/tools/bin/../lib/gcc/arm-none-eabi/9.3.1/../../../../arm-none-eabi/lib/thumb/v6-m/nofp\libcr_nohost_nf.a(__sys_tmpnam.o)
                0x000039a2                __sys_tmpnam
 .text.__sys_write
                0x000039a8        0x4 c:/nxp/mcuxpressoide_11.3.0_5222/ide/plugins/com.nxp.mcuxpresso.tools.win32_11.3.0.202008311133/tools/bin/../lib/gcc/arm-none-eabi/9.3.1/../../../../arm-none-eabi/lib/thumb/v6-m/nofp\libcr_nohost_nf.a(__sys_write.o)
                0x000039a8                __sys_write
 *(SORT_BY_ALIGNMENT(.rodata) SORT_BY_ALIGNMENT(.rodata.*) SORT_BY_ALIGNMENT(.constdata) SORT_BY_ALIGNMENT(.constdata.*))
 .rodata.s_UsartAdapterBase
                0x000039ac        0xc ./component/uart/fsl_adapter_miniusart.o
 .rodata.DR_Settings
                0x000039b8       0x40 ./ADS1115/ads1115.o
                0x000039b8                DR_Settings
 .rodata.PGA_Settings
                0x000039f8       0x30 ./ADS1115/ads1115.o
                0x000039f8                PGA_Settings
 .rodata.__num_Ciob_streams
                0x00003a28        0x4 c:/nxp/mcuxpressoide_11.3.0_5222/ide/plugins/com.nxp.mcuxpresso.tools.win32_11.3.0.202008311133/tools/bin/../lib/gcc/arm-none-eabi/9.3.1/../../../../arm-none-eabi/lib/thumb/v6-m/nofp\libcr_nohost_nf.a(__ciob.o)
                0x00003a28                __num_Ciob_streams
 .rodata.__assertion_failed.str1.1
                0x00003a2c       0x14 ./utilities/fsl_assert.o
 .rodata.set_NTAG_do_instruction.str1.1
                0x00003a40       0x15 ./source/Main_NTAG_THMS.o
 .rodata.check_NTAG_for_do_instructuion.str1.1
                0x00003a55       0x12 ./source/Main_NTAG_THMS.o
 .rodata.main.str1.1
                0x00003a67        0xc ./source/Main_NTAG_THMS.o
                                  0xe (size before relaxing)
 .rodata.CLOCK_InitSystemPll.str1.1
                0x00003a73       0x66 ./drivers/fsl_clock.o
 .rodata.GPIO_PortInit.str1.1
                0x00003ad9       0x34 ./drivers/fsl_gpio.o
 .rodata.I2C_GetInstance.str1.1
                0x00003b0d       0x33 ./drivers/fsl_i2c.o
 .rodata.I2C_MasterWriteBlocking.str1.1
                0x00003b40       0x20 ./drivers/fsl_i2c.o
 .rodata.I2C_MasterReadBlocking.str1.1
                0x00003b60       0x20 ./drivers/fsl_i2c.o
 .rodata.s_i2cResets
                0x00003b80        0x4 ./drivers/fsl_i2c.o
 .rodata.RESET_PeripheralReset.str1.1
                0x00003b84       0x20 ./drivers/fsl_reset.o
 .rodata.SWM_SetMovablePinSelect.str1.1
                0x00003ba4       0x4b ./drivers/fsl_swm.o
 .rodata.USART_GetInstance.str1.1
                0x00003bef       0x3c ./drivers/fsl_usart.o
 .rodata.USART_GetDefaultConfig.str1.1
                0x00003c2b       0x22 ./drivers/fsl_usart.o
 .rodata.USART_SetBaudRate.str1.1
                0x00003c4d       0xb6 ./drivers/fsl_usart.o
 .rodata.USART_Init.str1.1
                0x00003d03       0x50 ./drivers/fsl_usart.o
 .rodata.USART_WriteBlocking.str1.1
                0x00003d53       0x37 ./drivers/fsl_usart.o
 .rodata.USART_ReadBlocking.str1.1
                0x00003d8a       0x37 ./drivers/fsl_usart.o
 .rodata.s_usartClock
                0x00003dc1        0x3 ./drivers/fsl_usart.o
 .rodata.s_usartRest
                0x00003dc4        0x3 ./drivers/fsl_usart.o
 .rodata.HAL_UartInit.str1.1
                0x00003dc7       0xf6 ./component/uart/fsl_adapter_miniusart.o
 .rodata.HAL_UartReceiveBlocking.str1.1
                0x00003ebd       0x70 ./component/uart/fsl_adapter_miniusart.o
 .rodata.HAL_UartSendBlocking.str1.1
                0x00003f2d       0x70 ./component/uart/fsl_adapter_miniusart.o
 .rodata.BOARD_InitDebugConsole.str1.1
                0x00003f9d       0x28 ./board/board.o
 .rodata.thms_get_sensor_signal.str1.1
                0x00003fc5       0x34 ./THMS/THMS.o
                                 0x37 (size before relaxing)
 .rodata.thms2ndef_generateMeasTextAndDoInstruction.str1.1
                0x00003ff9       0x26 ./THMS/thms_2_ndef.o
 .rodata.thms2ndef_set_FSM_DoInstruction_inNDEF16Bytes.str1.1
                0x0000401f        0x4 ./THMS/thms_2_ndef.o
 .rodata        0x00004023       0x50 ./NTAG/NTAG.o
 .rodata._Csys_alloc.str1.1
                0x00004073       0x18 c:/nxp/mcuxpressoide_11.3.0_5222/ide/plugins/com.nxp.mcuxpresso.tools.win32_11.3.0.202008311133/tools/bin/../lib/gcc/arm-none-eabi/9.3.1/../../../../arm-none-eabi/lib/thumb/v6-m/nofp\libcr_c.a(alloc.o)
 .rodata._initio.str1.1
                0x0000408b        0x4 c:/nxp/mcuxpressoide_11.3.0_5222/ide/plugins/com.nxp.mcuxpresso.tools.win32_11.3.0.202008311133/tools/bin/../lib/gcc/arm-none-eabi/9.3.1/../../../../arm-none-eabi/lib/thumb/v6-m/nofp\libcr_c.a(initio.o)
 .rodata.__vfprintf.str1.1
                0x0000408f       0x37 c:/nxp/mcuxpressoide_11.3.0_5222/ide/plugins/com.nxp.mcuxpresso.tools.win32_11.3.0.202008311133/tools/bin/../lib/gcc/arm-none-eabi/9.3.1/../../../../arm-none-eabi/lib/thumb/v6-m/nofp\libcr_c.a(printf.o)
                                 0x38 (size before relaxing)
                0x000040c8                . = ALIGN (0x4)
 *fill*         0x000040c6        0x2 ff

.glue_7         0x000040c8        0x0
 .glue_7        0x000040c8        0x0 linker stubs

.glue_7t        0x000040c8        0x0
 .glue_7t       0x000040c8        0x0 linker stubs

.vfp11_veneer   0x000040c8        0x0
 .vfp11_veneer  0x000040c8        0x0 linker stubs

.v4_bx          0x000040c8        0x0
 .v4_bx         0x000040c8        0x0 linker stubs

.iplt           0x000040c8        0x0
 .iplt          0x000040c8        0x0 ./utilities/fsl_assert.o

.rel.dyn        0x000040c8        0x0
 .rel.iplt      0x000040c8        0x0 ./utilities/fsl_assert.o

.ARM.extab
 *(SORT_BY_ALIGNMENT(.ARM.extab*) SORT_BY_ALIGNMENT(.gnu.linkonce.armextab.*))

.ARM.exidx      0x000040c8        0x0
                0x000040c8                __exidx_start = .
 *(SORT_BY_ALIGNMENT(.ARM.exidx*) SORT_BY_ALIGNMENT(.gnu.linkonce.armexidx.*))
                0x000040c8                __exidx_end = .
                0x000040c8                _etext = .

.mtb_buffer_RAM2
 *(SORT_BY_ALIGNMENT(.mtb.$RAM2*))
 *(SORT_BY_ALIGNMENT(.mtb.$IAP_SRAM*))

.data_RAM2      0x10000fe0        0x0 load address 0x000040c8
 FILL mask 0xff
                [!provide]                PROVIDE (__start_data_RAM2 = .)
                [!provide]                PROVIDE (__start_data_IAP_SRAM = .)
 *(SORT_BY_ALIGNMENT(.ramfunc.$RAM2))
 *(SORT_BY_ALIGNMENT(.ramfunc.$IAP_SRAM))
 *(SORT_BY_ALIGNMENT(.data.$RAM2))
 *(SORT_BY_ALIGNMENT(.data.$IAP_SRAM))
 *(SORT_BY_ALIGNMENT(.data.$RAM2.*))
 *(SORT_BY_ALIGNMENT(.data.$IAP_SRAM.*))
                0x10000fe0                . = ALIGN (0x4)
                [!provide]                PROVIDE (__end_data_RAM2 = .)
                [!provide]                PROVIDE (__end_data_IAP_SRAM = .)

.mtb_buffer_default
                0x10000000       0x80
 *(SORT_BY_ALIGNMENT(.mtb*))
 .mtb.$RAM1     0x10000000       0x80 ./source/mtb.o
                0x10000000                __mtb_buffer__

.uninit_RESERVED
                0x10000080        0x0
                0x10000080                _start_uninit_RESERVED = .
 *(SORT_BY_ALIGNMENT(.bss.$RESERVED*))
                0x10000080                . = ALIGN (0x4)
                0x10000080                _end_uninit_RESERVED = .

.data           0x10000080        0x8 load address 0x000040c8
 FILL mask 0xff
                0x10000080                _data = .
                [!provide]                PROVIDE (__start_data_RAM = .)
                [!provide]                PROVIDE (__start_data_SRAM = .)
 *(SORT_BY_ALIGNMENT(vtable))
 *(SORT_BY_ALIGNMENT(.ramfunc*))
 *(SORT_BY_ALIGNMENT(CodeQuickAccess))
 *(SORT_BY_ALIGNMENT(DataQuickAccess))
 *(SORT_BY_ALIGNMENT(RamFunction))
 *(SORT_BY_ALIGNMENT(.data*))
 .data.SystemCoreClock
                0x10000080        0x4 ./device/system_LPC812.o
                0x10000080                SystemCoreClock
 .data.conversionTime_inms_m
                0x10000084        0x4 ./ADS1115/ads1115.o
                0x10000088                . = ALIGN (0x4)
                0x10000088                _edata = .
                [!provide]                PROVIDE (__end_data_RAM = .)
                [!provide]                PROVIDE (__end_data_SRAM = .)

.igot.plt       0x10000088        0x0 load address 0x000040d0
 .igot.plt      0x10000088        0x0 ./utilities/fsl_assert.o

.bss_RAM2       0x10000fe0        0x0
                [!provide]                PROVIDE (__start_bss_RAM2 = .)
                [!provide]                PROVIDE (__start_bss_IAP_SRAM = .)
 *(SORT_BY_ALIGNMENT(.bss.$RAM2))
 *(SORT_BY_ALIGNMENT(.bss.$IAP_SRAM))
 *(SORT_BY_ALIGNMENT(.bss.$RAM2.*))
 *(SORT_BY_ALIGNMENT(.bss.$IAP_SRAM.*))
                0x10000fe0                . = ALIGN ((. != 0x0)?0x4:0x1)
                [!provide]                PROVIDE (__end_bss_RAM2 = .)
                [!provide]                PROVIDE (__end_bss_IAP_SRAM = .)

.bss            0x10000088      0x1ac
                0x10000088                _bss = .
                [!provide]                PROVIDE (__start_bss_RAM = .)
                [!provide]                PROVIDE (__start_bss_SRAM = .)
 *(SORT_BY_ALIGNMENT(.bss*))
 .bss.s_debugConsole
                0x10000088       0x14 ./utilities/fsl_debug_console.o
 .bss.g_systickCounter
                0x1000009c        0x4 ./timer/timer.o
                0x1000009c                g_systickCounter
 .bss.MeasurementSignal
                0x100000a0        0x4 ./source/Main_NTAG_THMS.o
 .bss.SensorSignal
                0x100000a4        0x4 ./source/Main_NTAG_THMS.o
 .bss.masterConfig
                0x100000a8        0xc ./source/Main_NTAG_THMS.o
 .bss.rsqrt_indicator
                0x100000b4        0x4 ./source/Main_NTAG_THMS.o
 .bss.g_Ext_Clk_Freq
                0x100000b8        0x4 ./drivers/fsl_clock.o
                0x100000b8                g_Ext_Clk_Freq
 .bss.g_Wdt_Osc_Freq
                0x100000bc        0x4 ./drivers/fsl_clock.o
                0x100000bc                g_Wdt_Osc_Freq
 .bss.s_Sys_Pll_Freq
                0x100000c0        0x4 ./drivers/fsl_clock.o
 .bss.s_usartHandle
                0x100000c4        0xc ./drivers/fsl_usart.o
 .bss.s_usartIsr
                0x100000d0        0x4 ./drivers/fsl_usart.o
 .bss.i2c_type_base_p_m
                0x100000d4        0x4 ./NTAG/NTAG.o
 .bss.deltaTCorrectionTimeUs_m
                0x100000d8        0x4 ./ADS1115/ads1115.o
 .bss.i2c_type_base_p_m
                0x100000dc        0x4 ./ADS1115/ads1115.o
 .bss.pga_amplification_inpv_m
                0x100000e0        0x4 ./ADS1115/ads1115.o
 .bss.sample_interval_us_m
                0x100000e4        0x4 ./ADS1115/ads1115.o
 .bss.__end_of_heap
                0x100000e8        0x4 c:/nxp/mcuxpressoide_11.3.0_5222/ide/plugins/com.nxp.mcuxpresso.tools.win32_11.3.0.202008311133/tools/bin/../lib/gcc/arm-none-eabi/9.3.1/../../../../arm-none-eabi/lib/thumb/v6-m/nofp\libcr_c.a(__init_alloc.o)
                0x100000e8                __end_of_heap
 .bss.__heaps   0x100000ec        0x4 c:/nxp/mcuxpressoide_11.3.0_5222/ide/plugins/com.nxp.mcuxpresso.tools.win32_11.3.0.202008311133/tools/bin/../lib/gcc/arm-none-eabi/9.3.1/../../../../arm-none-eabi/lib/thumb/v6-m/nofp\libcr_c.a(__init_alloc.o)
                0x100000ec                __heaps
 .bss.errno     0x100000f0        0x4 c:/nxp/mcuxpressoide_11.3.0_5222/ide/plugins/com.nxp.mcuxpresso.tools.win32_11.3.0.202008311133/tools/bin/../lib/gcc/arm-none-eabi/9.3.1/../../../../arm-none-eabi/lib/thumb/v6-m/nofp\libcr_c.a(errno.o)
                0x100000f0                errno
 .bss.__Ciob    0x100000f4       0xb4 c:/nxp/mcuxpressoide_11.3.0_5222/ide/plugins/com.nxp.mcuxpresso.tools.win32_11.3.0.202008311133/tools/bin/../lib/gcc/arm-none-eabi/9.3.1/../../../../arm-none-eabi/lib/thumb/v6-m/nofp\libcr_nohost_nf.a(__ciob.o)
                0x100000f4                __Ciob
 .bss.configRegister_m
                0x100001a8        0x2 ./ADS1115/ads1115.o
 .bss.fsm_state_m
                0x100001aa        0x1 ./source/Main_NTAG_THMS.o
 .bss.lastError
                0x100001ab        0x1 ./source/Main_NTAG_THMS.o
 .bss.measurementCout
                0x100001ac        0x1 ./source/Main_NTAG_THMS.o
 .bss.ntagUserMemoryVal
                0x100001ad       0x80 ./source/Main_NTAG_THMS.o
 .bss.resetIndicator
                0x1000022d        0x1 ./source/Main_NTAG_THMS.o
 .bss.ntag_config_m
                0x1000022e        0x1 ./NTAG/NTAG.o
 .bss.i2c_address_m
                0x1000022f        0x1 ./ADS1115/ads1115.o
 .bss.useAlertPin_m
                0x10000230        0x1 ./ADS1115/ads1115.o
 *(SORT_BY_ALIGNMENT(COMMON))
                0x10000234                . = ALIGN (0x4)
 *fill*         0x10000231        0x3 
                0x10000234                _ebss = .
                [!provide]                PROVIDE (__end_bss_RAM = .)
                [!provide]                PROVIDE (__end_bss_SRAM = .)
                [!provide]                PROVIDE (end = .)

.noinit_RAM2    0x10000fe0        0x0
                [!provide]                PROVIDE (__start_noinit_RAM2 = .)
                [!provide]                PROVIDE (__start_noinit_IAP_SRAM = .)
 *(SORT_BY_ALIGNMENT(.noinit.$RAM2))
 *(SORT_BY_ALIGNMENT(.noinit.$IAP_SRAM))
 *(SORT_BY_ALIGNMENT(.noinit.$RAM2.*))
 *(SORT_BY_ALIGNMENT(.noinit.$IAP_SRAM.*))
                0x10000fe0                . = ALIGN (0x4)
                [!provide]                PROVIDE (__end_noinit_RAM2 = .)
                [!provide]                PROVIDE (__end_noinit_IAP_SRAM = .)

.noinit         0x10000234        0x0
                0x10000234                _noinit = .
                [!provide]                PROVIDE (__start_noinit_RAM = .)
                [!provide]                PROVIDE (__start_noinit_SRAM = .)
 *(SORT_BY_ALIGNMENT(.noinit*))
                0x10000234                . = ALIGN (0x4)
                0x10000234                _end_noinit = .
                [!provide]                PROVIDE (__end_noinit_RAM = .)
                [!provide]                PROVIDE (__end_noinit_SRAM = .)
                0x000000f8                _HeapSize = 0xf8

.heap           0x10000234       0xf8
                0x10000234                _pvHeapStart = .
                0x1000032c                . = (. + _HeapSize)
 *fill*         0x10000234       0xf8 
                0x1000032c                . = ALIGN (0x4)
                0x1000032c                _pvHeapLimit = .
                0x000000f8                _StackSize = 0xf8

.heap2stackfill
                0x1000032c       0xf8
                0x10000424                . = (. + _StackSize)
 *fill*         0x1000032c       0xf8 

.stack          0x10000ee8        0x0
                0x10000ee8                _vStackBase = .
                0x10000ee8                . = ALIGN (0x4)
                0x10000fe0                _vStackTop = (. + _StackSize)
                0xefffe499                PROVIDE (__valid_user_code_checksum = (0x0 - (((_vStackTop + (ResetISR + 0x1)) + (DEFINED (NMI_Handler)?NMI_Handler:M0_NMI_Handler + 0x1)) + (DEFINED (HardFault_Handler)?HardFault_Handler:M0_HardFault_Handler + 0x1))))
                0x00000000                _image_start = LOADADDR (.text)
                0x000040d0                _image_end = (LOADADDR (.data) + SIZEOF (.data))
                0x000040d0                _image_size = (_image_end - _image_start)
OUTPUT(lpcxpresso812_NTAG_THMS.axf elf32-littlearm)
LOAD linker stubs

.debug_info     0x00000000    0x113f8
 .debug_info    0x00000000      0x137 ./utilities/fsl_assert.o
 .debug_info    0x00000137     0x1563 ./utilities/fsl_debug_console.o
 .debug_info    0x0000169a      0xb47 ./timer/timer.o
 .debug_info    0x000021e1      0x66a ./startup/startup_lpc812.o
 .debug_info    0x0000284b       0xe5 ./source/Main_NTAG_THMS.o
 .debug_info    0x00002930       0x4f ./source/mtb.o
 .debug_info    0x0000297f       0x38 ./source/semihost_hardfault.o
 .debug_info    0x000029b7     0x1174 ./drivers/fsl_clock.o
 .debug_info    0x00003b2b      0xa29 ./drivers/fsl_gpio.o
 .debug_info    0x00004554     0x2024 ./drivers/fsl_i2c.o
 .debug_info    0x00006578      0x696 ./drivers/fsl_reset.o
 .debug_info    0x00006c0e      0x4fa ./drivers/fsl_swm.o
 .debug_info    0x00007108     0x20ec ./drivers/fsl_usart.o
 .debug_info    0x000091f4      0x69d ./device/system_LPC812.o
 .debug_info    0x00009891      0xeea ./component/uart/fsl_adapter_miniusart.o
 .debug_info    0x0000a77b      0xaa7 ./board/board.o
 .debug_info    0x0000b222      0x93a ./board/clock_config.o
 .debug_info    0x0000bb5c      0x919 ./board/pin_mux.o
 .debug_info    0x0000c475      0xe00 ./THMS/THMS.o
 .debug_info    0x0000d275      0xa40 ./THMS/thms_2_ndef.o
 .debug_info    0x0000dcb5     0x1466 ./NTAG/NTAG.o
 .debug_info    0x0000f11b      0x927 ./NDEF_Parse/ndef_parse.o
 .debug_info    0x0000fa42     0x19b6 ./ADS1115/ads1115.o

.debug_abbrev   0x00000000     0x37e6
 .debug_abbrev  0x00000000       0xe1 ./utilities/fsl_assert.o
 .debug_abbrev  0x000000e1      0x3cf ./utilities/fsl_debug_console.o
 .debug_abbrev  0x000004b0      0x219 ./timer/timer.o
 .debug_abbrev  0x000006c9      0x18d ./startup/startup_lpc812.o
 .debug_abbrev  0x00000856       0x8f ./source/Main_NTAG_THMS.o
 .debug_abbrev  0x000008e5       0x43 ./source/mtb.o
 .debug_abbrev  0x00000928       0x2e ./source/semihost_hardfault.o
 .debug_abbrev  0x00000956      0x462 ./drivers/fsl_clock.o
 .debug_abbrev  0x00000db8      0x250 ./drivers/fsl_gpio.o
 .debug_abbrev  0x00001008      0x4eb ./drivers/fsl_i2c.o
 .debug_abbrev  0x000014f3      0x1d1 ./drivers/fsl_reset.o
 .debug_abbrev  0x000016c4      0x1b5 ./drivers/fsl_swm.o
 .debug_abbrev  0x00001879      0x44b ./drivers/fsl_usart.o
 .debug_abbrev  0x00001cc4      0x22b ./device/system_LPC812.o
 .debug_abbrev  0x00001eef      0x298 ./component/uart/fsl_adapter_miniusart.o
 .debug_abbrev  0x00002187      0x204 ./board/board.o
 .debug_abbrev  0x0000238b      0x257 ./board/clock_config.o
 .debug_abbrev  0x000025e2      0x1d3 ./board/pin_mux.o
 .debug_abbrev  0x000027b5      0x375 ./THMS/THMS.o
 .debug_abbrev  0x00002b2a      0x248 ./THMS/thms_2_ndef.o
 .debug_abbrev  0x00002d72      0x3e6 ./NTAG/NTAG.o
 .debug_abbrev  0x00003158      0x213 ./NDEF_Parse/ndef_parse.o
 .debug_abbrev  0x0000336b      0x47b ./ADS1115/ads1115.o

.debug_loc      0x00000000     0x84a5
 .debug_loc     0x00000000       0x32 ./utilities/fsl_assert.o
 .debug_loc     0x00000032     0x1561 ./utilities/fsl_debug_console.o
 .debug_loc     0x00001593       0x73 ./timer/timer.o
 .debug_loc     0x00001606      0x217 ./startup/startup_lpc812.o
 .debug_loc     0x0000181d      0x655 ./drivers/fsl_clock.o
 .debug_loc     0x00001e72      0x2c7 ./drivers/fsl_gpio.o
 .debug_loc     0x00002139     0x18b0 ./drivers/fsl_i2c.o
 .debug_loc     0x000039e9       0xe8 ./drivers/fsl_reset.o
 .debug_loc     0x00003ad1      0x257 ./drivers/fsl_swm.o
 .debug_loc     0x00003d28     0x14ff ./drivers/fsl_usart.o
 .debug_loc     0x00005227       0xb5 ./device/system_LPC812.o
 .debug_loc     0x000052dc      0x42e ./component/uart/fsl_adapter_miniusart.o
 .debug_loc     0x0000570a       0x65 ./board/board.o
 .debug_loc     0x0000576f      0x112 ./board/clock_config.o
 .debug_loc     0x00005881       0x2c ./board/pin_mux.o
 .debug_loc     0x000058ad      0x930 ./THMS/THMS.o
 .debug_loc     0x000061dd      0x6b1 ./THMS/thms_2_ndef.o
 .debug_loc     0x0000688e      0xdc0 ./NTAG/NTAG.o
 .debug_loc     0x0000764e      0x851 ./NDEF_Parse/ndef_parse.o
 .debug_loc     0x00007e9f      0x606 ./ADS1115/ads1115.o

.debug_aranges  0x00000000      0x818
 .debug_aranges
                0x00000000       0x20 ./utilities/fsl_assert.o
 .debug_aranges
                0x00000020       0x50 ./utilities/fsl_debug_console.o
 .debug_aranges
                0x00000070       0x30 ./timer/timer.o
 .debug_aranges
                0x000000a0      0x160 ./startup/startup_lpc812.o
 .debug_aranges
                0x00000200       0x40 ./source/Main_NTAG_THMS.o
 .debug_aranges
                0x00000240       0x18 ./source/mtb.o
 .debug_aranges
                0x00000258       0x20 ./source/semihost_hardfault.o
 .debug_aranges
                0x00000278       0x98 ./drivers/fsl_clock.o
 .debug_aranges
                0x00000310       0x28 ./drivers/fsl_gpio.o
 .debug_aranges
                0x00000338       0x98 ./drivers/fsl_i2c.o
 .debug_aranges
                0x000003d0       0x20 ./drivers/fsl_reset.o
 .debug_aranges
                0x000003f0       0x28 ./drivers/fsl_swm.o
 .debug_aranges
                0x00000418       0xc8 ./drivers/fsl_usart.o
 .debug_aranges
                0x000004e0       0x30 ./device/system_LPC812.o
 .debug_aranges
                0x00000510       0x48 ./component/uart/fsl_adapter_miniusart.o
 .debug_aranges
                0x00000558       0x20 ./board/board.o
 .debug_aranges
                0x00000578       0x30 ./board/clock_config.o
 .debug_aranges
                0x000005a8       0x28 ./board/pin_mux.o
 .debug_aranges
                0x000005d0       0x30 ./THMS/THMS.o
 .debug_aranges
                0x00000600       0x60 ./THMS/thms_2_ndef.o
 .debug_aranges
                0x00000660       0xa0 ./NTAG/NTAG.o
 .debug_aranges
                0x00000700       0x78 ./NDEF_Parse/ndef_parse.o
 .debug_aranges
                0x00000778       0xa0 ./ADS1115/ads1115.o

.debug_ranges   0x00000000     0x12d0
 .debug_ranges  0x00000000       0x10 ./utilities/fsl_assert.o
 .debug_ranges  0x00000010      0x120 ./utilities/fsl_debug_console.o
 .debug_ranges  0x00000130       0x58 ./timer/timer.o
 .debug_ranges  0x00000188      0x150 ./startup/startup_lpc812.o
 .debug_ranges  0x000002d8       0x88 ./source/Main_NTAG_THMS.o
 .debug_ranges  0x00000360       0x10 ./source/semihost_hardfault.o
 .debug_ranges  0x00000370       0xb8 ./drivers/fsl_clock.o
 .debug_ranges  0x00000428       0x78 ./drivers/fsl_gpio.o
 .debug_ranges  0x000004a0      0x3b0 ./drivers/fsl_i2c.o
 .debug_ranges  0x00000850       0x30 ./drivers/fsl_reset.o
 .debug_ranges  0x00000880       0x18 ./drivers/fsl_swm.o
 .debug_ranges  0x00000898      0x1b8 ./drivers/fsl_usart.o
 .debug_ranges  0x00000a50       0x50 ./device/system_LPC812.o
 .debug_ranges  0x00000aa0       0x50 ./component/uart/fsl_adapter_miniusart.o
 .debug_ranges  0x00000af0       0x48 ./board/board.o
 .debug_ranges  0x00000b38      0x120 ./board/clock_config.o
 .debug_ranges  0x00000c58       0x58 ./board/pin_mux.o
 .debug_ranges  0x00000cb0      0x188 ./THMS/THMS.o
 .debug_ranges  0x00000e38      0x118 ./THMS/thms_2_ndef.o
 .debug_ranges  0x00000f50      0x128 ./NTAG/NTAG.o
 .debug_ranges  0x00001078       0x88 ./NDEF_Parse/ndef_parse.o
 .debug_ranges  0x00001100      0x1d0 ./ADS1115/ads1115.o

.debug_line     0x00000000     0x80fe
 .debug_line    0x00000000      0x243 ./utilities/fsl_assert.o
 .debug_line    0x00000243      0xc69 ./utilities/fsl_debug_console.o
 .debug_line    0x00000eac      0x35d ./timer/timer.o
 .debug_line    0x00001209      0x331 ./startup/startup_lpc812.o
 .debug_line    0x0000153a      0x2e1 ./source/Main_NTAG_THMS.o
 .debug_line    0x0000181b       0x30 ./source/mtb.o
 .debug_line    0x0000184b       0x5a ./source/semihost_hardfault.o
 .debug_line    0x000018a5      0x8ef ./drivers/fsl_clock.o
 .debug_line    0x00002194      0x2c7 ./drivers/fsl_gpio.o
 .debug_line    0x0000245b      0xf90 ./drivers/fsl_i2c.o
 .debug_line    0x000033eb      0x22e ./drivers/fsl_reset.o
 .debug_line    0x00003619      0x2a7 ./drivers/fsl_swm.o
 .debug_line    0x000038c0     0x1039 ./drivers/fsl_usart.o
 .debug_line    0x000048f9      0x2dd ./device/system_LPC812.o
 .debug_line    0x00004bd6      0x453 ./component/uart/fsl_adapter_miniusart.o
 .debug_line    0x00005029      0x2fc ./board/board.o
 .debug_line    0x00005325      0x44d ./board/clock_config.o
 .debug_line    0x00005772      0x2bd ./board/pin_mux.o
 .debug_line    0x00005a2f      0x6c1 ./THMS/THMS.o
 .debug_line    0x000060f0      0x5df ./THMS/thms_2_ndef.o
 .debug_line    0x000066cf      0x994 ./NTAG/NTAG.o
 .debug_line    0x00007063      0x812 ./NDEF_Parse/ndef_parse.o
 .debug_line    0x00007875      0x889 ./ADS1115/ads1115.o

.debug_str      0x00000000     0x60a2
 .debug_str     0x00000000      0x219 ./utilities/fsl_assert.o
                                0x240 (size before relaxing)
 .debug_str     0x00000219     0x1161 ./utilities/fsl_debug_console.o
                               0x13a4 (size before relaxing)
 .debug_str     0x0000137a      0x322 ./timer/timer.o
                               0x1006 (size before relaxing)
 .debug_str     0x0000169c      0x3c3 ./startup/startup_lpc812.o
                                0x4f1 (size before relaxing)
 .debug_str     0x00001a5f      0x179 ./source/Main_NTAG_THMS.o
                                0x1bf (size before relaxing)
 .debug_str     0x00001bd8       0x1f ./source/mtb.o
                                0x13c (size before relaxing)
 .debug_str     0x00001bf7       0x1f ./source/semihost_hardfault.o
                                0x13c (size before relaxing)
 .debug_str     0x00001c16      0x6be ./drivers/fsl_clock.o
                               0x13c6 (size before relaxing)
 .debug_str     0x000022d4      0x408 ./drivers/fsl_gpio.o
                                0x8a6 (size before relaxing)
 .debug_str     0x000026dc      0x851 ./drivers/fsl_i2c.o
                               0x1102 (size before relaxing)
 .debug_str     0x00002f2d       0x65 ./drivers/fsl_reset.o
                                0x6d1 (size before relaxing)
 .debug_str     0x00002f92      0x4c0 ./drivers/fsl_swm.o
                                0x7be (size before relaxing)
 .debug_str     0x00003452      0xb35 ./drivers/fsl_usart.o
                               0x1f22 (size before relaxing)
 .debug_str     0x00003f87       0x93 ./device/system_LPC812.o
                                0x524 (size before relaxing)
 .debug_str     0x0000401a       0xdf ./component/uart/fsl_adapter_miniusart.o
                               0x13be (size before relaxing)
 .debug_str     0x000040f9      0x11a ./board/board.o
                               0x1207 (size before relaxing)
 .debug_str     0x00004213      0x24f ./board/clock_config.o
                                0x80e (size before relaxing)
 .debug_str     0x00004462       0x35 ./board/pin_mux.o
                                0xa2e (size before relaxing)
 .debug_str     0x00004497      0x339 ./THMS/THMS.o
                                0x745 (size before relaxing)
 .debug_str     0x000047d0      0x412 ./THMS/thms_2_ndef.o
                                0x684 (size before relaxing)
 .debug_str     0x00004be2      0x54c ./NTAG/NTAG.o
                                0xa98 (size before relaxing)
 .debug_str     0x0000512e      0x4d1 ./NDEF_Parse/ndef_parse.o
                                0x6ff (size before relaxing)
 .debug_str     0x000055ff      0xaa3 ./ADS1115/ads1115.o
                               0x1ca2 (size before relaxing)

.comment        0x00000000       0x4c
 .comment       0x00000000       0x4c ./utilities/fsl_assert.o
                                 0x4d (size before relaxing)
 .comment       0x0000004c       0x4d ./utilities/fsl_debug_console.o
 .comment       0x0000004c       0x4d ./timer/timer.o
 .comment       0x0000004c       0x4d ./startup/startup_lpc812.o
 .comment       0x0000004c       0x4d ./source/Main_NTAG_THMS.o
 .comment       0x0000004c       0x4d ./source/mtb.o
 .comment       0x0000004c       0x4d ./source/semihost_hardfault.o
 .comment       0x0000004c       0x4d ./drivers/fsl_clock.o
 .comment       0x0000004c       0x4d ./drivers/fsl_gpio.o
 .comment       0x0000004c       0x4d ./drivers/fsl_i2c.o
 .comment       0x0000004c       0x4d ./drivers/fsl_reset.o
 .comment       0x0000004c       0x4d ./drivers/fsl_swm.o
 .comment       0x0000004c       0x4d ./drivers/fsl_usart.o
 .comment       0x0000004c       0x4d ./device/system_LPC812.o
 .comment       0x0000004c       0x4d ./component/uart/fsl_adapter_miniusart.o
 .comment       0x0000004c       0x4d ./board/board.o
 .comment       0x0000004c       0x4d ./board/clock_config.o
 .comment       0x0000004c       0x4d ./board/pin_mux.o
 .comment       0x0000004c       0x4d ./THMS/THMS.o
 .comment       0x0000004c       0x4d ./THMS/thms_2_ndef.o
 .comment       0x0000004c       0x4d ./NTAG/NTAG.o
 .comment       0x0000004c       0x4d ./NDEF_Parse/ndef_parse.o
 .comment       0x0000004c       0x4d ./ADS1115/ads1115.o
 .comment       0x0000004c       0x4d c:/nxp/mcuxpressoide_11.3.0_5222/ide/plugins/com.nxp.mcuxpresso.tools.win32_11.3.0.202008311133/tools/bin/../lib/gcc/arm-none-eabi/9.3.1/../../../../arm-none-eabi/lib/thumb/v6-m/nofp\libcr_nohost_nf.a(_cr__main.o)
 .comment       0x0000004c       0x4d c:/nxp/mcuxpressoide_11.3.0_5222/ide/plugins/com.nxp.mcuxpresso.tools.win32_11.3.0.202008311133/tools/bin/../lib/gcc/arm-none-eabi/9.3.1/../../../../arm-none-eabi/lib/thumb/v6-m/nofp\libcr_c.a(memcpy.o)
 .comment       0x0000004c       0x4d c:/nxp/mcuxpressoide_11.3.0_5222/ide/plugins/com.nxp.mcuxpresso.tools.win32_11.3.0.202008311133/tools/bin/../lib/gcc/arm-none-eabi/9.3.1/../../../../arm-none-eabi/lib/thumb/v6-m/nofp\libcr_c.a(memset.o)
 .comment       0x0000004c       0x4d c:/nxp/mcuxpressoide_11.3.0_5222/ide/plugins/com.nxp.mcuxpresso.tools.win32_11.3.0.202008311133/tools/bin/../lib/gcc/arm-none-eabi/9.3.1/../../../../arm-none-eabi/lib/thumb/v6-m/nofp\libcr_c.a(alloc.o)
 .comment       0x0000004c       0x4d c:/nxp/mcuxpressoide_11.3.0_5222/ide/plugins/com.nxp.mcuxpresso.tools.win32_11.3.0.202008311133/tools/bin/../lib/gcc/arm-none-eabi/9.3.1/../../../../arm-none-eabi/lib/thumb/v6-m/nofp\libcr_c.a(initio.o)
 .comment       0x0000004c       0x4d c:/nxp/mcuxpressoide_11.3.0_5222/ide/plugins/com.nxp.mcuxpresso.tools.win32_11.3.0.202008311133/tools/bin/../lib/gcc/arm-none-eabi/9.3.1/../../../../arm-none-eabi/lib/thumb/v6-m/nofp\libcr_c.a(printf.o)
 .comment       0x0000004c       0x4d c:/nxp/mcuxpressoide_11.3.0_5222/ide/plugins/com.nxp.mcuxpresso.tools.win32_11.3.0.202008311133/tools/bin/../lib/gcc/arm-none-eabi/9.3.1/../../../../arm-none-eabi/lib/thumb/v6-m/nofp\libcr_c.a(setvbuf.o)
 .comment       0x0000004c       0x4d c:/nxp/mcuxpressoide_11.3.0_5222/ide/plugins/com.nxp.mcuxpresso.tools.win32_11.3.0.202008311133/tools/bin/../lib/gcc/arm-none-eabi/9.3.1/../../../../arm-none-eabi/lib/thumb/v6-m/nofp\libcr_c.a(strcpy.o)
 .comment       0x0000004c       0x4d c:/nxp/mcuxpressoide_11.3.0_5222/ide/plugins/com.nxp.mcuxpresso.tools.win32_11.3.0.202008311133/tools/bin/../lib/gcc/arm-none-eabi/9.3.1/../../../../arm-none-eabi/lib/thumb/v6-m/nofp\libcr_c.a(strlen.o)
 .comment       0x0000004c       0x4d c:/nxp/mcuxpressoide_11.3.0_5222/ide/plugins/com.nxp.mcuxpresso.tools.win32_11.3.0.202008311133/tools/bin/../lib/gcc/arm-none-eabi/9.3.1/../../../../arm-none-eabi/lib/thumb/v6-m/nofp\libcr_c.a(__init_alloc.o)
 .comment       0x0000004c       0x4d c:/nxp/mcuxpressoide_11.3.0_5222/ide/plugins/com.nxp.mcuxpresso.tools.win32_11.3.0.202008311133/tools/bin/../lib/gcc/arm-none-eabi/9.3.1/../../../../arm-none-eabi/lib/thumb/v6-m/nofp\libcr_c.a(_cr_sbrk.o)
 .comment       0x0000004c       0x4d c:/nxp/mcuxpressoide_11.3.0_5222/ide/plugins/com.nxp.mcuxpresso.tools.win32_11.3.0.202008311133/tools/bin/../lib/gcc/arm-none-eabi/9.3.1/../../../../arm-none-eabi/lib/thumb/v6-m/nofp\libcr_c.a(_deferredlazyseek.o)
 .comment       0x0000004c       0x4d c:/nxp/mcuxpressoide_11.3.0_5222/ide/plugins/com.nxp.mcuxpresso.tools.win32_11.3.0.202008311133/tools/bin/../lib/gcc/arm-none-eabi/9.3.1/../../../../arm-none-eabi/lib/thumb/v6-m/nofp\libcr_c.a(_fdopen.o)
 .comment       0x0000004c       0x4d c:/nxp/mcuxpressoide_11.3.0_5222/ide/plugins/com.nxp.mcuxpresso.tools.win32_11.3.0.202008311133/tools/bin/../lib/gcc/arm-none-eabi/9.3.1/../../../../arm-none-eabi/lib/thumb/v6-m/nofp\libcr_c.a(_fflush.o)
 .comment       0x0000004c       0x4d c:/nxp/mcuxpressoide_11.3.0_5222/ide/plugins/com.nxp.mcuxpresso.tools.win32_11.3.0.202008311133/tools/bin/../lib/gcc/arm-none-eabi/9.3.1/../../../../arm-none-eabi/lib/thumb/v6-m/nofp\libcr_c.a(_writebuf.o)
 .comment       0x0000004c       0x4d c:/nxp/mcuxpressoide_11.3.0_5222/ide/plugins/com.nxp.mcuxpresso.tools.win32_11.3.0.202008311133/tools/bin/../lib/gcc/arm-none-eabi/9.3.1/../../../../arm-none-eabi/lib/thumb/v6-m/nofp\libcr_c.a(errno.o)
 .comment       0x0000004c       0x4d c:/nxp/mcuxpressoide_11.3.0_5222/ide/plugins/com.nxp.mcuxpresso.tools.win32_11.3.0.202008311133/tools/bin/../lib/gcc/arm-none-eabi/9.3.1/../../../../arm-none-eabi/lib/thumb/v6-m/nofp\libcr_c.a(fclose.o)
 .comment       0x0000004c       0x4d c:/nxp/mcuxpressoide_11.3.0_5222/ide/plugins/com.nxp.mcuxpresso.tools.win32_11.3.0.202008311133/tools/bin/../lib/gcc/arm-none-eabi/9.3.1/../../../../arm-none-eabi/lib/thumb/v6-m/nofp\libcr_c.a(fflush.o)
 .comment       0x0000004c       0x4d c:/nxp/mcuxpressoide_11.3.0_5222/ide/plugins/com.nxp.mcuxpresso.tools.win32_11.3.0.202008311133/tools/bin/../lib/gcc/arm-none-eabi/9.3.1/../../../../arm-none-eabi/lib/thumb/v6-m/nofp\libcr_c.a(fseek.o)
 .comment       0x0000004c       0x4d c:/nxp/mcuxpressoide_11.3.0_5222/ide/plugins/com.nxp.mcuxpresso.tools.win32_11.3.0.202008311133/tools/bin/../lib/gcc/arm-none-eabi/9.3.1/../../../../arm-none-eabi/lib/thumb/v6-m/nofp\libcr_c.a(ftell.o)
 .comment       0x0000004c       0x4d c:/nxp/mcuxpressoide_11.3.0_5222/ide/plugins/com.nxp.mcuxpresso.tools.win32_11.3.0.202008311133/tools/bin/../lib/gcc/arm-none-eabi/9.3.1/../../../../arm-none-eabi/lib/thumb/v6-m/nofp\libcr_c.a(remove.o)
 .comment       0x0000004c       0x4d c:/nxp/mcuxpressoide_11.3.0_5222/ide/plugins/com.nxp.mcuxpresso.tools.win32_11.3.0.202008311133/tools/bin/../lib/gcc/arm-none-eabi/9.3.1/../../../../arm-none-eabi/lib/thumb/v6-m/nofp\libcr_c.a(_cr_check_heap.o)
 .comment       0x0000004c       0x4d c:/nxp/mcuxpressoide_11.3.0_5222/ide/plugins/com.nxp.mcuxpresso.tools.win32_11.3.0.202008311133/tools/bin/../lib/gcc/arm-none-eabi/9.3.1/../../../../arm-none-eabi/lib/thumb/v6-m/nofp\libcr_c.a(_do_fflush.o)
 .comment       0x0000004c       0x4d c:/nxp/mcuxpressoide_11.3.0_5222/ide/plugins/com.nxp.mcuxpresso.tools.win32_11.3.0.202008311133/tools/bin/../lib/gcc/arm-none-eabi/9.3.1/thumb/v6-m/nofp\libcr_eabihelpers.a(double.o)
 .comment       0x0000004c       0x4d c:/nxp/mcuxpressoide_11.3.0_5222/ide/plugins/com.nxp.mcuxpresso.tools.win32_11.3.0.202008311133/tools/bin/../lib/gcc/arm-none-eabi/9.3.1/../../../../arm-none-eabi/lib/thumb/v6-m/nofp\libcr_nohost_nf.a(__ciob.o)
 .comment       0x0000004c       0x4d c:/nxp/mcuxpressoide_11.3.0_5222/ide/plugins/com.nxp.mcuxpresso.tools.win32_11.3.0.202008311133/tools/bin/../lib/gcc/arm-none-eabi/9.3.1/../../../../arm-none-eabi/lib/thumb/v6-m/nofp\libcr_nohost_nf.a(__sys_appexit.o)
 .comment       0x0000004c       0x4d c:/nxp/mcuxpressoide_11.3.0_5222/ide/plugins/com.nxp.mcuxpresso.tools.win32_11.3.0.202008311133/tools/bin/../lib/gcc/arm-none-eabi/9.3.1/../../../../arm-none-eabi/lib/thumb/v6-m/nofp\libcr_nohost_nf.a(__sys_close.o)
 .comment       0x0000004c       0x4d c:/nxp/mcuxpressoide_11.3.0_5222/ide/plugins/com.nxp.mcuxpresso.tools.win32_11.3.0.202008311133/tools/bin/../lib/gcc/arm-none-eabi/9.3.1/../../../../arm-none-eabi/lib/thumb/v6-m/nofp\libcr_nohost_nf.a(__sys_flen.o)
 .comment       0x0000004c       0x4d c:/nxp/mcuxpressoide_11.3.0_5222/ide/plugins/com.nxp.mcuxpresso.tools.win32_11.3.0.202008311133/tools/bin/../lib/gcc/arm-none-eabi/9.3.1/../../../../arm-none-eabi/lib/thumb/v6-m/nofp\libcr_nohost_nf.a(__sys_istty.o)
 .comment       0x0000004c       0x4d c:/nxp/mcuxpressoide_11.3.0_5222/ide/plugins/com.nxp.mcuxpresso.tools.win32_11.3.0.202008311133/tools/bin/../lib/gcc/arm-none-eabi/9.3.1/../../../../arm-none-eabi/lib/thumb/v6-m/nofp\libcr_nohost_nf.a(__sys_remove.o)
 .comment       0x0000004c       0x4d c:/nxp/mcuxpressoide_11.3.0_5222/ide/plugins/com.nxp.mcuxpresso.tools.win32_11.3.0.202008311133/tools/bin/../lib/gcc/arm-none-eabi/9.3.1/../../../../arm-none-eabi/lib/thumb/v6-m/nofp\libcr_nohost_nf.a(__sys_seek.o)
 .comment       0x0000004c       0x4d c:/nxp/mcuxpressoide_11.3.0_5222/ide/plugins/com.nxp.mcuxpresso.tools.win32_11.3.0.202008311133/tools/bin/../lib/gcc/arm-none-eabi/9.3.1/../../../../arm-none-eabi/lib/thumb/v6-m/nofp\libcr_nohost_nf.a(__sys_tmpnam.o)
 .comment       0x0000004c       0x4d c:/nxp/mcuxpressoide_11.3.0_5222/ide/plugins/com.nxp.mcuxpresso.tools.win32_11.3.0.202008311133/tools/bin/../lib/gcc/arm-none-eabi/9.3.1/../../../../arm-none-eabi/lib/thumb/v6-m/nofp\libcr_nohost_nf.a(__sys_write.o)

.ARM.attributes
                0x00000000       0x2a
 .ARM.attributes
                0x00000000       0x2c ./utilities/fsl_assert.o
 .ARM.attributes
                0x0000002c       0x2c ./utilities/fsl_debug_console.o
 .ARM.attributes
                0x00000058       0x2c ./timer/timer.o
 .ARM.attributes
                0x00000084       0x2c ./startup/startup_lpc812.o
 .ARM.attributes
                0x000000b0       0x2c ./source/Main_NTAG_THMS.o
 .ARM.attributes
                0x000000dc       0x32 ./source/mtb.o
 .ARM.attributes
                0x0000010e       0x2c ./source/semihost_hardfault.o
 .ARM.attributes
                0x0000013a       0x2c ./drivers/fsl_clock.o
 .ARM.attributes
                0x00000166       0x2c ./drivers/fsl_gpio.o
 .ARM.attributes
                0x00000192       0x2c ./drivers/fsl_i2c.o
 .ARM.attributes
                0x000001be       0x2c ./drivers/fsl_reset.o
 .ARM.attributes
                0x000001ea       0x2c ./drivers/fsl_swm.o
 .ARM.attributes
                0x00000216       0x2c ./drivers/fsl_usart.o
 .ARM.attributes
                0x00000242       0x2c ./device/system_LPC812.o
 .ARM.attributes
                0x0000026e       0x2c ./component/uart/fsl_adapter_miniusart.o
 .ARM.attributes
                0x0000029a       0x2c ./board/board.o
 .ARM.attributes
                0x000002c6       0x2c ./board/clock_config.o
 .ARM.attributes
                0x000002f2       0x2c ./board/pin_mux.o
 .ARM.attributes
                0x0000031e       0x2c ./THMS/THMS.o
 .ARM.attributes
                0x0000034a       0x2c ./THMS/thms_2_ndef.o
 .ARM.attributes
                0x00000376       0x2c ./NTAG/NTAG.o
 .ARM.attributes
                0x000003a2       0x2c ./NDEF_Parse/ndef_parse.o
 .ARM.attributes
                0x000003ce       0x2c ./ADS1115/ads1115.o
 .ARM.attributes
                0x000003fa       0x2c c:/nxp/mcuxpressoide_11.3.0_5222/ide/plugins/com.nxp.mcuxpresso.tools.win32_11.3.0.202008311133/tools/bin/../lib/gcc/arm-none-eabi/9.3.1/../../../../arm-none-eabi/lib/thumb/v6-m/nofp\libcr_nohost_nf.a(_cr__main.o)
 .ARM.attributes
                0x00000426       0x2c c:/nxp/mcuxpressoide_11.3.0_5222/ide/plugins/com.nxp.mcuxpresso.tools.win32_11.3.0.202008311133/tools/bin/../lib/gcc/arm-none-eabi/9.3.1/../../../../arm-none-eabi/lib/thumb/v6-m/nofp\libcr_c.a(memcpy.o)
 .ARM.attributes
                0x00000452       0x2c c:/nxp/mcuxpressoide_11.3.0_5222/ide/plugins/com.nxp.mcuxpresso.tools.win32_11.3.0.202008311133/tools/bin/../lib/gcc/arm-none-eabi/9.3.1/../../../../arm-none-eabi/lib/thumb/v6-m/nofp\libcr_c.a(memset.o)
 .ARM.attributes
                0x0000047e       0x2c c:/nxp/mcuxpressoide_11.3.0_5222/ide/plugins/com.nxp.mcuxpresso.tools.win32_11.3.0.202008311133/tools/bin/../lib/gcc/arm-none-eabi/9.3.1/../../../../arm-none-eabi/lib/thumb/v6-m/nofp\libcr_c.a(alloc.o)
 .ARM.attributes
                0x000004aa       0x2c c:/nxp/mcuxpressoide_11.3.0_5222/ide/plugins/com.nxp.mcuxpresso.tools.win32_11.3.0.202008311133/tools/bin/../lib/gcc/arm-none-eabi/9.3.1/../../../../arm-none-eabi/lib/thumb/v6-m/nofp\libcr_c.a(initio.o)
 .ARM.attributes
                0x000004d6       0x2c c:/nxp/mcuxpressoide_11.3.0_5222/ide/plugins/com.nxp.mcuxpresso.tools.win32_11.3.0.202008311133/tools/bin/../lib/gcc/arm-none-eabi/9.3.1/../../../../arm-none-eabi/lib/thumb/v6-m/nofp\libcr_c.a(printf.o)
 .ARM.attributes
                0x00000502       0x2c c:/nxp/mcuxpressoide_11.3.0_5222/ide/plugins/com.nxp.mcuxpresso.tools.win32_11.3.0.202008311133/tools/bin/../lib/gcc/arm-none-eabi/9.3.1/../../../../arm-none-eabi/lib/thumb/v6-m/nofp\libcr_c.a(setvbuf.o)
 .ARM.attributes
                0x0000052e       0x2c c:/nxp/mcuxpressoide_11.3.0_5222/ide/plugins/com.nxp.mcuxpresso.tools.win32_11.3.0.202008311133/tools/bin/../lib/gcc/arm-none-eabi/9.3.1/../../../../arm-none-eabi/lib/thumb/v6-m/nofp\libcr_c.a(strcpy.o)
 .ARM.attributes
                0x0000055a       0x2c c:/nxp/mcuxpressoide_11.3.0_5222/ide/plugins/com.nxp.mcuxpresso.tools.win32_11.3.0.202008311133/tools/bin/../lib/gcc/arm-none-eabi/9.3.1/../../../../arm-none-eabi/lib/thumb/v6-m/nofp\libcr_c.a(strlen.o)
 .ARM.attributes
                0x00000586       0x2c c:/nxp/mcuxpressoide_11.3.0_5222/ide/plugins/com.nxp.mcuxpresso.tools.win32_11.3.0.202008311133/tools/bin/../lib/gcc/arm-none-eabi/9.3.1/../../../../arm-none-eabi/lib/thumb/v6-m/nofp\libcr_c.a(__init_alloc.o)
 .ARM.attributes
                0x000005b2       0x2c c:/nxp/mcuxpressoide_11.3.0_5222/ide/plugins/com.nxp.mcuxpresso.tools.win32_11.3.0.202008311133/tools/bin/../lib/gcc/arm-none-eabi/9.3.1/../../../../arm-none-eabi/lib/thumb/v6-m/nofp\libcr_c.a(_cr_sbrk.o)
 .ARM.attributes
                0x000005de       0x2c c:/nxp/mcuxpressoide_11.3.0_5222/ide/plugins/com.nxp.mcuxpresso.tools.win32_11.3.0.202008311133/tools/bin/../lib/gcc/arm-none-eabi/9.3.1/../../../../arm-none-eabi/lib/thumb/v6-m/nofp\libcr_c.a(_deferredlazyseek.o)
 .ARM.attributes
                0x0000060a       0x2c c:/nxp/mcuxpressoide_11.3.0_5222/ide/plugins/com.nxp.mcuxpresso.tools.win32_11.3.0.202008311133/tools/bin/../lib/gcc/arm-none-eabi/9.3.1/../../../../arm-none-eabi/lib/thumb/v6-m/nofp\libcr_c.a(_fdopen.o)
 .ARM.attributes
                0x00000636       0x2c c:/nxp/mcuxpressoide_11.3.0_5222/ide/plugins/com.nxp.mcuxpresso.tools.win32_11.3.0.202008311133/tools/bin/../lib/gcc/arm-none-eabi/9.3.1/../../../../arm-none-eabi/lib/thumb/v6-m/nofp\libcr_c.a(_fflush.o)
 .ARM.attributes
                0x00000662       0x2c c:/nxp/mcuxpressoide_11.3.0_5222/ide/plugins/com.nxp.mcuxpresso.tools.win32_11.3.0.202008311133/tools/bin/../lib/gcc/arm-none-eabi/9.3.1/../../../../arm-none-eabi/lib/thumb/v6-m/nofp\libcr_c.a(_writebuf.o)
 .ARM.attributes
                0x0000068e       0x31 c:/nxp/mcuxpressoide_11.3.0_5222/ide/plugins/com.nxp.mcuxpresso.tools.win32_11.3.0.202008311133/tools/bin/../lib/gcc/arm-none-eabi/9.3.1/../../../../arm-none-eabi/lib/thumb/v6-m/nofp\libcr_c.a(errno.o)
 .ARM.attributes
                0x000006bf       0x2c c:/nxp/mcuxpressoide_11.3.0_5222/ide/plugins/com.nxp.mcuxpresso.tools.win32_11.3.0.202008311133/tools/bin/../lib/gcc/arm-none-eabi/9.3.1/../../../../arm-none-eabi/lib/thumb/v6-m/nofp\libcr_c.a(fclose.o)
 .ARM.attributes
                0x000006eb       0x2c c:/nxp/mcuxpressoide_11.3.0_5222/ide/plugins/com.nxp.mcuxpresso.tools.win32_11.3.0.202008311133/tools/bin/../lib/gcc/arm-none-eabi/9.3.1/../../../../arm-none-eabi/lib/thumb/v6-m/nofp\libcr_c.a(fflush.o)
 .ARM.attributes
                0x00000717       0x2c c:/nxp/mcuxpressoide_11.3.0_5222/ide/plugins/com.nxp.mcuxpresso.tools.win32_11.3.0.202008311133/tools/bin/../lib/gcc/arm-none-eabi/9.3.1/../../../../arm-none-eabi/lib/thumb/v6-m/nofp\libcr_c.a(fseek.o)
 .ARM.attributes
                0x00000743       0x2c c:/nxp/mcuxpressoide_11.3.0_5222/ide/plugins/com.nxp.mcuxpresso.tools.win32_11.3.0.202008311133/tools/bin/../lib/gcc/arm-none-eabi/9.3.1/../../../../arm-none-eabi/lib/thumb/v6-m/nofp\libcr_c.a(ftell.o)
 .ARM.attributes
                0x0000076f       0x2c c:/nxp/mcuxpressoide_11.3.0_5222/ide/plugins/com.nxp.mcuxpresso.tools.win32_11.3.0.202008311133/tools/bin/../lib/gcc/arm-none-eabi/9.3.1/../../../../arm-none-eabi/lib/thumb/v6-m/nofp\libcr_c.a(remove.o)
 .ARM.attributes
                0x0000079b       0x2c c:/nxp/mcuxpressoide_11.3.0_5222/ide/plugins/com.nxp.mcuxpresso.tools.win32_11.3.0.202008311133/tools/bin/../lib/gcc/arm-none-eabi/9.3.1/../../../../arm-none-eabi/lib/thumb/v6-m/nofp\libcr_c.a(_cr_check_heap.o)
 .ARM.attributes
                0x000007c7       0x2c c:/nxp/mcuxpressoide_11.3.0_5222/ide/plugins/com.nxp.mcuxpresso.tools.win32_11.3.0.202008311133/tools/bin/../lib/gcc/arm-none-eabi/9.3.1/../../../../arm-none-eabi/lib/thumb/v6-m/nofp\libcr_c.a(_do_fflush.o)
 .ARM.attributes
                0x000007f3       0x1c c:/nxp/mcuxpressoide_11.3.0_5222/ide/plugins/com.nxp.mcuxpresso.tools.win32_11.3.0.202008311133/tools/bin/../lib/gcc/arm-none-eabi/9.3.1/thumb/v6-m/nofp\libcr_eabihelpers.a(division_32.o)
 .ARM.attributes
                0x0000080f       0x1c c:/nxp/mcuxpressoide_11.3.0_5222/ide/plugins/com.nxp.mcuxpresso.tools.win32_11.3.0.202008311133/tools/bin/../lib/gcc/arm-none-eabi/9.3.1/thumb/v6-m/nofp\libcr_eabihelpers.a(division_idiv0.o)
 .ARM.attributes
                0x0000082b       0x2c c:/nxp/mcuxpressoide_11.3.0_5222/ide/plugins/com.nxp.mcuxpresso.tools.win32_11.3.0.202008311133/tools/bin/../lib/gcc/arm-none-eabi/9.3.1/thumb/v6-m/nofp\libcr_eabihelpers.a(double.o)
 .ARM.attributes
                0x00000857       0x1c c:/nxp/mcuxpressoide_11.3.0_5222/ide/plugins/com.nxp.mcuxpresso.tools.win32_11.3.0.202008311133/tools/bin/../lib/gcc/arm-none-eabi/9.3.1/thumb/v6-m/nofp\libcr_eabihelpers.a(llong.o)
 .ARM.attributes
                0x00000873       0x1c c:/nxp/mcuxpressoide_11.3.0_5222/ide/plugins/com.nxp.mcuxpresso.tools.win32_11.3.0.202008311133/tools/bin/../lib/gcc/arm-none-eabi/9.3.1/thumb/v6-m/nofp\libcr_eabihelpers.a(memcpy.o)
 .ARM.attributes
                0x0000088f       0x1c c:/nxp/mcuxpressoide_11.3.0_5222/ide/plugins/com.nxp.mcuxpresso.tools.win32_11.3.0.202008311133/tools/bin/../lib/gcc/arm-none-eabi/9.3.1/thumb/v6-m/nofp\libcr_eabihelpers.a(thumb1_switch_helpers.o)
 .ARM.attributes
                0x000008ab       0x31 c:/nxp/mcuxpressoide_11.3.0_5222/ide/plugins/com.nxp.mcuxpresso.tools.win32_11.3.0.202008311133/tools/bin/../lib/gcc/arm-none-eabi/9.3.1/../../../../arm-none-eabi/lib/thumb/v6-m/nofp\libcr_nohost_nf.a(__ciob.o)
 .ARM.attributes
                0x000008dc       0x2c c:/nxp/mcuxpressoide_11.3.0_5222/ide/plugins/com.nxp.mcuxpresso.tools.win32_11.3.0.202008311133/tools/bin/../lib/gcc/arm-none-eabi/9.3.1/../../../../arm-none-eabi/lib/thumb/v6-m/nofp\libcr_nohost_nf.a(__sys_appexit.o)
 .ARM.attributes
                0x00000908       0x2c c:/nxp/mcuxpressoide_11.3.0_5222/ide/plugins/com.nxp.mcuxpresso.tools.win32_11.3.0.202008311133/tools/bin/../lib/gcc/arm-none-eabi/9.3.1/../../../../arm-none-eabi/lib/thumb/v6-m/nofp\libcr_nohost_nf.a(__sys_close.o)
 .ARM.attributes
                0x00000934       0x2c c:/nxp/mcuxpressoide_11.3.0_5222/ide/plugins/com.nxp.mcuxpresso.tools.win32_11.3.0.202008311133/tools/bin/../lib/gcc/arm-none-eabi/9.3.1/../../../../arm-none-eabi/lib/thumb/v6-m/nofp\libcr_nohost_nf.a(__sys_flen.o)
 .ARM.attributes
                0x00000960       0x2c c:/nxp/mcuxpressoide_11.3.0_5222/ide/plugins/com.nxp.mcuxpresso.tools.win32_11.3.0.202008311133/tools/bin/../lib/gcc/arm-none-eabi/9.3.1/../../../../arm-none-eabi/lib/thumb/v6-m/nofp\libcr_nohost_nf.a(__sys_istty.o)
 .ARM.attributes
                0x0000098c       0x2c c:/nxp/mcuxpressoide_11.3.0_5222/ide/plugins/com.nxp.mcuxpresso.tools.win32_11.3.0.202008311133/tools/bin/../lib/gcc/arm-none-eabi/9.3.1/../../../../arm-none-eabi/lib/thumb/v6-m/nofp\libcr_nohost_nf.a(__sys_remove.o)
 .ARM.attributes
                0x000009b8       0x2c c:/nxp/mcuxpressoide_11.3.0_5222/ide/plugins/com.nxp.mcuxpresso.tools.win32_11.3.0.202008311133/tools/bin/../lib/gcc/arm-none-eabi/9.3.1/../../../../arm-none-eabi/lib/thumb/v6-m/nofp\libcr_nohost_nf.a(__sys_seek.o)
 .ARM.attributes
                0x000009e4       0x2c c:/nxp/mcuxpressoide_11.3.0_5222/ide/plugins/com.nxp.mcuxpresso.tools.win32_11.3.0.202008311133/tools/bin/../lib/gcc/arm-none-eabi/9.3.1/../../../../arm-none-eabi/lib/thumb/v6-m/nofp\libcr_nohost_nf.a(__sys_tmpnam.o)
 .ARM.attributes
                0x00000a10       0x2c c:/nxp/mcuxpressoide_11.3.0_5222/ide/plugins/com.nxp.mcuxpresso.tools.win32_11.3.0.202008311133/tools/bin/../lib/gcc/arm-none-eabi/9.3.1/../../../../arm-none-eabi/lib/thumb/v6-m/nofp\libcr_nohost_nf.a(__sys_write.o)

.debug_frame    0x00000000     0x14cc
 .debug_frame   0x00000000       0x28 ./utilities/fsl_assert.o
 .debug_frame   0x00000028       0xdc ./utilities/fsl_debug_console.o
 .debug_frame   0x00000104       0x48 ./timer/timer.o
 .debug_frame   0x0000014c      0x3b0 ./startup/startup_lpc812.o
 .debug_frame   0x000004fc       0xa8 ./source/Main_NTAG_THMS.o
 .debug_frame   0x000005a4       0x20 ./source/semihost_hardfault.o
 .debug_frame   0x000005c4      0x1b8 ./drivers/fsl_clock.o
 .debug_frame   0x0000077c       0x44 ./drivers/fsl_gpio.o
 .debug_frame   0x000007c0      0x1d0 ./drivers/fsl_i2c.o
 .debug_frame   0x00000990       0x28 ./drivers/fsl_reset.o
 .debug_frame   0x000009b8       0x40 ./drivers/fsl_swm.o
 .debug_frame   0x000009f8      0x260 ./drivers/fsl_usart.o
 .debug_frame   0x00000c58       0x54 ./device/system_LPC812.o
 .debug_frame   0x00000cac       0xac ./component/uart/fsl_adapter_miniusart.o
 .debug_frame   0x00000d58       0x28 ./board/board.o
 .debug_frame   0x00000d80       0x88 ./board/clock_config.o
 .debug_frame   0x00000e08       0x44 ./board/pin_mux.o
 .debug_frame   0x00000e4c       0x68 ./THMS/THMS.o
 .debug_frame   0x00000eb4      0x11c ./THMS/thms_2_ndef.o
 .debug_frame   0x00000fd0      0x1f0 ./NTAG/NTAG.o
 .debug_frame   0x000011c0      0x170 ./NDEF_Parse/ndef_parse.o
 .debug_frame   0x00001330      0x19c ./ADS1115/ads1115.o

Cross Reference Table

Symbol                                            File
ADS1115_changeI2CAddress                          ./ADS1115/ads1115.o
ADS1115_getGainAmplification_inpv                 ./ADS1115/ads1115.o
ADS1115_getLastConversionResults                  ./ADS1115/ads1115.o
ADS1115_getSamplingPeriod_us                      ./ADS1115/ads1115.o
                                                  ./THMS/THMS.o
ADS1115_getSingleConversion                       ./ADS1115/ads1115.o
ADS1115_get_THMS_TimeMeasurementValue_array       ./ADS1115/ads1115.o
                                                  ./THMS/THMS.o
ADS1115_sendConfig                                ./ADS1115/ads1115.o
ADS1115_setConversionMode                         ./ADS1115/ads1115.o
ADS1115_setDataRate                               ./ADS1115/ads1115.o
                                                  ./THMS/THMS.o
ADS1115_setGain                                   ./ADS1115/ads1115.o
                                                  ./THMS/THMS.o
ADS1115_setMUX                                    ./ADS1115/ads1115.o
ADS1115_setXYSamplingCorrectionTime               ./ADS1115/ads1115.o
ADS1115_startContinuous                           ./ADS1115/ads1115.o
ADS1115_stopContiuous                             ./ADS1115/ads1115.o
ADS1115_useAlertPin                               ./ADS1115/ads1115.o
                                                  ./THMS/THMS.o
BOARD_BootClockIRC12M                             ./board/clock_config.o
                                                  ./source/Main_NTAG_THMS.o
BOARD_BootClockPll12M                             ./board/clock_config.o
BOARD_BootClockPll24M                             ./board/clock_config.o
BOARD_InitBootClocks                              ./board/clock_config.o
BOARD_InitBootPins                                ./board/pin_mux.o
BOARD_InitDebugConsole                            ./board/board.o
                                                  ./source/Main_NTAG_THMS.o
BOARD_InitPins                                    ./board/pin_mux.o
                                                  ./source/Main_NTAG_THMS.o
BOD_DriverIRQHandler                              ./startup/startup_lpc812.o
BOD_IRQHandler                                    ./startup/startup_lpc812.o
CLOCK_GetClockOutClkFreq                          ./drivers/fsl_clock.o
CLOCK_GetFreq                                     ./drivers/fsl_clock.o
CLOCK_GetIrcFreq                                  ./drivers/fsl_clock.o
CLOCK_GetMainClkFreq                              ./drivers/fsl_clock.o
                                                  ./board/board.o
CLOCK_GetSysOscFreq                               ./drivers/fsl_clock.o
CLOCK_GetSystemPLLInClockRate                     ./drivers/fsl_clock.o
CLOCK_GetUart0ClkFreq                             ./drivers/fsl_clock.o
CLOCK_GetUart1ClkFreq                             ./drivers/fsl_clock.o
CLOCK_GetUart2ClkFreq                             ./drivers/fsl_clock.o
CLOCK_GetUartClkFreq                              ./drivers/fsl_clock.o
CLOCK_InitExtClkin                                ./drivers/fsl_clock.o
CLOCK_InitSysOsc                                  ./drivers/fsl_clock.o
CLOCK_InitSystemPll                               ./drivers/fsl_clock.o
                                                  ./board/clock_config.o
CLOCK_InitWdtOsc                                  ./drivers/fsl_clock.o
CLOCK_InitXtalin                                  ./drivers/fsl_clock.o
CLOCK_SetMainClkSrc                               ./drivers/fsl_clock.o
                                                  ./board/clock_config.o
CLOCK_SetUARTFRGClkFreq                           ./drivers/fsl_clock.o
CLOCK_UpdateClkOUTsrc                             ./drivers/fsl_clock.o
                                                  ./board/clock_config.o
CMP_DriverIRQHandler                              ./startup/startup_lpc812.o
CMP_IRQHandler                                    ./startup/startup_lpc812.o
CRP_WORD                                          ./startup/startup_lpc812.o
DR_Settings                                       ./ADS1115/ads1115.o
DbgConsole_Deinit                                 ./utilities/fsl_debug_console.o
DbgConsole_Getchar                                ./utilities/fsl_debug_console.o
DbgConsole_Init                                   ./utilities/fsl_debug_console.o
                                                  ./board/board.o
DbgConsole_Printf                                 ./utilities/fsl_debug_console.o
                                                  ./THMS/THMS.o
                                                  ./source/Main_NTAG_THMS.o
                                                  ./utilities/fsl_assert.o
DbgConsole_Putchar                                ./utilities/fsl_debug_console.o
DbgConsole_Scanf                                  ./utilities/fsl_debug_console.o
DisableDeepSleepIRQ                               ./drivers/fsl_power.o
EnableDeepSleepIRQ                                ./drivers/fsl_power.o
ExtClockIn                                        ./board/board.o
GPIO_PinInit                                      ./drivers/fsl_gpio.o
                                                  ./THMS/THMS.o
GPIO_PortInit                                     ./drivers/fsl_gpio.o
                                                  ./THMS/THMS.o
HAL_UartDeinit                                    ./component/uart/fsl_adapter_miniusart.o
                                                  ./utilities/fsl_debug_console.o
HAL_UartEnterLowpower                             ./component/uart/fsl_adapter_miniusart.o
HAL_UartExitLowpower                              ./component/uart/fsl_adapter_miniusart.o
HAL_UartInit                                      ./component/uart/fsl_adapter_miniusart.o
                                                  ./utilities/fsl_debug_console.o
HAL_UartReceiveBlocking                           ./component/uart/fsl_adapter_miniusart.o
                                                  ./utilities/fsl_debug_console.o
HAL_UartSendBlocking                              ./component/uart/fsl_adapter_miniusart.o
                                                  ./utilities/fsl_debug_console.o
HardFault_Handler                                 ./source/semihost_hardfault.o
                                                  ./startup/startup_lpc812.o
I2C0_DriverIRQHandler                             ./startup/startup_lpc812.o
I2C0_IRQHandler                                   ./startup/startup_lpc812.o
I2C_GetInstance                                   ./drivers/fsl_i2c.o
I2C_MasterDeinit                                  ./drivers/fsl_i2c.o
I2C_MasterGetDefaultConfig                        ./drivers/fsl_i2c.o
                                                  ./source/Main_NTAG_THMS.o
I2C_MasterInit                                    ./drivers/fsl_i2c.o
                                                  ./source/Main_NTAG_THMS.o
I2C_MasterReadBlocking                            ./drivers/fsl_i2c.o
                                                  ./ADS1115/ads1115.o
                                                  ./NTAG/NTAG.o
I2C_MasterSetBaudRate                             ./drivers/fsl_i2c.o
I2C_MasterStart                                   ./drivers/fsl_i2c.o
                                                  ./ADS1115/ads1115.o
                                                  ./NTAG/NTAG.o
I2C_MasterStop                                    ./drivers/fsl_i2c.o
                                                  ./ADS1115/ads1115.o
                                                  ./NTAG/NTAG.o
I2C_MasterTransferBlocking                        ./drivers/fsl_i2c.o
I2C_MasterWriteBlocking                           ./drivers/fsl_i2c.o
                                                  ./ADS1115/ads1115.o
                                                  ./NTAG/NTAG.o
I2C_SlaveDeinit                                   ./drivers/fsl_i2c.o
I2C_SlaveGetDefaultConfig                         ./drivers/fsl_i2c.o
I2C_SlaveInit                                     ./drivers/fsl_i2c.o
I2C_SlaveReadBlocking                             ./drivers/fsl_i2c.o
I2C_SlaveSetAddress                               ./drivers/fsl_i2c.o
I2C_SlaveWriteBlocking                            ./drivers/fsl_i2c.o
IntDefaultHandler                                 ./startup/startup_lpc812.o
MRT0_DriverIRQHandler                             ./startup/startup_lpc812.o
MRT0_IRQHandler                                   ./startup/startup_lpc812.o
NMI_Handler                                       ./startup/startup_lpc812.o
PGA_Settings                                      ./ADS1115/ads1115.o
PIN_INT0_DriverIRQHandler                         ./startup/startup_lpc812.o
PIN_INT0_IRQHandler                               ./startup/startup_lpc812.o
PIN_INT1_DriverIRQHandler                         ./startup/startup_lpc812.o
PIN_INT1_IRQHandler                               ./startup/startup_lpc812.o
PIN_INT2_DriverIRQHandler                         ./startup/startup_lpc812.o
PIN_INT2_IRQHandler                               ./startup/startup_lpc812.o
PIN_INT3_DriverIRQHandler                         ./startup/startup_lpc812.o
PIN_INT3_IRQHandler                               ./startup/startup_lpc812.o
PIN_INT4_DriverIRQHandler                         ./startup/startup_lpc812.o