Archive member included to satisfy reference by file (symbol)

c:/nxp/mcuxpressoide_11.3.0_5222/ide/plugins/com.nxp.mcuxpresso.tools.win32_11.3.0.202008311133/tools/bin/../lib/gcc/arm-none-eabi/9.3.1/../../../../arm-none-eabi/lib/thumb/v6-m/nofp\libcr_nohost_nf.a(_cr__main.o)
                              ./startup/startup_lpc812.o (__main)
c:/nxp/mcuxpressoide_11.3.0_5222/ide/plugins/com.nxp.mcuxpresso.tools.win32_11.3.0.202008311133/tools/bin/../lib/gcc/arm-none-eabi/9.3.1/../../../../arm-none-eabi/lib/thumb/v6-m/nofp\libcr_c.a(memcpy.o)
                              ./drivers/fsl_i2c.o (memcpy)
c:/nxp/mcuxpressoide_11.3.0_5222/ide/plugins/com.nxp.mcuxpresso.tools.win32_11.3.0.202008311133/tools/bin/../lib/gcc/arm-none-eabi/9.3.1/../../../../arm-none-eabi/lib/thumb/v6-m/nofp\libcr_c.a(memset.o)
                              ./drivers/fsl_i2c.o (memset)
c:/nxp/mcuxpressoide_11.3.0_5222/ide/plugins/com.nxp.mcuxpresso.tools.win32_11.3.0.202008311133/tools/bin/../lib/gcc/arm-none-eabi/9.3.1/../../../../arm-none-eabi/lib/thumb/v6-m/nofp\libcr_c.a(alloc.o)
                              ./drivers/fsl_common.o (malloc)
c:/nxp/mcuxpressoide_11.3.0_5222/ide/plugins/com.nxp.mcuxpresso.tools.win32_11.3.0.202008311133/tools/bin/../lib/gcc/arm-none-eabi/9.3.1/../../../../arm-none-eabi/lib/thumb/v6-m/nofp\libcr_c.a(initio.o)
                              c:/nxp/mcuxpressoide_11.3.0_5222/ide/plugins/com.nxp.mcuxpresso.tools.win32_11.3.0.202008311133/tools/bin/../lib/gcc/arm-none-eabi/9.3.1/../../../../arm-none-eabi/lib/thumb/v6-m/nofp\libcr_nohost_nf.a(_cr__main.o) (_initio)
c:/nxp/mcuxpressoide_11.3.0_5222/ide/plugins/com.nxp.mcuxpresso.tools.win32_11.3.0.202008311133/tools/bin/../lib/gcc/arm-none-eabi/9.3.1/../../../../arm-none-eabi/lib/thumb/v6-m/nofp\libcr_c.a(setvbuf.o)
                              c:/nxp/mcuxpressoide_11.3.0_5222/ide/plugins/com.nxp.mcuxpresso.tools.win32_11.3.0.202008311133/tools/bin/../lib/gcc/arm-none-eabi/9.3.1/../../../../arm-none-eabi/lib/thumb/v6-m/nofp\libcr_c.a(initio.o) (setvbuf)
c:/nxp/mcuxpressoide_11.3.0_5222/ide/plugins/com.nxp.mcuxpresso.tools.win32_11.3.0.202008311133/tools/bin/../lib/gcc/arm-none-eabi/9.3.1/../../../../arm-none-eabi/lib/thumb/v6-m/nofp\libcr_c.a(strlen.o)
                              ./utilities/fsl_debug_console.o (strlen)
c:/nxp/mcuxpressoide_11.3.0_5222/ide/plugins/com.nxp.mcuxpresso.tools.win32_11.3.0.202008311133/tools/bin/../lib/gcc/arm-none-eabi/9.3.1/../../../../arm-none-eabi/lib/thumb/v6-m/nofp\libcr_c.a(__init_alloc.o)
                              c:/nxp/mcuxpressoide_11.3.0_5222/ide/plugins/com.nxp.mcuxpresso.tools.win32_11.3.0.202008311133/tools/bin/../lib/gcc/arm-none-eabi/9.3.1/../../../../arm-none-eabi/lib/thumb/v6-m/nofp\libcr_c.a(alloc.o) (__heaps)
c:/nxp/mcuxpressoide_11.3.0_5222/ide/plugins/com.nxp.mcuxpresso.tools.win32_11.3.0.202008311133/tools/bin/../lib/gcc/arm-none-eabi/9.3.1/../../../../arm-none-eabi/lib/thumb/v6-m/nofp\libcr_c.a(_cr_sbrk.o)
                              c:/nxp/mcuxpressoide_11.3.0_5222/ide/plugins/com.nxp.mcuxpresso.tools.win32_11.3.0.202008311133/tools/bin/../lib/gcc/arm-none-eabi/9.3.1/../../../../arm-none-eabi/lib/thumb/v6-m/nofp\libcr_c.a(alloc.o) (_sbrk)
c:/nxp/mcuxpressoide_11.3.0_5222/ide/plugins/com.nxp.mcuxpresso.tools.win32_11.3.0.202008311133/tools/bin/../lib/gcc/arm-none-eabi/9.3.1/../../../../arm-none-eabi/lib/thumb/v6-m/nofp\libcr_c.a(_fdopen.o)
                              c:/nxp/mcuxpressoide_11.3.0_5222/ide/plugins/com.nxp.mcuxpresso.tools.win32_11.3.0.202008311133/tools/bin/../lib/gcc/arm-none-eabi/9.3.1/../../../../arm-none-eabi/lib/thumb/v6-m/nofp\libcr_c.a(initio.o) (_fdopen)
c:/nxp/mcuxpressoide_11.3.0_5222/ide/plugins/com.nxp.mcuxpresso.tools.win32_11.3.0.202008311133/tools/bin/../lib/gcc/arm-none-eabi/9.3.1/../../../../arm-none-eabi/lib/thumb/v6-m/nofp\libcr_c.a(errno.o)
                              c:/nxp/mcuxpressoide_11.3.0_5222/ide/plugins/com.nxp.mcuxpresso.tools.win32_11.3.0.202008311133/tools/bin/../lib/gcc/arm-none-eabi/9.3.1/../../../../arm-none-eabi/lib/thumb/v6-m/nofp\libcr_c.a(_cr_sbrk.o) (errno)
c:/nxp/mcuxpressoide_11.3.0_5222/ide/plugins/com.nxp.mcuxpresso.tools.win32_11.3.0.202008311133/tools/bin/../lib/gcc/arm-none-eabi/9.3.1/../../../../arm-none-eabi/lib/thumb/v6-m/nofp\libcr_c.a(fclose.o)
                              c:/nxp/mcuxpressoide_11.3.0_5222/ide/plugins/com.nxp.mcuxpresso.tools.win32_11.3.0.202008311133/tools/bin/../lib/gcc/arm-none-eabi/9.3.1/../../../../arm-none-eabi/lib/thumb/v6-m/nofp\libcr_c.a(initio.o) (fclose)
c:/nxp/mcuxpressoide_11.3.0_5222/ide/plugins/com.nxp.mcuxpresso.tools.win32_11.3.0.202008311133/tools/bin/../lib/gcc/arm-none-eabi/9.3.1/../../../../arm-none-eabi/lib/thumb/v6-m/nofp\libcr_c.a(fflush.o)
                              c:/nxp/mcuxpressoide_11.3.0_5222/ide/plugins/com.nxp.mcuxpresso.tools.win32_11.3.0.202008311133/tools/bin/../lib/gcc/arm-none-eabi/9.3.1/../../../../arm-none-eabi/lib/thumb/v6-m/nofp\libcr_c.a(fclose.o) (fflush)
[...]
Memory Configuration

Name             Origin             Length             Attributes
PROGRAM_FLASH    0x00000000         0x00004000         xr
SRAM             0x10000000         0x00000fe0         xrw
IAP_SRAM         0x10000fe0         0x00000020         xrw
*default*        0x00000000         0xffffffff

Linker script and memory map

LOAD ./utilities/fsl_assert.o
LOAD ./utilities/fsl_debug_console.o
LOAD ./startup/startup_lpc812.o
LOAD ./source/Main_WCN_THMS.o
LOAD ./source/mtb.o
LOAD ./source/semihost_hardfault.o
LOAD ./drivers/fsl_clock.o
LOAD ./drivers/fsl_common.o
LOAD ./drivers/fsl_gpio.o
LOAD ./drivers/fsl_i2c.o
LOAD ./drivers/fsl_power.o
LOAD ./drivers/fsl_reset.o
LOAD ./drivers/fsl_swm.o
LOAD ./drivers/fsl_syscon.o
LOAD ./drivers/fsl_usart.o
LOAD ./device/system_LPC812.o
LOAD ./component/uart/fsl_adapter_miniusart.o
LOAD ./board/board.o
LOAD ./board/clock_config.o
LOAD ./board/pin_mux.o
LOAD ./NTAG/NTAG.o
START GROUP
LOAD c:/nxp/mcuxpressoide_11.3.0_5222/ide/plugins/com.nxp.mcuxpresso.tools.win32_11.3.0.202008311133/tools/bin/../lib/gcc/arm-none-eabi/9.3.1/../../../../arm-none-eabi/lib/thumb/v6-m/nofp\libcr_nohost_nf.a
LOAD c:/nxp/mcuxpressoide_11.3.0_5222/ide/plugins/com.nxp.mcuxpresso.tools.win32_11.3.0.202008311133/tools/bin/../lib/gcc/arm-none-eabi/9.3.1/../../../../arm-none-eabi/lib/thumb/v6-m/nofp\libcr_c.a
LOAD c:/nxp/mcuxpressoide_11.3.0_5222/ide/plugins/com.nxp.mcuxpresso.tools.win32_11.3.0.202008311133/tools/bin/../lib/gcc/arm-none-eabi/9.3.1/thumb/v6-m/nofp\libcr_eabihelpers.a
LOAD c:/nxp/mcuxpressoide_11.3.0_5222/ide/plugins/com.nxp.mcuxpresso.tools.win32_11.3.0.202008311133/tools/bin/../lib/gcc/arm-none-eabi/9.3.1/thumb/v6-m/nofp\libgcc.a
END GROUP
                0x00000000                __base_PROGRAM_FLASH = 0x0
                0x00000000                __base_Flash = 0x0
                0x00004000                __top_PROGRAM_FLASH = 0x4000
                0x00004000                __top_Flash = 0x4000
                0x10000000                __base_SRAM = 0x10000000
                0x10000000                __base_RAM = 0x10000000
                0x10000fe0                __top_SRAM = 0x10000fe0
                0x10000fe0                __top_RAM = 0x10000fe0
                0x10000fe0                __base_IAP_SRAM = 0x10000fe0
                0x10000fe0                __base_RAM2 = 0x10000fe0
                0x10001000                __top_IAP_SRAM = 0x10001000
                0x10001000                __top_RAM2 = 0x10001000

.text           0x00000000     0x2cf0
 FILL mask 0xff
                0x00000000                __vectors_start__ = ABSOLUTE (.)
 *(SORT_BY_ALIGNMENT(.isr_vector))
 .isr_vector    0x00000000       0xc0 ./startup/startup_lpc812.o
                0x00000000                g_pfnVectors
                0x00000000                __Vectors
                0x000000c0                . = ALIGN (0x4)
                0x000000c0                __section_table_start = .
                0x000000c0                __data_section_table = .
                0x000000c0        0x4 LONG 0x2cf0 LOADADDR (.data)
                0x000000c4        0x4 LONG 0x10000080 ADDR (.data)
                0x000000c8        0x4 LONG 0x4 SIZEOF (.data)
                0x000000cc        0x4 LONG 0x2cf0 LOADADDR (.data_RAM2)
                0x000000d0        0x4 LONG 0x10000fe0 ADDR (.data_RAM2)
                0x000000d4        0x4 LONG 0x0 SIZEOF (.data_RAM2)
                0x000000d8                __data_section_table_end = .
                0x000000d8                __bss_section_table = .
                0x000000d8        0x4 LONG 0x10000084 ADDR (.bss)
                0x000000dc        0x4 LONG 0x104 SIZEOF (.bss)
                0x000000e0        0x4 LONG 0x10000fe0 ADDR (.bss_RAM2)
                0x000000e4        0x4 LONG 0x0 SIZEOF (.bss_RAM2)
                0x000000e8                __bss_section_table_end = .
                0x000000e8                __section_table_end = .
 *(SORT_BY_ALIGNMENT(.after_vectors*))
 .after_vectors.reset
                0x000000e8       0x58 ./startup/startup_lpc812.o
                0x000000e8                ResetISR
 .after_vectors.init_data
                0x00000140       0x12 ./startup/startup_lpc812.o
                0x00000140                data_init
 .after_vectors.init_bss
                0x00000152       0x10 ./startup/startup_lpc812.o
                0x00000152                bss_init
 .after_vectors
                0x00000162      0x10c ./startup/startup_lpc812.o
                0x00000162                NMI_Handler
                0x00000166                SVC_Handler
                0x00000168                PendSV_Handler
                0x0000016a                SysTick_Handler
                0x0000016c                Reserved37_DriverIRQHandler
                0x0000016c                SPI1_DriverIRQHandler
                0x0000016c                SPI0_DriverIRQHandler
                0x0000016c                Reserved39_DriverIRQHandler
                0x0000016c                Reserved33_DriverIRQHandler
                0x0000016c                I2C0_DriverIRQHandler
                0x0000016c                SCT0_DriverIRQHandler
                0x0000016c                PIN_INT3_DriverIRQHandler
                0x0000016c                PIN_INT2_DriverIRQHandler
                0x0000016c                CMP_DriverIRQHandler
                0x0000016c                BOD_DriverIRQHandler
                0x0000016c                Reserved36_DriverIRQHandler
                0x0000016c                PIN_INT0_DriverIRQHandler
                0x0000016c                Reserved35_DriverIRQHandler
                0x0000016c                Reserved23_DriverIRQHandler
                0x0000016c                Reserved34_DriverIRQHandler
                0x0000016c                PIN_INT1_DriverIRQHandler
                0x0000016c                IntDefaultHandler
                0x0000016c                WDT_DriverIRQHandler
                0x0000016c                Reserved18_DriverIRQHandler
                0x0000016c                WKT_DriverIRQHandler
                0x0000016c                MRT0_DriverIRQHandler
                0x0000016c                PIN_INT4_DriverIRQHandler
                0x0000016c                PIN_INT5_DriverIRQHandler
                0x0000016c                PIN_INT6_DriverIRQHandler
                0x0000016c                PIN_INT7_DriverIRQHandler
                0x0000016c                Reserved38_DriverIRQHandler
                0x0000016c                Reserved30_DriverIRQHandler
                0x0000016c                Reserved22_DriverIRQHandler
                0x0000016c                Reserved32_DriverIRQHandler
                0x0000016e                SPI0_IRQHandler
                0x00000176                SPI1_IRQHandler
                0x0000017e                Reserved18_IRQHandler
                0x00000186                USART0_IRQHandler
                0x0000018e                USART1_IRQHandler
                0x00000196                USART2_IRQHandler
                0x0000019e                Reserved22_IRQHandler
                0x000001a6                Reserved23_IRQHandler
                0x000001ae                I2C0_IRQHandler
                0x000001b6                SCT0_IRQHandler
                0x000001be                MRT0_IRQHandler
                0x000001c6                CMP_IRQHandler
                0x000001ce                WDT_IRQHandler
                0x000001d6                BOD_IRQHandler
                0x000001de                Reserved30_IRQHandler
                0x000001e6                WKT_IRQHandler
                0x000001ee                Reserved32_IRQHandler
                0x000001f6                Reserved33_IRQHandler
                0x000001fe                Reserved34_IRQHandler
                0x00000206                Reserved35_IRQHandler
                0x0000020e                Reserved36_IRQHandler
                0x00000216                Reserved37_IRQHandler
                0x0000021e                Reserved38_IRQHandler
                0x00000226                Reserved39_IRQHandler
                0x0000022e                PIN_INT0_IRQHandler
                0x00000236                PIN_INT1_IRQHandler
                0x0000023e                PIN_INT2_IRQHandler
                0x00000246                PIN_INT3_IRQHandler
                0x0000024e                PIN_INT4_IRQHandler
                0x00000256                PIN_INT5_IRQHandler
                0x0000025e                PIN_INT6_IRQHandler
                0x00000266                PIN_INT7_IRQHandler
                0x000002fc                . = 0x2fc
 *fill*         0x0000026e       0x8e ff
                0x000002fc                PROVIDE (__CRP_WORD_START__ = .)
 *(SORT_BY_ALIGNMENT(.crp))
 .crp           0x000002fc        0x4 ./startup/startup_lpc812.o
                0x000002fc                CRP_WORD
                0x00000300                PROVIDE (__CRP_WORD_END__ = .)
                0x00000001                ASSERT (! ((__CRP_WORD_START__ == __CRP_WORD_END__)), Linker CRP Enabled, but no CRP_WORD provided within application)
 *(SORT_BY_ALIGNMENT(.text*))
 .text.__assertion_failed
                0x00000300       0x1c ./utilities/fsl_assert.o
                0x00000300                __assertion_failed
 .text.DbgConsole_Init
                0x0000031c       0x9c ./utilities/fsl_debug_console.o
                0x0000031c                DbgConsole_Init
 .text.DbgConsole_Printf
                0x000003b8       0x44 ./utilities/fsl_debug_console.o
                0x000003b8                DbgConsole_Printf
 .text.DbgConsole_Putchar
                0x000003fc       0x30 ./utilities/fsl_debug_console.o
                0x000003fc                DbgConsole_Putchar
 .text.CLOCK_EnableClock
                0x0000042c       0x30 ./source/Main_WCN_THMS.o
 .text.CLOCK_Select
                0x0000045c       0x38 ./source/Main_WCN_THMS.o
 .text.CLOCK_SetClkDivider
                0x00000494       0x30 ./source/Main_WCN_THMS.o
 .text.main     0x000004c4      0x114 ./source/Main_WCN_THMS.o
                0x000004c4                main
 .text.HardFault_Handler
                0x000005d8       0x30 ./source/semihost_hardfault.o
                0x000005d8                HardFault_Handler
 .text.CLOCK_GetSystemPLLFreq
                0x00000608       0x20 ./drivers/fsl_clock.o
 .text.CLOCK_GetWdtOscFreq
                0x00000628       0x14 ./drivers/fsl_clock.o
 .text.CLOCK_GetExtClkFreq
                0x0000063c       0x14 ./drivers/fsl_clock.o
 .text.CLOCK_UpdateClkSrc
                0x00000650       0x4c ./drivers/fsl_clock.o
 .text.CLOCK_GetIrcFreq
                0x0000069c       0x10 ./drivers/fsl_clock.o
                0x0000069c                CLOCK_GetIrcFreq
 .text.CLOCK_GetSysOscFreq
                0x000006ac       0x30 ./drivers/fsl_clock.o
                0x000006ac                CLOCK_GetSysOscFreq
 .text.CLOCK_GetMainClkFreq
                0x000006dc       0x60 ./drivers/fsl_clock.o
                0x000006dc                CLOCK_GetMainClkFreq
 .text.CLOCK_GetSystemPLLInClockRate
                0x0000073c       0x54 ./drivers/fsl_clock.o
                0x0000073c                CLOCK_GetSystemPLLInClockRate
 .text.findSyestemPllPsel
                0x00000790       0x50 ./drivers/fsl_clock.o
 .text.CLOCK_InitSystemPll
                0x000007e0      0x110 ./drivers/fsl_clock.o
                0x000007e0                CLOCK_InitSystemPll
 .text.CLOCK_SetMainClkSrc
                0x000008f0       0x6c ./drivers/fsl_clock.o
                0x000008f0                CLOCK_SetMainClkSrc
 .text.CLOCK_UpdateClkOUTsrc
                0x0000095c       0x18 ./drivers/fsl_clock.o
                0x0000095c                CLOCK_UpdateClkOUTsrc
 .text.CLOCK_EnableClock
                0x00000974       0x30 ./drivers/fsl_i2c.o
 .text.I2C_GetInstance
                0x000009a4       0x48 ./drivers/fsl_i2c.o
                0x000009a4                I2C_GetInstance
 .text.I2C_MasterGetDefaultConfig
                0x000009ec       0x34 ./drivers/fsl_i2c.o
                0x000009ec                I2C_MasterGetDefaultConfig
 .text.I2C_MasterInit
                0x00000a20       0x58 ./drivers/fsl_i2c.o
                0x00000a20                I2C_MasterInit
 .text.I2C_MasterStart
                0x00000a78       0x54 ./drivers/fsl_i2c.o
                0x00000a78                I2C_MasterStart
 .text.I2C_MasterStop
                0x00000acc       0x30 ./drivers/fsl_i2c.o
                0x00000acc                I2C_MasterStop
 .text.I2C_MasterWriteBlocking
                0x00000afc      0x114 ./drivers/fsl_i2c.o
                0x00000afc                I2C_MasterWriteBlocking
 .text.I2C_MasterReadBlocking
                0x00000c10       0xf4 ./drivers/fsl_i2c.o
                0x00000c10                I2C_MasterReadBlocking
 .text.RESET_SetPeripheralReset
                0x00000d04       0x48 ./drivers/fsl_reset.o
 .text.RESET_ClearPeripheralReset
                0x00000d4c       0x48 ./drivers/fsl_reset.o
 .text.SWM_SetMovablePinSelect
                0x00000d94       0x98 ./drivers/fsl_swm.o
                0x00000d94                SWM_SetMovablePinSelect
 .text.CLOCK_EnableClock
                0x00000e2c       0x30 ./drivers/fsl_usart.o
 .text.USART_EnableContinuousSCLK
                0x00000e5c       0x40 ./drivers/fsl_usart.o
 .text.USART_GetInstance
                0x00000e9c       0x4c ./drivers/fsl_usart.o
                0x00000e9c                USART_GetInstance
 .text.USART_Init
                0x00000ee8      0x12c ./drivers/fsl_usart.o
                0x00000ee8                USART_Init
 .text.USART_GetDefaultConfig
                0x00001014       0x74 ./drivers/fsl_usart.o
                0x00001014                USART_GetDefaultConfig
 .text.USART_SetBaudRate
                0x00001088       0xac ./drivers/fsl_usart.o
                0x00001088                USART_SetBaudRate
 .text.USART_WriteBlocking
                0x00001134       0x64 ./drivers/fsl_usart.o
                0x00001134                USART_WriteBlocking
 .text.USART_ReadBlocking
                0x00001198       0xc0 ./drivers/fsl_usart.o
                0x00001198                USART_ReadBlocking
 .text.USART0_DriverIRQHandler
                0x00001258       0x24 ./drivers/fsl_usart.o
                0x00001258                USART0_DriverIRQHandler
 .text.USART1_DriverIRQHandler
                0x0000127c       0x24 ./drivers/fsl_usart.o
                0x0000127c                USART1_DriverIRQHandler
 .text.USART2_DriverIRQHandler
                0x000012a0       0x24 ./drivers/fsl_usart.o
                0x000012a0                USART2_DriverIRQHandler
 .text.SystemInit
                0x000012c4       0x2c ./device/system_LPC812.o
                0x000012c4                SystemInit
 .text.HAL_UartGetStatus
                0x000012f0       0x20 ./component/uart/fsl_adapter_miniusart.o
 .text.HAL_UartInit
                0x00001310      0x11c ./component/uart/fsl_adapter_miniusart.o
                0x00001310                HAL_UartInit
 .text.HAL_UartReceiveBlocking
                0x0000142c       0x78 ./component/uart/fsl_adapter_miniusart.o
                0x0000142c                HAL_UartReceiveBlocking
 .text.HAL_UartSendBlocking
                0x000014a4       0x6c ./component/uart/fsl_adapter_miniusart.o
                0x000014a4                HAL_UartSendBlocking
 .text.CLOCK_EnableClock
                0x00001510       0x30 ./board/board.o
 .text.CLOCK_SetClkDivider
                0x00001540       0x30 ./board/board.o
 .text.BOARD_InitDebugConsole
                0x00001570       0x50 ./board/board.o
                0x00001570                BOARD_InitDebugConsole
 .text.CLOCK_Select
                0x000015c0       0x38 ./board/clock_config.o
 .text.CLOCK_SetCoreSysClkDiv
                0x000015f8       0x3c ./board/clock_config.o
 .text.POWER_DisablePD
                0x00001634       0x2c ./board/clock_config.o
 .text.BOARD_BootClockIRC12M
                0x00001660       0x68 ./board/clock_config.o
                0x00001660                BOARD_BootClockIRC12M
 .text.CLOCK_EnableClock
                0x000016c8       0x30 ./board/pin_mux.o
 .text.CLOCK_DisableClock
                0x000016f8       0x34 ./board/pin_mux.o
 .text.BOARD_InitPins
                0x0000172c       0x4c ./board/pin_mux.o
                0x0000172c                BOARD_InitPins
 .text.inti_ntag
                0x00001778       0x30 ./NTAG/NTAG.o
                0x00001778                inti_ntag
 .text.config_i2c
                0x000017a8       0x28 ./NTAG/NTAG.o
 .text.read_i2c_with_command
                0x000017d0       0xa4 ./NTAG/NTAG.o
 .text._initio  0x00001874       0x7c c:/nxp/mcuxpressoide_11.3.0_5222/ide/plugins/com.nxp.mcuxpresso.tools.win32_11.3.0.202008311133/tools/bin/../lib/gcc/arm-none-eabi/9.3.1/../../../../arm-none-eabi/lib/thumb/v6-m/nofp\libcr_c.a(initio.o)
                0x00001874                _initio
 .text.setvbuf  0x000018f0       0x4c c:/nxp/mcuxpressoide_11.3.0_5222/ide/plugins/com.nxp.mcuxpresso.tools.win32_11.3.0.202008311133/tools/bin/../lib/gcc/arm-none-eabi/9.3.1/../../../../arm-none-eabi/lib/thumb/v6-m/nofp\libcr_c.a(setvbuf.o)
                0x000018f0                setvbuf
 .text.strlen   0x0000193c       0x58 c:/nxp/mcuxpressoide_11.3.0_5222/ide/plugins/com.nxp.mcuxpresso.tools.win32_11.3.0.202008311133/tools/bin/../lib/gcc/arm-none-eabi/9.3.1/../../../../arm-none-eabi/lib/thumb/v6-m/nofp\libcr_c.a(strlen.o)
                0x0000193c                strlen
 .text._fdopen  0x00001994       0x74 c:/nxp/mcuxpressoide_11.3.0_5222/ide/plugins/com.nxp.mcuxpresso.tools.win32_11.3.0.202008311133/tools/bin/../lib/gcc/arm-none-eabi/9.3.1/../../../../arm-none-eabi/lib/thumb/v6-m/nofp\libcr_c.a(_fdopen.o)
                0x00001994                _fdopen
 .text.fclose   0x00001a08       0x5c c:/nxp/mcuxpressoide_11.3.0_5222/ide/plugins/com.nxp.mcuxpresso.tools.win32_11.3.0.202008311133/tools/bin/../lib/gcc/arm-none-eabi/9.3.1/../../../../arm-none-eabi/lib/thumb/v6-m/nofp\libcr_c.a(fclose.o)
                0x00001a08                fclose
 .text.fflush   0x00001a64       0x44 c:/nxp/mcuxpressoide_11.3.0_5222/ide/plugins/com.nxp.mcuxpresso.tools.win32_11.3.0.202008311133/tools/bin/../lib/gcc/arm-none-eabi/9.3.1/../../../../arm-none-eabi/lib/thumb/v6-m/nofp\libcr_c.a(fflush.o)
                0x00001a64                fflush
 .text.fseek    0x00001aa8       0xf4 c:/nxp/mcuxpressoide_11.3.0_5222/ide/plugins/com.nxp.mcuxpresso.tools.win32_11.3.0.202008311133/tools/bin/../lib/gcc/arm-none-eabi/9.3.1/../../../../arm-none-eabi/lib/thumb/v6-m/nofp\libcr_c.a(fseek.o)
                0x00001aa8                fseek
 .text.ftell    0x00001b9c       0x48 c:/nxp/mcuxpressoide_11.3.0_5222/ide/plugins/com.nxp.mcuxpresso.tools.win32_11.3.0.202008311133/tools/bin/../lib/gcc/arm-none-eabi/9.3.1/../../../../arm-none-eabi/lib/thumb/v6-m/nofp\libcr_c.a(ftell.o)
                0x00001b9c                ftell
 .text._do_fflush
                0x00001be4       0x48 c:/nxp/mcuxpressoide_11.3.0_5222/ide/plugins/com.nxp.mcuxpresso.tools.win32_11.3.0.202008311133/tools/bin/../lib/gcc/arm-none-eabi/9.3.1/../../../../arm-none-eabi/lib/thumb/v6-m/nofp\libcr_c.a(_do_fflush.o)
                0x00001be4                _do_fflush
 .text._fflush  0x00001c2c       0x60 c:/nxp/mcuxpressoide_11.3.0_5222/ide/plugins/com.nxp.mcuxpresso.tools.win32_11.3.0.202008311133/tools/bin/../lib/gcc/arm-none-eabi/9.3.1/../../../../arm-none-eabi/lib/thumb/v6-m/nofp\libcr_c.a(_fflush.o)
                0x00001c2c                _fflush
 .text._Cwritebuf
                0x00001c8c       0x68 c:/nxp/mcuxpressoide_11.3.0_5222/ide/plugins/com.nxp.mcuxpresso.tools.win32_11.3.0.202008311133/tools/bin/../lib/gcc/arm-none-eabi/9.3.1/../../../../arm-none-eabi/lib/thumb/v6-m/nofp\libcr_c.a(_writebuf.o)
                0x00001c8c                _Cwritebuf
 .text._deferredlazyseek
                0x00001cf4       0x40 c:/nxp/mcuxpressoide_11.3.0_5222/ide/plugins/com.nxp.mcuxpresso.tools.win32_11.3.0.202008311133/tools/bin/../lib/gcc/arm-none-eabi/9.3.1/../../../../arm-none-eabi/lib/thumb/v6-m/nofp\libcr_c.a(_deferredlazyseek.o)
                0x00001cf4                _deferredlazyseek
 .text.DbgConsole_PrintfPaddingCharacter
                0x00001d34       0x48 ./utilities/fsl_debug_console.o
 .text.DbgConsole_ConvertRadixNumToString
                0x00001d7c      0x110 ./utilities/fsl_debug_console.o
 .text.DbgConsole_PrintfFormattedData
                0x00001e8c      0x3b4 ./utilities/fsl_debug_console.o
 .text.I2C_MasterEnable
                0x00002240       0x3c ./drivers/fsl_i2c.o
 .text.I2C_GetStatusFlags
                0x0000227c       0x14 ./drivers/fsl_i2c.o
 .text.I2C_MasterClearStatusFlags
                0x00002290       0x1c ./drivers/fsl_i2c.o
 .text.I2C_MasterSetBaudRate
                0x000022ac       0xcc ./drivers/fsl_i2c.o
                0x000022ac                I2C_MasterSetBaudRate
 .text.I2C_PendingStatusWait
                0x00002378       0x30 ./drivers/fsl_i2c.o
 .text.RESET_PeripheralReset
                0x000023a8       0x28 ./drivers/fsl_reset.o
                0x000023a8                RESET_PeripheralReset
 .text.USART_EnableTx
                0x000023d0       0x46 ./drivers/fsl_usart.o
 .text.USART_EnableRx
                0x00002416       0x44 ./drivers/fsl_usart.o
 .text.SystemInitHook
                0x0000245a        0xa ./device/system_LPC812.o
                0x0000245a                SystemInitHook
 .text.I2C_MasterRepeatedStart
                0x00002464       0x32 ./NTAG/NTAG.o
 .text.ntag_read_userMemory
                0x00002496       0xa8 ./NTAG/NTAG.o
                0x00002496                ntag_read_userMemory
 .text.__main   0x0000253e        0xc c:/nxp/mcuxpressoide_11.3.0_5222/ide/plugins/com.nxp.mcuxpresso.tools.win32_11.3.0.202008311133/tools/bin/../lib/gcc/arm-none-eabi/9.3.1/../../../../arm-none-eabi/lib/thumb/v6-m/nofp\libcr_nohost_nf.a(_cr__main.o)
                0x0000253e                __main
 .text.memset   0x0000254a        0x8 c:/nxp/mcuxpressoide_11.3.0_5222/ide/plugins/com.nxp.mcuxpresso.tools.win32_11.3.0.202008311133/tools/bin/../lib/gcc/arm-none-eabi/9.3.1/../../../../arm-none-eabi/lib/thumb/v6-m/nofp\libcr_c.a(memset.o)
                0x0000254a                memset
 .text.free     0x00002552       0x2c c:/nxp/mcuxpressoide_11.3.0_5222/ide/plugins/com.nxp.mcuxpresso.tools.win32_11.3.0.202008311133/tools/bin/../lib/gcc/arm-none-eabi/9.3.1/../../../../arm-none-eabi/lib/thumb/v6-m/nofp\libcr_c.a(alloc.o)
                0x00002552                free
 .text.remove   0x0000257e       0x12 c:/nxp/mcuxpressoide_11.3.0_5222/ide/plugins/com.nxp.mcuxpresso.tools.win32_11.3.0.202008311133/tools/bin/../lib/gcc/arm-none-eabi/9.3.1/../../../../arm-none-eabi/lib/thumb/v6-m/nofp\libcr_c.a(remove.o)
                0x0000257e                remove
 .text.__aeabi_division_idivmod
                0x00002590       0x78 c:/nxp/mcuxpressoide_11.3.0_5222/ide/plugins/com.nxp.mcuxpresso.tools.win32_11.3.0.202008311133/tools/bin/../lib/gcc/arm-none-eabi/9.3.1/thumb/v6-m/nofp\libcr_eabihelpers.a(division_32.o)
                0x00002590                __aeabi_idivmod
                0x00002590                __aeabi_idiv
                0x00002596                __aeabi_uidivmod
                0x00002596                __aeabi_uidiv
 .text.__aeabi_division_idiv0
                0x00002608        0x2 c:/nxp/mcuxpressoide_11.3.0_5222/ide/plugins/com.nxp.mcuxpresso.tools.win32_11.3.0.202008311133/tools/bin/../lib/gcc/arm-none-eabi/9.3.1/thumb/v6-m/nofp\libcr_eabihelpers.a(division_idiv0.o)
                0x00002608                __aeabi_idiv0
 .text.__aeabi_memset_lowlevel
                0x0000260a       0x2a c:/nxp/mcuxpressoide_11.3.0_5222/ide/plugins/com.nxp.mcuxpresso.tools.win32_11.3.0.202008311133/tools/bin/../lib/gcc/arm-none-eabi/9.3.1/thumb/v6-m/nofp\libcr_eabihelpers.a(memcpy.o)
                0x0000260a                __aeabi_lowlevel_memset
 .text.__sys_close
                0x00002634        0x6 c:/nxp/mcuxpressoide_11.3.0_5222/ide/plugins/com.nxp.mcuxpresso.tools.win32_11.3.0.202008311133/tools/bin/../lib/gcc/arm-none-eabi/9.3.1/../../../../arm-none-eabi/lib/thumb/v6-m/nofp\libcr_nohost_nf.a(__sys_close.o)
                0x00002634                __sys_close
 .text.__sys_flen
                0x0000263a        0x6 c:/nxp/mcuxpressoide_11.3.0_5222/ide/plugins/com.nxp.mcuxpresso.tools.win32_11.3.0.202008311133/tools/bin/../lib/gcc/arm-none-eabi/9.3.1/../../../../arm-none-eabi/lib/thumb/v6-m/nofp\libcr_nohost_nf.a(__sys_flen.o)
                0x0000263a                __sys_flen
 .text.__sys_istty
                0x00002640        0x6 c:/nxp/mcuxpressoide_11.3.0_5222/ide/plugins/com.nxp.mcuxpresso.tools.win32_11.3.0.202008311133/tools/bin/../lib/gcc/arm-none-eabi/9.3.1/../../../../arm-none-eabi/lib/thumb/v6-m/nofp\libcr_nohost_nf.a(__sys_istty.o)
                0x00002640                __sys_istty
 .text.__sys_remove
                0x00002646        0x6 c:/nxp/mcuxpressoide_11.3.0_5222/ide/plugins/com.nxp.mcuxpresso.tools.win32_11.3.0.202008311133/tools/bin/../lib/gcc/arm-none-eabi/9.3.1/../../../../arm-none-eabi/lib/thumb/v6-m/nofp\libcr_nohost_nf.a(__sys_remove.o)
                0x00002646                __sys_remove
 .text.__sys_seek
                0x0000264c        0x6 c:/nxp/mcuxpressoide_11.3.0_5222/ide/plugins/com.nxp.mcuxpresso.tools.win32_11.3.0.202008311133/tools/bin/../lib/gcc/arm-none-eabi/9.3.1/../../../../arm-none-eabi/lib/thumb/v6-m/nofp\libcr_nohost_nf.a(__sys_seek.o)
                0x0000264c                __sys_seek
 .text.__sys_tmpnam
                0x00002652        0x6 c:/nxp/mcuxpressoide_11.3.0_5222/ide/plugins/com.nxp.mcuxpresso.tools.win32_11.3.0.202008311133/tools/bin/../lib/gcc/arm-none-eabi/9.3.1/../../../../arm-none-eabi/lib/thumb/v6-m/nofp\libcr_nohost_nf.a(__sys_tmpnam.o)
                0x00002652                __sys_tmpnam
 .text.__sys_write
                0x00002658        0x4 c:/nxp/mcuxpressoide_11.3.0_5222/ide/plugins/com.nxp.mcuxpresso.tools.win32_11.3.0.202008311133/tools/bin/../lib/gcc/arm-none-eabi/9.3.1/../../../../arm-none-eabi/lib/thumb/v6-m/nofp\libcr_nohost_nf.a(__sys_write.o)
                0x00002658                __sys_write
 *(SORT_BY_ALIGNMENT(.rodata) SORT_BY_ALIGNMENT(.rodata.*) SORT_BY_ALIGNMENT(.constdata) SORT_BY_ALIGNMENT(.constdata.*))
 .rodata.__assertion_failed.str1.4
                0x0000265c       0x14 ./utilities/fsl_assert.o
 .rodata.main.str1.4
                0x00002670       0x66 ./source/Main_WCN_THMS.o
                                 0x6a (size before relaxing)
 *fill*         0x000026d6        0x2 ff
 .rodata.CLOCK_UpdateClkSrc.str1.4
                0x000026d8       0x17 ./drivers/fsl_clock.o
 *fill*         0x000026ef        0x1 ff
 .rodata.CLOCK_InitSystemPll.str1.4
                0x000026f0       0x67 ./drivers/fsl_clock.o
 *fill*         0x00002757        0x1 ff
 .rodata.s_i2cResets
                0x00002758        0x4 ./drivers/fsl_i2c.o
 .rodata.I2C_GetInstance.str1.4
                0x0000275c       0x33 ./drivers/fsl_i2c.o
 *fill*         0x0000278f        0x1 ff
 .rodata.I2C_MasterWriteBlocking.str1.4
                0x00002790       0x20 ./drivers/fsl_i2c.o
 .rodata.I2C_MasterReadBlocking.str1.4
                0x000027b0       0x20 ./drivers/fsl_i2c.o
 .rodata.RESET_SetPeripheralReset.str1.4
                0x000027d0       0x20 ./drivers/fsl_reset.o
 .rodata.RESET_ClearPeripheralReset.str1.4
                0x000027f0       0x20 ./drivers/fsl_reset.o
 .rodata.SWM_SetMovablePinSelect.str1.4
                0x00002810       0x4e ./drivers/fsl_swm.o
 *fill*         0x0000285e        0x2 ff
 .rodata.s_usartBaseAddrs
                0x00002860        0xc ./drivers/fsl_usart.o
 .rodata.s_usartClock
                0x0000286c        0x3 ./drivers/fsl_usart.o
 *fill*         0x0000286f        0x1 ff
 .rodata.s_usartRest
                0x00002870        0x3 ./drivers/fsl_usart.o
 *fill*         0x00002873        0x1 ff
 .rodata.USART_GetInstance.str1.4
                0x00002874       0x3c ./drivers/fsl_usart.o
 .rodata.USART_Init.str1.4
                0x000028b0       0x50 ./drivers/fsl_usart.o
 .rodata.USART_GetDefaultConfig.str1.4
                0x00002900       0x22 ./drivers/fsl_usart.o
 *fill*         0x00002922        0x2 ff
 .rodata.USART_SetBaudRate.str1.4
                0x00002924       0xb6 ./drivers/fsl_usart.o
 *fill*         0x000029da        0x2 ff
 .rodata.USART_WriteBlocking.str1.4
                0x000029dc       0x37 ./drivers/fsl_usart.o
 *fill*         0x00002a13        0x1 ff
 .rodata.USART_ReadBlocking.str1.4
                0x00002a14       0x37 ./drivers/fsl_usart.o
 *fill*         0x00002a4b        0x1 ff
 .rodata.s_UsartAdapterBase
                0x00002a4c        0xc ./component/uart/fsl_adapter_miniusart.o
 .rodata.HAL_UartInit.str1.4
                0x00002a58       0xfc ./component/uart/fsl_adapter_miniusart.o
 .rodata.HAL_UartReceiveBlocking.str1.4
                0x00002b54       0x72 ./component/uart/fsl_adapter_miniusart.o
 *fill*         0x00002bc6        0x2 ff
 .rodata.HAL_UartSendBlocking.str1.4
                0x00002bc8       0x72 ./component/uart/fsl_adapter_miniusart.o
 *fill*         0x00002c3a        0x2 ff
 .rodata.BOARD_InitDebugConsole.str1.4
                0x00002c3c       0x28 ./board/board.o
 .rodata.CLOCK_SetCoreSysClkDiv.str1.4
                0x00002c64       0x83 ./board/clock_config.o
 *fill*         0x00002ce7        0x1 ff
 .rodata.__num_Ciob_streams
                0x00002ce8        0x4 c:/nxp/mcuxpressoide_11.3.0_5222/ide/plugins/com.nxp.mcuxpresso.tools.win32_11.3.0.202008311133/tools/bin/../lib/gcc/arm-none-eabi/9.3.1/../../../../arm-none-eabi/lib/thumb/v6-m/nofp\libcr_nohost_nf.a(__ciob.o)
                0x00002ce8                __num_Ciob_streams
 .rodata._initio.str1.1
                0x00002cec        0x4 c:/nxp/mcuxpressoide_11.3.0_5222/ide/plugins/com.nxp.mcuxpresso.tools.win32_11.3.0.202008311133/tools/bin/../lib/gcc/arm-none-eabi/9.3.1/../../../../arm-none-eabi/lib/thumb/v6-m/nofp\libcr_c.a(initio.o)
                0x00002cf0                . = ALIGN (0x4)

.glue_7         0x00002cf0        0x0
 .glue_7        0x00002cf0        0x0 linker stubs

.glue_7t        0x00002cf0        0x0
 .glue_7t       0x00002cf0        0x0 linker stubs

.vfp11_veneer   0x00002cf0        0x0
 .vfp11_veneer  0x00002cf0        0x0 linker stubs

.v4_bx          0x00002cf0        0x0
 .v4_bx         0x00002cf0        0x0 linker stubs

.iplt           0x00002cf0        0x0
 .iplt          0x00002cf0        0x0 ./utilities/fsl_assert.o

.rel.dyn        0x00002cf0        0x0
 .rel.iplt      0x00002cf0        0x0 ./utilities/fsl_assert.o

.ARM.extab
 *(SORT_BY_ALIGNMENT(.ARM.extab*) SORT_BY_ALIGNMENT(.gnu.linkonce.armextab.*))

.ARM.exidx      0x00002cf0        0x0
                0x00002cf0                __exidx_start = .
 *(SORT_BY_ALIGNMENT(.ARM.exidx*) SORT_BY_ALIGNMENT(.gnu.linkonce.armexidx.*))
                0x00002cf0                __exidx_end = .
                0x00002cf0                _etext = .

.mtb_buffer_RAM2
 *(SORT_BY_ALIGNMENT(.mtb.$RAM2*))
 *(SORT_BY_ALIGNMENT(.mtb.$IAP_SRAM*))

.data_RAM2      0x10000fe0        0x0 load address 0x00002cf0
 FILL mask 0xff
                [!provide]                PROVIDE (__start_data_RAM2 = .)
                [!provide]                PROVIDE (__start_data_IAP_SRAM = .)
 *(SORT_BY_ALIGNMENT(.ramfunc.$RAM2))
 *(SORT_BY_ALIGNMENT(.ramfunc.$IAP_SRAM))
 *(SORT_BY_ALIGNMENT(.data.$RAM2))
 *(SORT_BY_ALIGNMENT(.data.$IAP_SRAM))
 *(SORT_BY_ALIGNMENT(.data.$RAM2.*))
 *(SORT_BY_ALIGNMENT(.data.$IAP_SRAM.*))
                0x10000fe0                . = ALIGN (0x4)
                [!provide]                PROVIDE (__end_data_RAM2 = .)
                [!provide]                PROVIDE (__end_data_IAP_SRAM = .)

.mtb_buffer_default
                0x10000000       0x80
 *(SORT_BY_ALIGNMENT(.mtb*))
 .mtb.$RAM1     0x10000000       0x80 ./source/mtb.o
                0x10000000                __mtb_buffer__

.uninit_RESERVED
                0x10000080        0x0
                0x10000080                _start_uninit_RESERVED = .
 *(SORT_BY_ALIGNMENT(.bss.$RESERVED*))
                0x10000080                . = ALIGN (0x4)
                0x10000080                _end_uninit_RESERVED = .

.data           0x10000080        0x4 load address 0x00002cf0
 FILL mask 0xff
                0x10000080                _data = .
                [!provide]                PROVIDE (__start_data_RAM = .)
                [!provide]                PROVIDE (__start_data_SRAM = .)
 *(SORT_BY_ALIGNMENT(vtable))
 *(SORT_BY_ALIGNMENT(.ramfunc*))
 *(SORT_BY_ALIGNMENT(CodeQuickAccess))
 *(SORT_BY_ALIGNMENT(DataQuickAccess))
 *(SORT_BY_ALIGNMENT(RamFunction))
 *(SORT_BY_ALIGNMENT(.data*))
 .data.SystemCoreClock
                0x10000080        0x4 ./device/system_LPC812.o
                0x10000080                SystemCoreClock
                0x10000084                . = ALIGN (0x4)
                0x10000084                _edata = .
                [!provide]                PROVIDE (__end_data_RAM = .)
                [!provide]                PROVIDE (__end_data_SRAM = .)

.igot.plt       0x10000084        0x0 load address 0x00002cf4
 .igot.plt      0x10000084        0x0 ./utilities/fsl_assert.o

.bss_RAM2       0x10000fe0        0x0
                [!provide]                PROVIDE (__start_bss_RAM2 = .)
                [!provide]                PROVIDE (__start_bss_IAP_SRAM = .)
 *(SORT_BY_ALIGNMENT(.bss.$RAM2))
 *(SORT_BY_ALIGNMENT(.bss.$IAP_SRAM))
 *(SORT_BY_ALIGNMENT(.bss.$RAM2.*))
 *(SORT_BY_ALIGNMENT(.bss.$IAP_SRAM.*))
                0x10000fe0                . = ALIGN ((. != 0x0)?0x4:0x1)
                [!provide]                PROVIDE (__end_bss_RAM2 = .)
                [!provide]                PROVIDE (__end_bss_IAP_SRAM = .)

.bss            0x10000084      0x104
                0x10000084                _bss = .
                [!provide]                PROVIDE (__start_bss_RAM = .)
                [!provide]                PROVIDE (__start_bss_SRAM = .)
 *(SORT_BY_ALIGNMENT(.bss*))
 .bss.s_debugConsole
                0x10000084       0x14 ./utilities/fsl_debug_console.o
 .bss.g_master_rxBuff
                0x10000098       0x10 ./source/Main_WCN_THMS.o
                0x10000098                g_master_rxBuff
 .bss.g_Ext_Clk_Freq
                0x100000a8        0x4 ./drivers/fsl_clock.o
                0x100000a8                g_Ext_Clk_Freq
 .bss.g_Wdt_Osc_Freq
                0x100000ac        0x4 ./drivers/fsl_clock.o
                0x100000ac                g_Wdt_Osc_Freq
 .bss.s_Sys_Pll_Freq
                0x100000b0        0x4 ./drivers/fsl_clock.o
 .bss.s_usartHandle
                0x100000b4        0xc ./drivers/fsl_usart.o
 .bss.s_usartIsr
                0x100000c0        0x4 ./drivers/fsl_usart.o
 .bss.i2c_type_base_p_m
                0x100000c4        0x4 ./NTAG/NTAG.o
 .bss.i2c_master_config_p_m
                0x100000c8        0x4 ./NTAG/NTAG.o
 .bss.ntag_config_m
                0x100000cc        0x2 ./NTAG/NTAG.o
 *fill*         0x100000ce        0x2 
 .bss.errno     0x100000d0        0x4 c:/nxp/mcuxpressoide_11.3.0_5222/ide/plugins/com.nxp.mcuxpresso.tools.win32_11.3.0.202008311133/tools/bin/../lib/gcc/arm-none-eabi/9.3.1/../../../../arm-none-eabi/lib/thumb/v6-m/nofp\libcr_c.a(errno.o)
                0x100000d0                errno
 .bss.__Ciob    0x100000d4       0xb4 c:/nxp/mcuxpressoide_11.3.0_5222/ide/plugins/com.nxp.mcuxpresso.tools.win32_11.3.0.202008311133/tools/bin/../lib/gcc/arm-none-eabi/9.3.1/../../../../arm-none-eabi/lib/thumb/v6-m/nofp\libcr_nohost_nf.a(__ciob.o)
                0x100000d4                __Ciob
 *(SORT_BY_ALIGNMENT(COMMON))
                0x10000188                . = ALIGN (0x4)
                0x10000188                _ebss = .
                [!provide]                PROVIDE (__end_bss_RAM = .)
                [!provide]                PROVIDE (__end_bss_SRAM = .)
                [!provide]                PROVIDE (end = .)

.noinit_RAM2    0x10000fe0        0x0
                [!provide]                PROVIDE (__start_noinit_RAM2 = .)
                [!provide]                PROVIDE (__start_noinit_IAP_SRAM = .)
 *(SORT_BY_ALIGNMENT(.noinit.$RAM2))
 *(SORT_BY_ALIGNMENT(.noinit.$IAP_SRAM))
 *(SORT_BY_ALIGNMENT(.noinit.$RAM2.*))
 *(SORT_BY_ALIGNMENT(.noinit.$IAP_SRAM.*))
                0x10000fe0                . = ALIGN (0x4)
                [!provide]                PROVIDE (__end_noinit_RAM2 = .)
                [!provide]                PROVIDE (__end_noinit_IAP_SRAM = .)

.noinit         0x10000188        0x0
                0x10000188                _noinit = .
                [!provide]                PROVIDE (__start_noinit_RAM = .)
                [!provide]                PROVIDE (__start_noinit_SRAM = .)
 *(SORT_BY_ALIGNMENT(.noinit*))
                0x10000188                . = ALIGN (0x4)
                0x10000188                _end_noinit = .
                [!provide]                PROVIDE (__end_noinit_RAM = .)
                [!provide]                PROVIDE (__end_noinit_SRAM = .)
                0x000000f8                _HeapSize = 0xf8

.heap           0x10000188       0xf8
                0x10000188                _pvHeapStart = .
                0x10000280                . = (. + _HeapSize)
 *fill*         0x10000188       0xf8 
                0x10000280                . = ALIGN (0x4)
                0x10000280                _pvHeapLimit = .
                0x000000f8                _StackSize = 0xf8

.heap2stackfill
                0x10000280       0xf8
                0x10000378                . = (. + _StackSize)
 *fill*         0x10000280       0xf8 

.stack          0x10000ee8        0x0
                0x10000ee8                _vStackBase = .
                0x10000ee8                . = ALIGN (0x4)
                0x10000fe0                _vStackTop = (. + _StackSize)
                0xefffe7fb                PROVIDE (__valid_user_code_checksum = (0x0 - (((_vStackTop + (ResetISR + 0x1)) + (DEFINED (NMI_Handler)?NMI_Handler:M0_NMI_Handler + 0x1)) + (DEFINED (HardFault_Handler)?HardFault_Handler:M0_HardFault_Handler + 0x1))))
                0x00000000                _image_start = LOADADDR (.text)
                0x00002cf4                _image_end = (LOADADDR (.data) + SIZEOF (.data))
                0x00002cf4                _image_size = (_image_end - _image_start)
OUTPUT(lpcxpresso812max_TEST_I2C_lpc_i2c_polling_b2b_master_TEST.axf elf32-littlearm)
LOAD linker stubs

.debug_info     0x00000000     0xa817
 .debug_info    0x00000000      0x110 ./utilities/fsl_assert.o
 .debug_info    0x00000110     0x1031 ./utilities/fsl_debug_console.o
 .debug_info    0x00001141      0x49a ./startup/startup_lpc812.o
 .debug_info    0x000015db      0xcc7 ./source/Main_WCN_THMS.o
 .debug_info    0x000022a2       0x53 ./source/mtb.o
 .debug_info    0x000022f5       0x3c ./source/semihost_hardfault.o
 .debug_info    0x00002331      0xeca ./drivers/fsl_clock.o
 .debug_info    0x000031fb     0x160d ./drivers/fsl_i2c.o
 .debug_info    0x00004808      0x616 ./drivers/fsl_reset.o
 .debug_info    0x00004e1e      0x4a5 ./drivers/fsl_swm.o
 .debug_info    0x000052c3     0x192a ./drivers/fsl_usart.o
 .debug_info    0x00006bed      0x658 ./device/system_LPC812.o
 .debug_info    0x00007245      0xd99 ./component/uart/fsl_adapter_miniusart.o
 .debug_info    0x00007fde      0x9ea ./board/board.o
 .debug_info    0x000089c8      0x71f ./board/clock_config.o
 .debug_info    0x000090e7      0x857 ./board/pin_mux.o
 .debug_info    0x0000993e      0xed9 ./NTAG/NTAG.o

.debug_abbrev   0x00000000     0x1f1a
 .debug_abbrev  0x00000000       0xb7 ./utilities/fsl_assert.o
 .debug_abbrev  0x000000b7      0x2a6 ./utilities/fsl_debug_console.o
 .debug_abbrev  0x0000035d      0x1af ./startup/startup_lpc812.o
 .debug_abbrev  0x0000050c      0x20c ./source/Main_WCN_THMS.o
 .debug_abbrev  0x00000718       0x46 ./source/mtb.o
 .debug_abbrev  0x0000075e       0x31 ./source/semihost_hardfault.o
 .debug_abbrev  0x0000078f      0x333 ./drivers/fsl_clock.o
 .debug_abbrev  0x00000ac2      0x320 ./drivers/fsl_i2c.o
 .debug_abbrev  0x00000de2      0x16e ./drivers/fsl_reset.o
 .debug_abbrev  0x00000f50      0x197 ./drivers/fsl_swm.o
 .debug_abbrev  0x000010e7      0x318 ./drivers/fsl_usart.o
 .debug_abbrev  0x000013ff      0x19d ./device/system_LPC812.o
 .debug_abbrev  0x0000159c      0x1fd ./component/uart/fsl_adapter_miniusart.o
 .debug_abbrev  0x00001799      0x1b0 ./board/board.o
 .debug_abbrev  0x00001949      0x20d ./board/clock_config.o
 .debug_abbrev  0x00001b56      0x191 ./board/pin_mux.o
 .debug_abbrev  0x00001ce7      0x233 ./NTAG/NTAG.o

.debug_aranges  0x00000000      0x760
 .debug_aranges
                0x00000000       0x20 ./utilities/fsl_assert.o
 .debug_aranges
                0x00000020       0x70 ./utilities/fsl_debug_console.o
 .debug_aranges
                0x00000090      0x160 ./startup/startup_lpc812.o
 .debug_aranges
                0x000001f0       0x38 ./source/Main_WCN_THMS.o
 .debug_aranges
                0x00000228       0x18 ./source/mtb.o
 .debug_aranges
                0x00000240       0x20 ./source/semihost_hardfault.o
 .debug_aranges
                0x00000260       0xd8 ./drivers/fsl_clock.o
 .debug_aranges
                0x00000338       0xf0 ./drivers/fsl_i2c.o
 .debug_aranges
                0x00000428       0x30 ./drivers/fsl_reset.o
 .debug_aranges
                0x00000458       0x28 ./drivers/fsl_swm.o
 .debug_aranges
                0x00000480      0x118 ./drivers/fsl_usart.o
 .debug_aranges
                0x00000598       0x40 ./device/system_LPC812.o
 .debug_aranges
                0x000005d8       0x50 ./component/uart/fsl_adapter_miniusart.o
 .debug_aranges
                0x00000628       0x30 ./board/board.o
 .debug_aranges
                0x00000658       0x50 ./board/clock_config.o
 .debug_aranges
                0x000006a8       0x38 ./board/pin_mux.o
 .debug_aranges
                0x000006e0       0x80 ./NTAG/NTAG.o

.debug_ranges   0x00000000      0x690
 .debug_ranges  0x00000000       0x10 ./utilities/fsl_assert.o
 .debug_ranges  0x00000010       0x60 ./utilities/fsl_debug_console.o
 .debug_ranges  0x00000070      0x150 ./startup/startup_lpc812.o
 .debug_ranges  0x000001c0       0x28 ./source/Main_WCN_THMS.o
 .debug_ranges  0x000001e8       0x10 ./source/semihost_hardfault.o
 .debug_ranges  0x000001f8       0xc8 ./drivers/fsl_clock.o
 .debug_ranges  0x000002c0       0xe0 ./drivers/fsl_i2c.o
 .debug_ranges  0x000003a0       0x20 ./drivers/fsl_reset.o
 .debug_ranges  0x000003c0       0x18 ./drivers/fsl_swm.o
 .debug_ranges  0x000003d8      0x108 ./drivers/fsl_usart.o
 .debug_ranges  0x000004e0       0x30 ./device/system_LPC812.o
 .debug_ranges  0x00000510       0x40 ./component/uart/fsl_adapter_miniusart.o
 .debug_ranges  0x00000550       0x20 ./board/board.o
 .debug_ranges  0x00000570       0x40 ./board/clock_config.o
 .debug_ranges  0x000005b0       0x28 ./board/pin_mux.o
 .debug_ranges  0x000005d8       0xb8 ./NTAG/NTAG.o

.debug_macro    0x00000000     0x6690
 .debug_macro   0x00000000      0x123 ./utilities/fsl_assert.o
 .debug_macro   0x00000123      0xab4 ./utilities/fsl_assert.o
 .debug_macro   0x00000bd7       0x10 ./utilities/fsl_assert.o
 .debug_macro   0x00000be7       0x1c ./utilities/fsl_assert.o
 .debug_macro   0x00000c03       0x22 ./utilities/fsl_assert.o
 .debug_macro   0x00000c25      0x12e ./utilities/fsl_assert.o
 .debug_macro   0x00000d53      0x5b3 ./utilities/fsl_assert.o
 .debug_macro   0x00001306       0x22 ./utilities/fsl_assert.o
 .debug_macro   0x00001328       0x10 ./utilities/fsl_assert.o
 .debug_macro   0x00001338       0x3f ./utilities/fsl_assert.o
 .debug_macro   0x00001377       0x1c ./utilities/fsl_assert.o
 .debug_macro   0x00001393       0x22 ./utilities/fsl_assert.o
 .debug_macro   0x000013b5       0xd7 ./utilities/fsl_assert.o
 .debug_macro   0x0000148c      0x3ad ./utilities/fsl_assert.o
 .debug_macro   0x00001839       0x28 ./utilities/fsl_assert.o
 .debug_macro   0x00001861     0x3484 ./utilities/fsl_assert.o
 .debug_macro   0x00004ce5      0x13e ./utilities/fsl_assert.o
 .debug_macro   0x00004e23       0xfa ./utilities/fsl_assert.o
 .debug_macro   0x00004f1d       0xe7 ./utilities/fsl_assert.o
 .debug_macro   0x00005004       0x16 ./utilities/fsl_assert.o
 .debug_macro   0x0000501a       0x58 ./utilities/fsl_assert.o
 .debug_macro   0x00005072       0x46 ./utilities/fsl_assert.o
 .debug_macro   0x000050b8      0x149 ./utilities/fsl_debug_console.o
 .debug_macro   0x00005201       0x16 ./utilities/fsl_debug_console.o
 .debug_macro   0x00005217       0x10 ./utilities/fsl_debug_console.o
 .debug_macro   0x00005227       0x28 ./utilities/fsl_debug_console.o
 .debug_macro   0x0000524f       0xc4 ./utilities/fsl_debug_console.o
 .debug_macro   0x00005313       0x40 ./utilities/fsl_debug_console.o
 .debug_macro   0x00005353       0x34 ./utilities/fsl_debug_console.o
 .debug_macro   0x00005387       0x32 ./startup/startup_lpc812.o
 .debug_macro   0x000053b9       0x34 ./startup/startup_lpc812.o
 .debug_macro   0x000053ed      0x1ae ./source/Main_WCN_THMS.o
 .debug_macro   0x0000559b       0xd8 ./source/Main_WCN_THMS.o
 .debug_macro   0x00005673       0x22 ./source/Main_WCN_THMS.o
 .debug_macro   0x00005695       0x10 ./source/Main_WCN_THMS.o
 .debug_macro   0x000056a5       0xf4 ./source/Main_WCN_THMS.o
 .debug_macro   0x00005799       0x4c ./source/Main_WCN_THMS.o
 .debug_macro   0x000057e5       0x2f ./source/mtb.o
 .debug_macro   0x00005814       0x82 ./source/mtb.o
 .debug_macro   0x00005896       0x10 ./source/mtb.o
 .debug_macro   0x000058a6       0x11 ./source/semihost_hardfault.o
 .debug_macro   0x000058b7      0x144 ./drivers/fsl_clock.o
 .debug_macro   0x000059fb      0x12e ./drivers/fsl_i2c.o
 .debug_macro   0x00005b29       0x16 ./drivers/fsl_i2c.o
 .debug_macro   0x00005b3f       0x1c ./drivers/fsl_i2c.o
 .debug_macro   0x00005b5b       0x46 ./drivers/fsl_i2c.o
 .debug_macro   0x00005ba1      0x120 ./drivers/fsl_reset.o
 .debug_macro   0x00005cc1      0x13a ./drivers/fsl_swm.o
 .debug_macro   0x00005dfb      0x12f ./drivers/fsl_usart.o
 .debug_macro   0x00005f2a       0x1c ./drivers/fsl_usart.o
 .debug_macro   0x00005f46       0x97 ./device/system_LPC812.o
 .debug_macro   0x00005fdd      0x12c ./component/uart/fsl_adapter_miniusart.o
 .debug_macro   0x00006109       0x22 ./component/uart/fsl_adapter_miniusart.o
 .debug_macro   0x0000612b      0x14a ./board/board.o
 .debug_macro   0x00006275       0x28 ./board/board.o
 .debug_macro   0x0000629d      0x140 ./board/clock_config.o
 .debug_macro   0x000063dd      0x13d ./board/pin_mux.o
 .debug_macro   0x0000651a       0x10 ./board/pin_mux.o
 .debug_macro   0x0000652a      0x166 ./NTAG/NTAG.o

.debug_line     0x00000000     0x5da1
 .debug_line    0x00000000      0x3c9 ./utilities/fsl_assert.o
 .debug_line    0x000003c9      0xc8e ./utilities/fsl_debug_console.o
 .debug_line    0x00001057      0x269 ./startup/startup_lpc812.o
 .debug_line    0x000012c0      0x615 ./source/Main_WCN_THMS.o
 .debug_line    0x000018d5       0xd1 ./source/mtb.o
 .debug_line    0x000019a6       0x59 ./source/semihost_hardfault.o
 .debug_line    0x000019ff      0x848 ./drivers/fsl_clock.o
 .debug_line    0x00002247      0xa82 ./drivers/fsl_i2c.o
 .debug_line    0x00002cc9      0x399 ./drivers/fsl_reset.o
 .debug_line    0x00003062      0x3e7 ./drivers/fsl_swm.o
 .debug_line    0x00003449      0xc40 ./drivers/fsl_usart.o
 .debug_line    0x00004089      0x3da ./device/system_LPC812.o
 .debug_line    0x00004463      0x55e ./component/uart/fsl_adapter_miniusart.o
 .debug_line    0x000049c1      0x4a1 ./board/board.o
 .debug_line    0x00004e62      0x4c5 ./board/clock_config.o
 .debug_line    0x00005327      0x43f ./board/pin_mux.o
 .debug_line    0x00005766      0x63b ./NTAG/NTAG.o

.debug_str      0x00000000    0x29491
 .debug_str     0x00000000    0x22e56 ./utilities/fsl_assert.o
                              0x22f09 (size before relaxing)
 .debug_str     0x00022e56     0x17d6 ./utilities/fsl_debug_console.o
                              0x24742 (size before relaxing)
 .debug_str     0x0002462c      0x4f5 ./startup/startup_lpc812.o
                               0x3306 (size before relaxing)
 .debug_str     0x00024b21     0x149f ./source/Main_WCN_THMS.o
                              0x24f18 (size before relaxing)
 .debug_str     0x00025fc0      0x532 ./source/mtb.o
                               0x3312 (size before relaxing)
 .debug_str     0x000264f2       0x1f ./source/semihost_hardfault.o
                               0x2dff (size before relaxing)
 .debug_str     0x00026511      0x7b4 ./drivers/fsl_clock.o
                              0x24061 (size before relaxing)
 .debug_str     0x00026cc5      0x965 ./drivers/fsl_i2c.o
                              0x2462c (size before relaxing)
 .debug_str     0x0002762a       0xa5 ./drivers/fsl_reset.o
                              0x232a0 (size before relaxing)
 .debug_str     0x000276cf      0x542 ./drivers/fsl_swm.o
                              0x233ea (size before relaxing)
 .debug_str     0x00027c11      0xe57 ./drivers/fsl_usart.o
                              0x24b96 (size before relaxing)
 .debug_str     0x00028a68       0xc3 ./device/system_LPC812.o
                              0x21b8e (size before relaxing)
 .debug_str     0x00028b2b       0xfb ./component/uart/fsl_adapter_miniusart.o
                              0x2411c (size before relaxing)
 .debug_str     0x00028c26       0x33 ./board/board.o
                              0x24965 (size before relaxing)
 .debug_str     0x00028c59      0x23e ./board/clock_config.o
                              0x2353a (size before relaxing)
 .debug_str     0x00028e97       0x35 ./board/pin_mux.o
                              0x23662 (size before relaxing)
 .debug_str     0x00028ecc      0x5c5 ./NTAG/NTAG.o
                              0x24233 (size before relaxing)

.comment        0x00000000       0x4c
 .comment       0x00000000       0x4c ./utilities/fsl_assert.o
                                 0x4d (size before relaxing)
 .comment       0x0000004c       0x4d ./utilities/fsl_debug_console.o
 .comment       0x0000004c       0x4d ./startup/startup_lpc812.o
 .comment       0x0000004c       0x4d ./source/Main_WCN_THMS.o
 .comment       0x0000004c       0x4d ./source/mtb.o
 .comment       0x0000004c       0x4d ./source/semihost_hardfault.o
 .comment       0x0000004c       0x4d ./drivers/fsl_clock.o
 .comment       0x0000004c       0x4d ./drivers/fsl_i2c.o
 .comment       0x0000004c       0x4d ./drivers/fsl_reset.o
 .comment       0x0000004c       0x4d ./drivers/fsl_swm.o
 .comment       0x0000004c       0x4d ./drivers/fsl_usart.o
 .comment       0x0000004c       0x4d ./device/system_LPC812.o
 .comment       0x0000004c       0x4d ./component/uart/fsl_adapter_miniusart.o
 .comment       0x0000004c       0x4d ./board/board.o
 .comment       0x0000004c       0x4d ./board/clock_config.o
 .comment       0x0000004c       0x4d ./board/pin_mux.o
 .comment       0x0000004c       0x4d ./NTAG/NTAG.o
 .comment       0x0000004c       0x4d c:/nxp/mcuxpressoide_11.3.0_5222/ide/plugins/com.nxp.mcuxpresso.tools.win32_11.3.0.202008311133/tools/bin/../lib/gcc/arm-none-eabi/9.3.1/../../../../arm-none-eabi/lib/thumb/v6-m/nofp\libcr_nohost_nf.a(_cr__main.o)
 .comment       0x0000004c       0x4d c:/nxp/mcuxpressoide_11.3.0_5222/ide/plugins/com.nxp.mcuxpresso.tools.win32_11.3.0.202008311133/tools/bin/../lib/gcc/arm-none-eabi/9.3.1/../../../../arm-none-eabi/lib/thumb/v6-m/nofp\libcr_c.a(memset.o)
 .comment       0x0000004c       0x4d c:/nxp/mcuxpressoide_11.3.0_5222/ide/plugins/com.nxp.mcuxpresso.tools.win32_11.3.0.202008311133/tools/bin/../lib/gcc/arm-none-eabi/9.3.1/../../../../arm-none-eabi/lib/thumb/v6-m/nofp\libcr_c.a(alloc.o)
 .comment       0x0000004c       0x4d c:/nxp/mcuxpressoide_11.3.0_5222/ide/plugins/com.nxp.mcuxpresso.tools.win32_11.3.0.202008311133/tools/bin/../lib/gcc/arm-none-eabi/9.3.1/../../../../arm-none-eabi/lib/thumb/v6-m/nofp\libcr_c.a(initio.o)
 .comment       0x0000004c       0x4d c:/nxp/mcuxpressoide_11.3.0_5222/ide/plugins/com.nxp.mcuxpresso.tools.win32_11.3.0.202008311133/tools/bin/../lib/gcc/arm-none-eabi/9.3.1/../../../../arm-none-eabi/lib/thumb/v6-m/nofp\libcr_c.a(setvbuf.o)
 .comment       0x0000004c       0x4d c:/nxp/mcuxpressoide_11.3.0_5222/ide/plugins/com.nxp.mcuxpresso.tools.win32_11.3.0.202008311133/tools/bin/../lib/gcc/arm-none-eabi/9.3.1/../../../../arm-none-eabi/lib/thumb/v6-m/nofp\libcr_c.a(strlen.o)
 .comment       0x0000004c       0x4d c:/nxp/mcuxpressoide_11.3.0_5222/ide/plugins/com.nxp.mcuxpresso.tools.win32_11.3.0.202008311133/tools/bin/../lib/gcc/arm-none-eabi/9.3.1/../../../../arm-none-eabi/lib/thumb/v6-m/nofp\libcr_c.a(_fdopen.o)
 .comment       0x0000004c       0x4d c:/nxp/mcuxpressoide_11.3.0_5222/ide/plugins/com.nxp.mcuxpresso.tools.win32_11.3.0.202008311133/tools/bin/../lib/gcc/arm-none-eabi/9.3.1/../../../../arm-none-eabi/lib/thumb/v6-m/nofp\libcr_c.a(errno.o)
 .comment       0x0000004c       0x4d c:/nxp/mcuxpressoide_11.3.0_5222/ide/plugins/com.nxp.mcuxpresso.tools.win32_11.3.0.202008311133/tools/bin/../lib/gcc/arm-none-eabi/9.3.1/../../../../arm-none-eabi/lib/thumb/v6-m/nofp\libcr_c.a(fclose.o)
 .comment       0x0000004c       0x4d c:/nxp/mcuxpressoide_11.3.0_5222/ide/plugins/com.nxp.mcuxpresso.tools.win32_11.3.0.202008311133/tools/bin/../lib/gcc/arm-none-eabi/9.3.1/../../../../arm-none-eabi/lib/thumb/v6-m/nofp\libcr_c.a(fflush.o)
 .comment       0x0000004c       0x4d c:/nxp/mcuxpressoide_11.3.0_5222/ide/plugins/com.nxp.mcuxpresso.tools.win32_11.3.0.202008311133/tools/bin/../lib/gcc/arm-none-eabi/9.3.1/../../../../arm-none-eabi/lib/thumb/v6-m/nofp\libcr_c.a(fseek.o)
 .comment       0x0000004c       0x4d c:/nxp/mcuxpressoide_11.3.0_5222/ide/plugins/com.nxp.mcuxpresso.tools.win32_11.3.0.202008311133/tools/bin/../lib/gcc/arm-none-eabi/9.3.1/../../../../arm-none-eabi/lib/thumb/v6-m/nofp\libcr_c.a(ftell.o)
 .comment       0x0000004c       0x4d c:/nxp/mcuxpressoide_11.3.0_5222/ide/plugins/com.nxp.mcuxpresso.tools.win32_11.3.0.202008311133/tools/bin/../lib/gcc/arm-none-eabi/9.3.1/../../../../arm-none-eabi/lib/thumb/v6-m/nofp\libcr_c.a(remove.o)
 .comment       0x0000004c       0x4d c:/nxp/mcuxpressoide_11.3.0_5222/ide/plugins/com.nxp.mcuxpresso.tools.win32_11.3.0.202008311133/tools/bin/../lib/gcc/arm-none-eabi/9.3.1/../../../../arm-none-eabi/lib/thumb/v6-m/nofp\libcr_c.a(_do_fflush.o)
 .comment       0x0000004c       0x4d c:/nxp/mcuxpressoide_11.3.0_5222/ide/plugins/com.nxp.mcuxpresso.tools.win32_11.3.0.202008311133/tools/bin/../lib/gcc/arm-none-eabi/9.3.1/../../../../arm-none-eabi/lib/thumb/v6-m/nofp\libcr_c.a(_fflush.o)
 .comment       0x0000004c       0x4d c:/nxp/mcuxpressoide_11.3.0_5222/ide/plugins/com.nxp.mcuxpresso.tools.win32_11.3.0.202008311133/tools/bin/../lib/gcc/arm-none-eabi/9.3.1/../../../../arm-none-eabi/lib/thumb/v6-m/nofp\libcr_c.a(_writebuf.o)
 .comment       0x0000004c       0x4d c:/nxp/mcuxpressoide_11.3.0_5222/ide/plugins/com.nxp.mcuxpresso.tools.win32_11.3.0.202008311133/tools/bin/../lib/gcc/arm-none-eabi/9.3.1/../../../../arm-none-eabi/lib/thumb/v6-m/nofp\libcr_c.a(_deferredlazyseek.o)
 .comment       0x0000004c       0x4d c:/nxp/mcuxpressoide_11.3.0_5222/ide/plugins/com.nxp.mcuxpresso.tools.win32_11.3.0.202008311133/tools/bin/../lib/gcc/arm-none-eabi/9.3.1/../../../../arm-none-eabi/lib/thumb/v6-m/nofp\libcr_nohost_nf.a(__ciob.o)
 .comment       0x0000004c       0x4d c:/nxp/mcuxpressoide_11.3.0_5222/ide/plugins/com.nxp.mcuxpresso.tools.win32_11.3.0.202008311133/tools/bin/../lib/gcc/arm-none-eabi/9.3.1/../../../../arm-none-eabi/lib/thumb/v6-m/nofp\libcr_nohost_nf.a(__sys_close.o)
 .comment       0x0000004c       0x4d c:/nxp/mcuxpressoide_11.3.0_5222/ide/plugins/com.nxp.mcuxpresso.tools.win32_11.3.0.202008311133/tools/bin/../lib/gcc/arm-none-eabi/9.3.1/../../../../arm-none-eabi/lib/thumb/v6-m/nofp\libcr_nohost_nf.a(__sys_flen.o)
 .comment       0x0000004c       0x4d c:/nxp/mcuxpressoide_11.3.0_5222/ide/plugins/com.nxp.mcuxpresso.tools.win32_11.3.0.202008311133/tools/bin/../lib/gcc/arm-none-eabi/9.3.1/../../../../arm-none-eabi/lib/thumb/v6-m/nofp\libcr_nohost_nf.a(__sys_istty.o)
 .comment       0x0000004c       0x4d c:/nxp/mcuxpressoide_11.3.0_5222/ide/plugins/com.nxp.mcuxpresso.tools.win32_11.3.0.202008311133/tools/bin/../lib/gcc/arm-none-eabi/9.3.1/../../../../arm-none-eabi/lib/thumb/v6-m/nofp\libcr_nohost_nf.a(__sys_remove.o)
 .comment       0x0000004c       0x4d c:/nxp/mcuxpressoide_11.3.0_5222/ide/plugins/com.nxp.mcuxpresso.tools.win32_11.3.0.202008311133/tools/bin/../lib/gcc/arm-none-eabi/9.3.1/../../../../arm-none-eabi/lib/thumb/v6-m/nofp\libcr_nohost_nf.a(__sys_seek.o)
 .comment       0x0000004c       0x4d c:/nxp/mcuxpressoide_11.3.0_5222/ide/plugins/com.nxp.mcuxpresso.tools.win32_11.3.0.202008311133/tools/bin/../lib/gcc/arm-none-eabi/9.3.1/../../../../arm-none-eabi/lib/thumb/v6-m/nofp\libcr_nohost_nf.a(__sys_tmpnam.o)
 .comment       0x0000004c       0x4d c:/nxp/mcuxpressoide_11.3.0_5222/ide/plugins/com.nxp.mcuxpresso.tools.win32_11.3.0.202008311133/tools/bin/../lib/gcc/arm-none-eabi/9.3.1/../../../../arm-none-eabi/lib/thumb/v6-m/nofp\libcr_nohost_nf.a(__sys_write.o)

.ARM.attributes
                0x00000000       0x2a
 .ARM.attributes
                0x00000000       0x2c ./utilities/fsl_assert.o
 .ARM.attributes
                0x0000002c       0x2c ./utilities/fsl_debug_console.o
 .ARM.attributes
                0x00000058       0x2c ./startup/startup_lpc812.o
 .ARM.attributes
                0x00000084       0x2c ./source/Main_WCN_THMS.o
 .ARM.attributes
                0x000000b0       0x32 ./source/mtb.o
 .ARM.attributes
                0x000000e2       0x2c ./source/semihost_hardfault.o
 .ARM.attributes
                0x0000010e       0x2c ./drivers/fsl_clock.o
 .ARM.attributes
                0x0000013a       0x2c ./drivers/fsl_i2c.o
 .ARM.attributes
                0x00000166       0x2c ./drivers/fsl_reset.o
 .ARM.attributes
                0x00000192       0x2c ./drivers/fsl_swm.o
 .ARM.attributes
                0x000001be       0x2c ./drivers/fsl_usart.o
 .ARM.attributes
                0x000001ea       0x2c ./device/system_LPC812.o
 .ARM.attributes
                0x00000216       0x2c ./component/uart/fsl_adapter_miniusart.o
 .ARM.attributes
                0x00000242       0x2c ./board/board.o
 .ARM.attributes
                0x0000026e       0x2c ./board/clock_config.o
 .ARM.attributes
                0x0000029a       0x2c ./board/pin_mux.o
 .ARM.attributes
                0x000002c6       0x2c ./NTAG/NTAG.o
 .ARM.attributes
                0x000002f2       0x2c c:/nxp/mcuxpressoide_11.3.0_5222/ide/plugins/com.nxp.mcuxpresso.tools.win32_11.3.0.202008311133/tools/bin/../lib/gcc/arm-none-eabi/9.3.1/../../../../arm-none-eabi/lib/thumb/v6-m/nofp\libcr_nohost_nf.a(_cr__main.o)
 .ARM.attributes
                0x0000031e       0x2c c:/nxp/mcuxpressoide_11.3.0_5222/ide/plugins/com.nxp.mcuxpresso.tools.win32_11.3.0.202008311133/tools/bin/../lib/gcc/arm-none-eabi/9.3.1/../../../../arm-none-eabi/lib/thumb/v6-m/nofp\libcr_c.a(memset.o)
 .ARM.attributes
                0x0000034a       0x2c c:/nxp/mcuxpressoide_11.3.0_5222/ide/plugins/com.nxp.mcuxpresso.tools.win32_11.3.0.202008311133/tools/bin/../lib/gcc/arm-none-eabi/9.3.1/../../../../arm-none-eabi/lib/thumb/v6-m/nofp\libcr_c.a(alloc.o)
 .ARM.attributes
                0x00000376       0x2c c:/nxp/mcuxpressoide_11.3.0_5222/ide/plugins/com.nxp.mcuxpresso.tools.win32_11.3.0.202008311133/tools/bin/../lib/gcc/arm-none-eabi/9.3.1/../../../../arm-none-eabi/lib/thumb/v6-m/nofp\libcr_c.a(initio.o)
 .ARM.attributes
                0x000003a2       0x2c c:/nxp/mcuxpressoide_11.3.0_5222/ide/plugins/com.nxp.mcuxpresso.tools.win32_11.3.0.202008311133/tools/bin/../lib/gcc/arm-none-eabi/9.3.1/../../../../arm-none-eabi/lib/thumb/v6-m/nofp\libcr_c.a(setvbuf.o)
 .ARM.attributes
                0x000003ce       0x2c c:/nxp/mcuxpressoide_11.3.0_5222/ide/plugins/com.nxp.mcuxpresso.tools.win32_11.3.0.202008311133/tools/bin/../lib/gcc/arm-none-eabi/9.3.1/../../../../arm-none-eabi/lib/thumb/v6-m/nofp\libcr_c.a(strlen.o)
 .ARM.attributes
                0x000003fa       0x2c c:/nxp/mcuxpressoide_11.3.0_5222/ide/plugins/com.nxp.mcuxpresso.tools.win32_11.3.0.202008311133/tools/bin/../lib/gcc/arm-none-eabi/9.3.1/../../../../arm-none-eabi/lib/thumb/v6-m/nofp\libcr_c.a(_fdopen.o)
 .ARM.attributes
                0x00000426       0x31 c:/nxp/mcuxpressoide_11.3.0_5222/ide/plugins/com.nxp.mcuxpresso.tools.win32_11.3.0.202008311133/tools/bin/../lib/gcc/arm-none-eabi/9.3.1/../../../../arm-none-eabi/lib/thumb/v6-m/nofp\libcr_c.a(errno.o)
 .ARM.attributes
                0x00000457       0x2c c:/nxp/mcuxpressoide_11.3.0_5222/ide/plugins/com.nxp.mcuxpresso.tools.win32_11.3.0.202008311133/tools/bin/../lib/gcc/arm-none-eabi/9.3.1/../../../../arm-none-eabi/lib/thumb/v6-m/nofp\libcr_c.a(fclose.o)
 .ARM.attributes
                0x00000483       0x2c c:/nxp/mcuxpressoide_11.3.0_5222/ide/plugins/com.nxp.mcuxpresso.tools.win32_11.3.0.202008311133/tools/bin/../lib/gcc/arm-none-eabi/9.3.1/../../../../arm-none-eabi/lib/thumb/v6-m/nofp\libcr_c.a(fflush.o)
 .ARM.attributes
                0x000004af       0x2c c:/nxp/mcuxpressoide_11.3.0_5222/ide/plugins/com.nxp.mcuxpresso.tools.win32_11.3.0.202008311133/tools/bin/../lib/gcc/arm-none-eabi/9.3.1/../../../../arm-none-eabi/lib/thumb/v6-m/nofp\libcr_c.a(fseek.o)
 .ARM.attributes
                0x000004db       0x2c c:/nxp/mcuxpressoide_11.3.0_5222/ide/plugins/com.nxp.mcuxpresso.tools.win32_11.3.0.202008311133/tools/bin/../lib/gcc/arm-none-eabi/9.3.1/../../../../arm-none-eabi/lib/thumb/v6-m/nofp\libcr_c.a(ftell.o)
 .ARM.attributes
                0x00000507       0x2c c:/nxp/mcuxpressoide_11.3.0_5222/ide/plugins/com.nxp.mcuxpresso.tools.win32_11.3.0.202008311133/tools/bin/../lib/gcc/arm-none-eabi/9.3.1/../../../../arm-none-eabi/lib/thumb/v6-m/nofp\libcr_c.a(remove.o)
 .ARM.attributes
                0x00000533       0x2c c:/nxp/mcuxpressoide_11.3.0_5222/ide/plugins/com.nxp.mcuxpresso.tools.win32_11.3.0.202008311133/tools/bin/../lib/gcc/arm-none-eabi/9.3.1/../../../../arm-none-eabi/lib/thumb/v6-m/nofp\libcr_c.a(_do_fflush.o)
 .ARM.attributes
                0x0000055f       0x2c c:/nxp/mcuxpressoide_11.3.0_5222/ide/plugins/com.nxp.mcuxpresso.tools.win32_11.3.0.202008311133/tools/bin/../lib/gcc/arm-none-eabi/9.3.1/../../../../arm-none-eabi/lib/thumb/v6-m/nofp\libcr_c.a(_fflush.o)
 .ARM.attributes
                0x0000058b       0x2c c:/nxp/mcuxpressoide_11.3.0_5222/ide/plugins/com.nxp.mcuxpresso.tools.win32_11.3.0.202008311133/tools/bin/../lib/gcc/arm-none-eabi/9.3.1/../../../../arm-none-eabi/lib/thumb/v6-m/nofp\libcr_c.a(_writebuf.o)
 .ARM.attributes
                0x000005b7       0x2c c:/nxp/mcuxpressoide_11.3.0_5222/ide/plugins/com.nxp.mcuxpresso.tools.win32_11.3.0.202008311133/tools/bin/../lib/gcc/arm-none-eabi/9.3.1/../../../../arm-none-eabi/lib/thumb/v6-m/nofp\libcr_c.a(_deferredlazyseek.o)
 .ARM.attributes
                0x000005e3       0x1c c:/nxp/mcuxpressoide_11.3.0_5222/ide/plugins/com.nxp.mcuxpresso.tools.win32_11.3.0.202008311133/tools/bin/../lib/gcc/arm-none-eabi/9.3.1/thumb/v6-m/nofp\libcr_eabihelpers.a(division_32.o)
 .ARM.attributes
                0x000005ff       0x1c c:/nxp/mcuxpressoide_11.3.0_5222/ide/plugins/com.nxp.mcuxpresso.tools.win32_11.3.0.202008311133/tools/bin/../lib/gcc/arm-none-eabi/9.3.1/thumb/v6-m/nofp\libcr_eabihelpers.a(division_idiv0.o)
 .ARM.attributes
                0x0000061b       0x1c c:/nxp/mcuxpressoide_11.3.0_5222/ide/plugins/com.nxp.mcuxpresso.tools.win32_11.3.0.202008311133/tools/bin/../lib/gcc/arm-none-eabi/9.3.1/thumb/v6-m/nofp\libcr_eabihelpers.a(memcpy.o)
 .ARM.attributes
                0x00000637       0x31 c:/nxp/mcuxpressoide_11.3.0_5222/ide/plugins/com.nxp.mcuxpresso.tools.win32_11.3.0.202008311133/tools/bin/../lib/gcc/arm-none-eabi/9.3.1/../../../../arm-none-eabi/lib/thumb/v6-m/nofp\libcr_nohost_nf.a(__ciob.o)
 .ARM.attributes
                0x00000668       0x2c c:/nxp/mcuxpressoide_11.3.0_5222/ide/plugins/com.nxp.mcuxpresso.tools.win32_11.3.0.202008311133/tools/bin/../lib/gcc/arm-none-eabi/9.3.1/../../../../arm-none-eabi/lib/thumb/v6-m/nofp\libcr_nohost_nf.a(__sys_close.o)
 .ARM.attributes
                0x00000694       0x2c c:/nxp/mcuxpressoide_11.3.0_5222/ide/plugins/com.nxp.mcuxpresso.tools.win32_11.3.0.202008311133/tools/bin/../lib/gcc/arm-none-eabi/9.3.1/../../../../arm-none-eabi/lib/thumb/v6-m/nofp\libcr_nohost_nf.a(__sys_flen.o)
 .ARM.attributes
                0x000006c0       0x2c c:/nxp/mcuxpressoide_11.3.0_5222/ide/plugins/com.nxp.mcuxpresso.tools.win32_11.3.0.202008311133/tools/bin/../lib/gcc/arm-none-eabi/9.3.1/../../../../arm-none-eabi/lib/thumb/v6-m/nofp\libcr_nohost_nf.a(__sys_istty.o)
 .ARM.attributes
                0x000006ec       0x2c c:/nxp/mcuxpressoide_11.3.0_5222/ide/plugins/com.nxp.mcuxpresso.tools.win32_11.3.0.202008311133/tools/bin/../lib/gcc/arm-none-eabi/9.3.1/../../../../arm-none-eabi/lib/thumb/v6-m/nofp\libcr_nohost_nf.a(__sys_remove.o)
 .ARM.attributes
                0x00000718       0x2c c:/nxp/mcuxpressoide_11.3.0_5222/ide/plugins/com.nxp.mcuxpresso.tools.win32_11.3.0.202008311133/tools/bin/../lib/gcc/arm-none-eabi/9.3.1/../../../../arm-none-eabi/lib/thumb/v6-m/nofp\libcr_nohost_nf.a(__sys_seek.o)
 .ARM.attributes
                0x00000744       0x2c c:/nxp/mcuxpressoide_11.3.0_5222/ide/plugins/com.nxp.mcuxpresso.tools.win32_11.3.0.202008311133/tools/bin/../lib/gcc/arm-none-eabi/9.3.1/../../../../arm-none-eabi/lib/thumb/v6-m/nofp\libcr_nohost_nf.a(__sys_tmpnam.o)
 .ARM.attributes
                0x00000770       0x2c c:/nxp/mcuxpressoide_11.3.0_5222/ide/plugins/com.nxp.mcuxpresso.tools.win32_11.3.0.202008311133/tools/bin/../lib/gcc/arm-none-eabi/9.3.1/../../../../arm-none-eabi/lib/thumb/v6-m/nofp\libcr_nohost_nf.a(__sys_write.o)

.debug_frame    0x00000000     0x1654
 .debug_frame   0x00000000       0x30 ./utilities/fsl_assert.o
 .debug_frame   0x00000030      0x170 ./utilities/fsl_debug_console.o
 .debug_frame   0x000001a0      0x3b0 ./startup/startup_lpc812.o
 .debug_frame   0x00000550       0x90 ./source/Main_WCN_THMS.o
 .debug_frame   0x000005e0       0x20 ./source/semihost_hardfault.o
 .debug_frame   0x00000600      0x2f0 ./drivers/fsl_clock.o
 .debug_frame   0x000008f0      0x370 ./drivers/fsl_i2c.o
 .debug_frame   0x00000c60       0x70 ./drivers/fsl_reset.o
 .debug_frame   0x00000cd0       0x50 ./drivers/fsl_swm.o
 .debug_frame   0x00000d20      0x404 ./drivers/fsl_usart.o
 .debug_frame   0x00001124       0xa8 ./device/system_LPC812.o
 .debug_frame   0x000011cc       0xf0 ./component/uart/fsl_adapter_miniusart.o
 .debug_frame   0x000012bc       0x70 ./board/board.o
 .debug_frame   0x0000132c       0xec ./board/clock_config.o
 .debug_frame   0x00001418       0x88 ./board/pin_mux.o
 .debug_frame   0x000014a0      0x1b4 ./NTAG/NTAG.o

Cross Reference Table

Symbol                                            File
BOARD_BootClockIRC12M                             ./board/clock_config.o
                                                  ./source/Main_WCN_THMS.o
BOARD_BootClockPll12M                             ./board/clock_config.o
BOARD_BootClockPll24M                             ./board/clock_config.o
BOARD_InitBootClocks                              ./board/clock_config.o
BOARD_InitBootPins                                ./board/pin_mux.o
BOARD_InitDebugConsole                            ./board/board.o
                                                  ./source/Main_WCN_THMS.o
BOARD_InitPins                                    ./board/pin_mux.o
                                                  ./source/Main_WCN_THMS.o
BOD_DriverIRQHandler                              ./startup/startup_lpc812.o
BOD_IRQHandler                                    ./startup/startup_lpc812.o
CLOCK_GetClockOutClkFreq                          ./drivers/fsl_clock.o
CLOCK_GetFreq                                     ./drivers/fsl_clock.o
CLOCK_GetIrcFreq                                  ./drivers/fsl_clock.o
CLOCK_GetMainClkFreq                              ./drivers/fsl_clock.o
                                                  ./board/board.o
CLOCK_GetSysOscFreq                               ./drivers/fsl_clock.o
CLOCK_GetSystemPLLInClockRate                     ./drivers/fsl_clock.o
CLOCK_GetUart0ClkFreq                             ./drivers/fsl_clock.o
CLOCK_GetUart1ClkFreq                             ./drivers/fsl_clock.o
CLOCK_GetUart2ClkFreq                             ./drivers/fsl_clock.o
CLOCK_GetUartClkFreq                              ./drivers/fsl_clock.o
CLOCK_InitExtClkin                                ./drivers/fsl_clock.o
CLOCK_InitSysOsc                                  ./drivers/fsl_clock.o
CLOCK_InitSystemPll                               ./drivers/fsl_clock.o
                                                  ./board/clock_config.o
CLOCK_InitWdtOsc                                  ./drivers/fsl_clock.o
CLOCK_InitXtalin                                  ./drivers/fsl_clock.o
CLOCK_SetMainClkSrc                               ./drivers/fsl_clock.o
                                                  ./board/clock_config.o
CLOCK_SetUARTFRGClkFreq                           ./drivers/fsl_clock.o
CLOCK_UpdateClkOUTsrc                             ./drivers/fsl_clock.o
                                                  ./board/clock_config.o
CMP_DriverIRQHandler                              ./startup/startup_lpc812.o
CMP_IRQHandler                                    ./startup/startup_lpc812.o
CRP_WORD                                          ./startup/startup_lpc812.o
DbgConsole_Deinit                                 ./utilities/fsl_debug_console.o
DbgConsole_Getchar                                ./utilities/fsl_debug_console.o
DbgConsole_Init                                   ./utilities/fsl_debug_console.o
                                                  ./board/board.o
DbgConsole_Printf                                 ./utilities/fsl_debug_console.o
                                                  ./source/Main_WCN_THMS.o
                                                  ./utilities/fsl_assert.o
DbgConsole_Putchar                                ./utilities/fsl_debug_console.o
DbgConsole_Scanf                                  ./utilities/fsl_debug_console.o
DisableDeepSleepIRQ                               ./drivers/fsl_power.o
EnableDeepSleepIRQ                                ./drivers/fsl_power.o
ExtClockIn                                        ./board/board.o
GPIO_PinInit                                      ./drivers/fsl_gpio.o
GPIO_PortInit                                     ./drivers/fsl_gpio.o
HAL_UartDeinit                                    ./component/uart/fsl_adapter_miniusart.o
                                                  ./utilities/fsl_debug_console.o
HAL_UartEnterLowpower                             ./component/uart/fsl_adapter_miniusart.o
HAL_UartExitLowpower                              ./component/uart/fsl_adapter_miniusart.o
HAL_UartInit                                      ./component/uart/fsl_adapter_miniusart.o
                                                  ./utilities/fsl_debug_console.o
HAL_UartReceiveBlocking                           ./component/uart/fsl_adapter_miniusart.o
                                                  ./utilities/fsl_debug_console.o
HAL_UartSendBlocking                              ./component/uart/fsl_adapter_miniusart.o
                                                  ./utilities/fsl_debug_console.o
HardFault_Handler                                 ./source/semihost_hardfault.o
                                                  ./startup/startup_lpc812.o
I2C0_DriverIRQHandler                             ./startup/startup_lpc812.o
I2C0_IRQHandler                                   ./startup/startup_lpc812.o
I2C_GetInstance                                   ./drivers/fsl_i2c.o
I2C_MasterDeinit                                  ./drivers/fsl_i2c.o
I2C_MasterGetDefaultConfig                        ./drivers/fsl_i2c.o
                                                  ./source/Main_WCN_THMS.o
I2C_MasterInit                                    ./drivers/fsl_i2c.o
                                                  ./source/Main_WCN_THMS.o
I2C_MasterReadBlocking                            ./drivers/fsl_i2c.o
                                                  ./NTAG/NTAG.o
I2C_MasterSetBaudRate                             ./drivers/fsl_i2c.o
I2C_MasterStart                                   ./drivers/fsl_i2c.o
                                                  ./NTAG/NTAG.o
I2C_MasterStop                                    ./drivers/fsl_i2c.o
                                                  ./NTAG/NTAG.o
I2C_MasterTransferBlocking                        ./drivers/fsl_i2c.o
I2C_MasterWriteBlocking                           ./drivers/fsl_i2c.o
                                                  ./NTAG/NTAG.o
I2C_SlaveDeinit                                   ./drivers/fsl_i2c.o
I2C_SlaveGetDefaultConfig                         ./drivers/fsl_i2c.o
I2C_SlaveInit                                     ./drivers/fsl_i2c.o
I2C_SlaveReadBlocking                             ./drivers/fsl_i2c.o
I2C_SlaveSetAddress                               ./drivers/fsl_i2c.o
I2C_SlaveWriteBlocking                            ./drivers/fsl_i2c.o
IntDefaultHandler                                 ./startup/startup_lpc812.o
MRT0_DriverIRQHandler                             ./startup/startup_lpc812.o
MRT0_IRQHandler                                   ./startup/startup_lpc812.o
NMI_Handler                                       ./startup/startup_lpc812.o
PIN_INT0_DriverIRQHandler                         ./startup/startup_lpc812.o
PIN_INT0_IRQHandler                               ./startup/startup_lpc812.o
PIN_INT1_DriverIRQHandler                         ./startup/startup_lpc812.o
PIN_INT1_IRQHandler                               ./startup/startup_lpc812.o
PIN_INT2_DriverIRQHandler                         ./startup/startup_lpc812.o
PIN_INT2_IRQHandler                               ./startup/startup_lpc812.o
PIN_INT3_DriverIRQHandler                         ./startup/startup_lpc812.o
PIN_INT3_IRQHandler                               ./startup/startup_lpc812.o
PIN_INT4_DriverIRQHandler                         ./startup/startup_lpc812.o
PIN_INT4_IRQHandler                               ./startup/startup_lpc812.o
PIN_INT5_DriverIRQHandler                         ./startup/startup_lpc812.o
PIN_INT5_IRQHandler                               ./startup/startup_lpc812.o
PIN_INT6_DriverIRQHandler                         ./startup/startup_lpc812.o
PIN_INT6_IRQHandler                               ./startup/startup_lpc812.o
PIN_INT7_DriverIRQHandler                         ./startup/startup_lpc812.o
PIN_INT7_IRQHandler                               ./startup/startup_lpc812.o
POWER_EnterDeepPowerDownMode                      ./drivers/fsl_power.o
POWER_EnterDeepSleep                              ./drivers/fsl_power.o
POWER_EnterPowerDown                              ./drivers/fsl_power.o
POWER_EnterSleep                                  ./drivers/fsl_power.o
PendSV_Handler                                    ./startup/startup_lpc812.o
RESET_PeripheralReset                             ./drivers/fsl_reset.o
                                                  ./board/board.o
                                                  ./drivers/fsl_usart.o
                                                  ./drivers/fsl_i2c.o
                                                  ./drivers/fsl_gpio.o
Reserved18_DriverIRQHandler                       ./startup/startup_lpc812.o
Reserved18_IRQHandler                             ./startup/startup_lpc812.o
Reserved22_DriverIRQHandler                       ./startup/startup_lpc812.o
Reserved22_IRQHandler                             ./startup/startup_lpc812.o
Reserved23_DriverIRQHandler                       ./startup/startup_lpc812.o
Reserved23_IRQHandler                             ./startup/startup_lpc812.o
Reserved30_DriverIRQHandler                       ./startup/startup_lpc812.o
Reserved30_IRQHandler                             ./startup/startup_lpc812.o
Reserved32_DriverIRQHandler                       ./startup/startup_lpc812.o
Reserved32_IRQHandler                             ./startup/startup_lpc812.o
Reserved33_DriverIRQHandler                       ./startup/startup_lpc812.o
Reserved33_IRQHandler                             ./startup/startup_lpc812.o
Reserved34_DriverIRQHandler                       ./startup/startup_lpc812.o
Reserved34_IRQHandler                             ./startup/startup_lpc812.o
Reserved35_DriverIRQHandler                       ./startup/startup_lpc812.o
Reserved35_IRQHandler                             ./startup/startup_lpc812.o
Reserved36_DriverIRQHandler                       ./startup/startup_lpc812.o
Reserved36_IRQHandler                             ./startup/startup_lpc812.o
Reserved37_DriverIRQHandler                       ./startup/startup_lpc812.o
Reserved37_IRQHandler                             ./startup/startup_lpc812.o
Reserved38_DriverIRQHandler                       ./startup/startup_lpc812.o
Reserved38_IRQHandler                             ./startup/startup_lpc812.o
Reserved39_DriverIRQHandler                       ./startup/startup_lpc812.o
Reserved39_IRQHandler                             ./startup/startup_lpc812.o
ResetISR                                          ./startup/startup_lpc812.o
SCT0_DriverIRQHandler                             ./startup/startup_lpc812.o
SCT0_IRQHandler                                   ./startup/startup_lpc812.o
SDK_DelayAtLeastUs                                ./drivers/fsl_common.o
                                                  ./drivers/fsl_clock.o
SDK_Free                                          ./drivers/fsl_common.o
SDK_Malloc                                        ./drivers/fsl_common.o
SPI0_DriverIRQHandler                             ./startup/startup_lpc812.o
SPI0_IRQHandler                                   ./startup/startup_lpc812.o
SPI1_DriverIRQHandler                             ./startup/startup_lpc812.o
SPI1_IRQHandler                                   ./startup/startup_lpc812.o
SVC_Handler                                       ./startup/startup_lpc812.o
SWM_SetFixedPinSelect                             ./drivers/fsl_swm.o
SWM_SetMovablePinSelect                           ./drivers/fsl_swm.o
                                                  ./board/pin_mux.o
SYSCON_AttachSignal                               ./drivers/fsl_syscon.o
SysTick_Handler                                   ./startup/startup_lpc812.o
SystemCoreClock                                   ./device/system_LPC812.o
                                                  ./board/clock_config.o
SystemCoreClockUpdate                             ./device/system_LPC812.o
SystemInit                                        ./device/system_LPC812.o
                                                  ./startup/startup_lpc812.o
SystemInitHook                                    ./device/system_LPC812.o
USART0_DriverIRQHandler                           ./drivers/fsl_usart.o
                                                  ./startup/startup_lpc812.o
USART0_IRQHandler                                 ./startup/startup_lpc812.o
USART1_DriverIRQHandler                           ./drivers/fsl_usart.o
                                                  ./startup/startup_lpc812.o
USART1_IRQHandler                                 ./startup/startup_lpc812.o
USART2_DriverIRQHandler                           ./drivers/fsl_usart.o
                                                  ./startup/startup_lpc812.o
USART2_IRQHandler                                 ./startup/startup_lpc812.o
USART_Deinit                                      ./drivers/fsl_usart.o
                                                  ./component/uart/fsl_adapter_miniusart.o
USART_GetDefaultConfig                            ./drivers/fsl_usart.o
                                                  ./component/uart/fsl_adapter_miniusart.o
USART_GetInstance                                 ./drivers/fsl_usart.o
USART_Init                                        ./drivers/fsl_usart.o
                                                  ./component/uart/fsl_adapter_miniusart.o
USART_ReadBlocking                                ./drivers/fsl_usart.o
                                                  ./component/uart/fsl_adapter_miniusart.o
USART_SetBaudRate                                 ./drivers/fsl_usart.o
USART_TransferAbortReceive                        ./drivers/fsl_usart.o
USART_TransferAbortSend                           ./drivers/fsl_usart.o
USART_TransferCreateHandle                        ./drivers/fsl_usart.o
USART_TransferGetReceiveCount                     ./drivers/fsl_usart.o
USART_TransferGetRxRingBufferLength               ./drivers/fsl_usart.o
USART_TransferGetSendCount                        ./drivers/fsl_usart.o
USART_TransferHandleIRQ                           ./drivers/fsl_usart.o
USART_TransferReceiveNonBlocking                  ./drivers/fsl_usart.o
USART_TransferSendNonBlocking                     ./drivers/fsl_usart.o
USART_TransferStartRingBuffer                     ./drivers/fsl_usart.o
USART_TransferStopRingBuffer                      ./drivers/fsl_usart.o
USART_WriteBlocking                               ./drivers/fsl_usart.o
                                                  ./component/uart/fsl_adapter_miniusart.o
WDT_DriverIRQHandler                              ./startup/startup_lpc812.o
WDT_IRQHandler                                    ./startup/startup_lpc812.o
WKT_DriverIRQHandler                              ./startup/startup_lpc812.o
WKT_IRQHandler                                    ./startup/startup_lpc812.o
_Csys_alloc                                       c:/nxp/mcuxpressoide_11.3.0_5222/ide/plugins/com.nxp.mcuxpresso.tools.win32_11.3.0.202008311133/tools/bin/../lib/gcc/arm-none-eabi/9.3.1/../../../../arm-none-eabi/lib/thumb/v6-m/nofp\libcr_c.a(alloc.o)
                                                  c:/nxp/mcuxpressoide_11.3.0_5222/ide/plugins/com.nxp.mcuxpresso.tools.win32_11.3.0.202008311133/tools/bin/../lib/gcc/arm-none-eabi/9.3.1/../../../../arm-none-eabi/lib/thumb/v6-m/nofp\libcr_c.a(_deferredlazyseek.o)
_Cwritebuf                                        c:/nxp/mcuxpressoide_11.3.0_5222/ide/plugins/com.nxp.mcuxpresso.tools.win32_11.3.0.202008311133/tools/bin/../lib/gcc/arm-none-eabi/9.3.1/../../../../arm-none-eabi/lib/thumb/v6-m/nofp\libcr_c.a(_writebuf.o)
                                                  c:/nxp/mcuxpressoide_11.3.0_5222/ide/plugins/com.nxp.mcuxpresso.tools.win32_11.3.0.202008311133/tools/bin/../lib/gcc/arm-none-eabi/9.3.1/../../../../arm-none-eabi/lib/thumb/v6-m/nofp\libcr_c.a(_deferredlazyseek.o)
                                                  c:/nxp/mcuxpressoide_11.3.0_5222/ide/plugins/com.nxp.mcuxpresso.tools.win32_11.3.0.202008311133/tools/bin/../lib/gcc/arm-none-eabi/9.3.1/../../../../arm-none-eabi/lib/thumb/v6-m/nofp\libcr_c.a(_fflush.o)
__Ciob                                            c:/nxp/mcuxpressoide_11.3.0_5222/ide/plugins/com.nxp.mcuxpresso.tools.win32_11.3.0.202008311133/tools/bin/../lib/gcc/arm-none-eabi/9.3.1/../../../../arm-none-eabi/lib/thumb/v6-m/nofp\libcr_nohost_nf.a(__ciob.o)
                                                  c:/nxp/mcuxpressoide_11.3.0_5222/ide/plugins/com.nxp.mcuxpresso.tools.win32_11.3.0.202008311133/tools/bin/../lib/gcc/arm-none-eabi/9.3.1/../../../../arm-none-eabi/lib/thumb/v6-m/nofp\libcr_c.a(fflush.o)
                                                  c:/nxp/mcuxpressoide_11.3.0_5222/ide/plugins/com.nxp.mcuxpresso.tools.win32_11.3.0.202008311133/tools/bin/../lib/gcc/arm-none-eabi/9.3.1/../../../../arm-none-eabi/lib/thumb/v6-m/nofp\libcr_c.a(initio.o)
__Vectors                                         ./startup/startup_lpc812.o
__aeabi_idiv                                      c:/nxp/mcuxpressoide_11.3.0_5222/ide/plugins/com.nxp.mcuxpresso.tools.win32_11.3.0.202008311133/tools/bin/../lib/gcc/arm-none-eabi/9.3.1/thumb/v6-m/nofp\libcr_eabihelpers.a(division_32.o)
                                                  ./utilities/fsl_debug_console.o
__aeabi_idiv0                                     c:/nxp/mcuxpressoide_11.3.0_5222/ide/plugins/com.nxp.mcuxpresso.tools.win32_11.3.0.202008311133/tools/bin/../lib/gcc/arm-none-eabi/9.3.1/thumb/v6-m/nofp\libcr_eabihelpers.a(division_idiv0.o)
                                                  c:/nxp/mcuxpressoide_11.3.0_5222/ide/plugins/com.nxp.mcuxpresso.tools.win32_11.3.0.202008311133/tools/bin/../lib/gcc/arm-none-eabi/9.3.1/thumb/v6-m/nofp\libcr_eabihelpers.a(division_64.o)
                                                  c:/nxp/mcuxpressoide_11.3.0_5222/ide/plugins/com.nxp.mcuxpresso.tools.win32_11.3.0.202008311133/tools/bin/../lib/gcc/arm-none-eabi/9.3.1/thumb/v6-m/nofp\libcr_eabihelpers.a(division_32.o)
__aeabi_idivmod                                   c:/nxp/mcuxpressoide_11.3.0_5222/ide/plugins/com.nxp.mcuxpresso.tools.win32_11.3.0.202008311133/tools/bin/../lib/gcc/arm-none-eabi/9.3.1/thumb/v6-m/nofp\libcr_eabihelpers.a(division_32.o)
__aeabi_lasr                                      c:/nxp/mcuxpressoide_11.3.0_5222/ide/plugins/com.nxp.mcuxpresso.tools.win32_11.3.0.202008311133/tools/bin/../lib/gcc/arm-none-eabi/9.3.1/thumb/v6-m/nofp\libcr_eabihelpers.a(llong.o)
__aeabi_lcmp                                      c:/nxp/mcuxpressoide_11.3.0_5222/ide/plugins/com.nxp.mcuxpresso.tools.win32_11.3.0.202008311133/tools/bin/../lib/gcc/arm-none-eabi/9.3.1/thumb/v6-m/nofp\libcr_eabihelpers.a(llong.o)
__aeabi_ldivmod                                   c:/nxp/mcuxpressoide_11.3.0_5222/ide/plugins/com.nxp.mcuxpresso.tools.win32_11.3.0.202008311133/tools/bin/../lib/gcc/arm-none-eabi/9.3.1/thumb/v6-m/nofp\libcr_eabihelpers.a(division_64.o)
__aeabi_llsl                                      c:/nxp/mcuxpressoide_11.3.0_5222/ide/plugins/com.nxp.mcuxpresso.tools.win32_11.3.0.202008311133/tools/bin/../lib/gcc/arm-none-eabi/9.3.1/thumb/v6-m/nofp\libcr_eabihelpers.a(llong.o)
__aeabi_llsr                                      c:/nxp/mcuxpressoide_11.3.0_5222/ide/plugins/com.nxp.mcuxpresso.tools.win32_11.3.0.202008311133/tools/bin/../lib/gcc/arm-none-eabi/9.3.1/thumb/v6-m/nofp\libcr_eabihelpers.a(llong.o)
__aeabi_lmul                                      c:/nxp/mcuxpressoide_11.3.0_5222/ide/plugins/com.nxp.mcuxpresso.tools.win32_11.3.0.202008311133/tools/bin/../lib/gcc/arm-none-eabi/9.3.1/thumb/v6-m/nofp\libcr_eabihelpers.a(llong.o)
                                                  ./drivers/fsl_common.o
__aeabi_lowlevel_memset                           c:/nxp/mcuxpressoide_11.3.0_5222/ide/plugins/com.nxp.mcuxpresso.tools.win32_11.3.0.202008311133/tools/bin/../lib/gcc/arm-none-eabi/9.3.1/thumb/v6-m/nofp\libcr_eabihelpers.a(memcpy.o)
                                                  c:/nxp/mcuxpressoide_11.3.0_5222/ide/plugins/com.nxp.mcuxpresso.tools.win32_11.3.0.202008311133/tools/bin/../lib/gcc/arm-none-eabi/9.3.1/../../../../arm-none-eabi/lib/thumb/v6-m/nofp\libcr_c.a(memset.o)
__aeabi_memclr                                    c:/nxp/mcuxpressoide_11.3.0_5222/ide/plugins/com.nxp.mcuxpresso.tools.win32_11.3.0.202008311133/tools/bin/../lib/gcc/arm-none-eabi/9.3.1/thumb/v6-m/nofp\libcr_eabihelpers.a(memcpy.o)
__aeabi_memclr4                                   c:/nxp/mcuxpressoide_11.3.0_5222/ide/plugins/com.nxp.mcuxpresso.tools.win32_11.3.0.202008311133/tools/bin/../lib/gcc/arm-none-eabi/9.3.1/thumb/v6-m/nofp\libcr_eabihelpers.a(memcpy.o)
__aeabi_memclr8                                   c:/nxp/mcuxpressoide_11.3.0_5222/ide/plugins/com.nxp.mcuxpresso.tools.win32_11.3.0.202008311133/tools/bin/../lib/gcc/arm-none-eabi/9.3.1/thumb/v6-m/nofp\libcr_eabihelpers.a(memcpy.o)
__aeabi_memcpy                                    c:/nxp/mcuxpressoide_11.3.0_5222/ide/plugins/com.nxp.mcuxpresso.tools.win32_11.3.0.202008311133/tools/bin/../lib/gcc/arm-none-eabi/9.3.1/thumb/v6-m/nofp\libcr_eabihelpers.a(memcpy.o)
                                                  c:/nxp/mcuxpressoide_11.3.0_5222/ide/plugins/com.nxp.mcuxpresso.tools.win32_11.3.0.202008311133/tools/bin/../lib/gcc/arm-none-eabi/9.3.1/../../../../arm-none-eabi/lib/thumb/v6-m/nofp\libcr_c.a(memcpy.o)
__aeabi_memcpy4                                   c:/nxp/mcuxpressoide_11.3.0_5222/ide/plugins/com.nxp.mcuxpresso.tools.win32_11.3.0.202008311133/tools/bin/../lib/gcc/arm-none-eabi/9.3.1/thumb/v6-m/nofp\libcr_eabihelpers.a(memcpy.o)
__aeabi_memcpy8                                   c:/nxp/mcuxpressoide_11.3.0_5222/ide/plugins/com.nxp.mcuxpresso.tools.win32_11.3.0.202008311133/tools/bin/../lib/gcc/arm-none-eabi/9.3.1/thumb/v6-m/nofp\libcr_eabihelpers.a(memcpy.o)
__aeabi_memmove                                   c:/nxp/mcuxpressoide_11.3.0_5222/ide/plugins/com.nxp.mcuxpresso.tools.win32_11.3.0.202008311133/tools/bin/../lib/gcc/arm-none-eabi/9.3.1/thumb/v6-m/nofp\libcr_eabihelpers.a(memcpy.o)
__aeabi_memmove4                                  c:/nxp/mcuxpressoide_11.3.0_5222/ide/plugins/com.nxp.mcuxpresso.tools.win32_11.3.0.202008311133/tools/bin/../lib/gcc/arm-none-eabi/9.3.1/thumb/v6-m/nofp\libcr_eabihelpers.a(memcpy.o)
__aeabi_memmove8                                  c:/nxp/mcuxpressoide_11.3.0_5222/ide/plugins/com.nxp.mcuxpresso.tools.win32_11.3.0.202008311133/tools/bin/../lib/gcc/arm-none-eabi/9.3.1/thumb/v6-m/nofp\libcr_eabihelpers.a(memcpy.o)
__aeabi_memset                                    c:/nxp/mcuxpressoide_11.3.0_5222/ide/plugins/com.nxp.mcuxpresso.tools.win32_11.3.0.202008311133/tools/bin/../lib/gcc/arm-none-eabi/9.3.1/thumb/v6-m/nofp\libcr_eabihelpers.a(memcpy.o)
__aeabi_memset4                                   c:/nxp/mcuxpressoide_11.3.0_5222/ide/plugins/com.nxp.mcuxpresso.tools.win32_11.3.0.202008311133/tools/bin/../lib/gcc/arm-none-eabi/9.3.1/thumb/v6-m/nofp\libcr_eabihelpers.a(memcpy.o)
__aeabi_memset8                                   c:/nxp/mcuxpressoide_11.3.0_5222/ide/plugins/com.nxp.mcuxpresso.tools.win32_11.3.0.202008311133/tools/bin/../lib/gcc/arm-none-eabi/9.3.1/thumb/v6-m/nofp\libcr_eabihelpers.a(memcpy.o)
__aeabi_uidiv                                     c:/nxp/mcuxpressoide_11.3.0_5222/ide/plugins/com.nxp.mcuxpresso.tools.win32_11.3.0.202008311133/tools/bin/../lib/gcc/arm-none-eabi/9.3.1/thumb/v6-m/nofp\libcr_eabihelpers.a(division_32.o)
                                                  ./device/system_LPC812.o
                                                  ./drivers/fsl_usart.o
                                                  ./drivers/fsl_i2c.o
                                                  ./drivers/fsl_clock.o
                                                  ./utilities/fsl_debug_console.o
__aeabi_uidivmod                                  c:/nxp/mcuxpressoide_11.3.0_5222/ide/plugins/com.nxp.mcuxpresso.tools.win32_11.3.0.202008311133/tools/bin/../lib/gcc/arm-none-eabi/9.3.1/thumb/v6-m/nofp\libcr_eabihelpers.a(division_32.o)
__aeabi_ulcmp                                     c:/nxp/mcuxpressoide_11.3.0_5222/ide/plugins/com.nxp.mcuxpresso.tools.win32_11.3.0.202008311133/tools/bin/../lib/gcc/arm-none-eabi/9.3.1/thumb/v6-m/nofp\libcr_eabihelpers.a(llong.o)
__aeabi_uldivmod                                  c:/nxp/mcuxpressoide_11.3.0_5222/ide/plugins/com.nxp.mcuxpresso.tools.win32_11.3.0.202008311133/tools/bin/../lib/gcc/arm-none-eabi/9.3.1/thumb/v6-m/nofp\libcr_eabihelpers.a(division_64.o)
                                                  ./drivers/fsl_common.o
                                                  ./drivers/fsl_clock.o
__assertion_failed                                ./utilities/fsl_assert.o
                                                  ./board/clock_config.o
                                                  ./board/board.o
                                                  ./component/uart/fsl_adapter_miniusart.o
                                                  ./drivers/fsl_usart.o
                                                  ./drivers/fsl_swm.o
                                                  ./drivers/fsl_reset.o
                                                  ./drivers/fsl_power.o
                                                  ./drivers/fsl_i2c.o
                                                  ./drivers/fsl_gpio.o
                                                  ./drivers/fsl_common.o
                                                  ./drivers/fsl_clock.o
__bss_section_table_end                           ./startup/startup_lpc812.o
__check_heap_overflow                             c:/nxp/mcuxpressoide_11.3.0_5222/ide/plugins/com.nxp.mcuxpresso.tools.win32_11.3.0.202008311133/tools/bin/../lib/gcc/arm-none-eabi/9.3.1/../../../../arm-none-eabi/lib/thumb/v6-m/nofp\libcr_c.a(_cr_check_heap.o)
                                                  c:/nxp/mcuxpressoide_11.3.0_5222/ide/plugins/com.nxp.mcuxpresso.tools.win32_11.3.0.202008311133/tools/bin/../lib/gcc/arm-none-eabi/9.3.1/../../../../arm-none-eabi/lib/thumb/v6-m/nofp\libcr_c.a(_cr_sbrk.o)
__data_section_table                              ./startup/startup_lpc812.o
__data_section_table_end                          ./startup/startup_lpc812.o
__end_of_heap                                     c:/nxp/mcuxpressoide_11.3.0_5222/ide/plugins/com.nxp.mcuxpresso.tools.win32_11.3.0.202008311133/tools/bin/../lib/gcc/arm-none-eabi/9.3.1/../../../../arm-none-eabi/lib/thumb/v6-m/nofp\libcr_c.a(__init_alloc.o)
                                                  c:/nxp/mcuxpressoide_11.3.0_5222/ide/plugins/com.nxp.mcuxpresso.tools.win32_11.3.0.202008311133/tools/bin/../lib/gcc/arm-none-eabi/9.3.1/../../../../arm-none-eabi/lib/thumb/v6-m/nofp\libcr_c.a(_cr_sbrk.o)
__exit                                            c:/nxp/mcuxpressoide_11.3.0_5222/ide/plugins/com.nxp.mcuxpresso.tools.win32_11.3.0.202008311133/tools/bin/../lib/gcc/arm-none-eabi/9.3.1/../../../../arm-none-eabi/lib/thumb/v6-m/nofp\libcr_nohost_nf.a(__sys_appexit.o)