ndef_parse.c:21:19:parse_ndef_record	24	static
ndef_parse.c:55:19:create_ndef_record	32	static
ndef_parse.c:135:6:free_ndef_record_struct_and_data_memory	8	static
ndef_parse.c:142:6:free_ndef_record_struct	8	static
ndef_parse.c:177:28:create_ndef_message	8	static
ndef_parse.c:184:28:add_record_to_ndef_message	16	static
ndef_parse.c:148:28:parse_ndef_message	32	static
ndef_parse.c:193:6:free_ndef_message_and_records	16	static
ndef_parse.c:202:6:free_ndef_records_of_message	16	static
ndef_parse.c:216:30:assemble_ndefMessage_to_uint8_array	24	static
ndef_parse.c:259:6:free_ndef_message_uint8_array	8	static
ndef_parse.c:272:6:assemble_ndefMessage_to_given_uint8_array	32	static
