fsl_usart.c:65:10:USART_GetInstance	0	static
fsl_usart.c:88:8:USART_TransferGetRxRingBufferLength	12	static
fsl_usart.c:879:6:USART_TransferHandleIRQ	40	static
fsl_usart.c:143:6:USART_TransferStartRingBuffer	0	static
fsl_usart.c:169:6:USART_TransferStopRingBuffer	0	static
fsl_usart.c:269:6:USART_Deinit	8	static
fsl_usart.c:302:6:USART_GetDefaultConfig	8	static
fsl_usart.c:340:10:USART_SetBaudRate	8	static
fsl_usart.c:209:10:USART_Init	24	static
fsl_usart.c:426:10:USART_WriteBlocking	8	static
fsl_usart.c:487:10:USART_ReadBlocking	32	static
fsl_usart.c:563:10:USART_TransferCreateHandle	24	static
fsl_usart.c:611:10:USART_TransferSendNonBlocking	8	static
fsl_usart.c:646:6:USART_TransferAbortSend	0	static
fsl_usart.c:670:10:USART_TransferGetSendCount	0	static
fsl_usart.c:716:10:USART_TransferReceiveNonBlocking	32	static
fsl_usart.c:826:6:USART_TransferAbortReceive	0	static
fsl_usart.c:853:10:USART_TransferGetReceiveCount	0	static
fsl_usart.c:986:6:USART0_DriverIRQHandler	8	static
fsl_usart.c:994:6:USART1_DriverIRQHandler	8	static
fsl_usart.c:1002:6:USART2_DriverIRQHandler	8	static
