../THMS/thms_2_ndef.c:37:6:thms2ndef_setInitialNDEFMessage	40	static
../THMS/thms_2_ndef.c:49:30:thms2ndef_generateMeasTextAndDoInstruction	96	static
../THMS/thms_2_ndef.c:73:30:thms2ndef_generateConfigInfoTextAndDoInstruction	104	static
../THMS/thms_2_ndef.c:91:6:thms2ndef_freemMessTextArray	8	static
../THMS/thms_2_ndef.c:100:6:thms2ndef_getNDEFMessageStartAndEndPoint	20	static
../THMS/thms_2_ndef.c:127:6:thms2ndef_getNDEFMessageStartPoint	12	static
../THMS/thms_2_ndef.c:139:6:thms2ndef_checkNDEFMessageEndPoint	0	static
../THMS/thms_2_ndef.c:147:6:thms2ndef_get_FSM_DoInstruction_inNDEF16Bytes	32	static
../THMS/thms_2_ndef.c:165:6:thms2ndef_set_FSM_DoInstruction	32	static
../THMS/thms_2_ndef.c:179:6:thms2ndef_getValuesFromMeasText	48	static
