../ADS1115/ads1115.c:332:13:setRegister	24	static
../ADS1115/ads1115.c:172:6:ADS1115_changeI2CAddress	0	static
../ADS1115/ads1115.c:176:6:ADS1115_useAlertPin	0	static
../ADS1115/ads1115.c:188:6:ADS1115_setMUX	0	static
../ADS1115/ads1115.c:193:6:ADS1115_setGain	12	static
../ADS1115/ads1115.c:200:6:ADS1115_setXYSamplingCorrectionTime	0	static
../ADS1115/ads1115.c:204:10:ADS1115_getGainAmplification_inpv	0	static
../ADS1115/ads1115.c:208:6:ADS1115_setDataRate	12	static
../ADS1115/ads1115.c:156:13:init_ADS1115	16	static
../ADS1115/ads1115.c:215:10:ADS1115_getSamplingPeriod_us	0	static
../ADS1115/ads1115.c:219:6:ADS1115_setConversionMode	0	static
../ADS1115/ads1115.c:224:6:ADS1115_sendConfig	8	static
../ADS1115/ads1115.c:236:6:ADS1115_startContinuous	8	static
../ADS1115/ads1115.c:245:6:ADS1115_stopContiuous	8	static
../ADS1115/ads1115.c:250:9:ADS1115_getLastConversionResults	24	static
../ADS1115/ads1115.c:228:9:ADS1115_getSingleConversion	8	static
../ADS1115/ads1115.c:259:6:ADS1115_get_THMS_TimeMeasurementValue_array	40	static
