../drivers/fsl_clock.c:69:10:CLOCK_GetIrcFreq	0	static
../drivers/fsl_clock.c:77:10:CLOCK_GetSysOscFreq	0	static
../drivers/fsl_clock.c:228:10:CLOCK_GetSystemPLLInClockRate	8	static
../drivers/fsl_clock.c:90:10:CLOCK_GetMainClkFreq	8	static
../drivers/fsl_clock.c:122:10:CLOCK_GetClockOutClkFreq	8	static
../drivers/fsl_clock.c:155:10:CLOCK_GetUartClkFreq	8	static
../drivers/fsl_clock.c:168:10:CLOCK_GetUart0ClkFreq	8	static
../drivers/fsl_clock.c:184:10:CLOCK_GetUart2ClkFreq	8	static
../drivers/fsl_clock.c:176:10:CLOCK_GetUart1ClkFreq	8	static
../drivers/fsl_clock.c:192:10:CLOCK_GetFreq	8	static
../drivers/fsl_clock.c:282:6:CLOCK_InitSystemPll	16	static
../drivers/fsl_clock.c:322:6:CLOCK_InitExtClkin	8	static
../drivers/fsl_clock.c:337:6:CLOCK_InitXtalin	8	static
../drivers/fsl_clock.c:359:6:CLOCK_InitSysOsc	8	static
../drivers/fsl_clock.c:394:6:CLOCK_InitWdtOsc	16	static
../drivers/fsl_clock.c:416:6:CLOCK_SetMainClkSrc	8	static
../drivers/fsl_clock.c:430:6:CLOCK_SetUARTFRGClkFreq	24	static
../drivers/fsl_clock.c:456:6:CLOCK_UpdateClkOUTsrc	0	static
