../drivers/fsl_usart.c:65:10:USART_GetInstance	8	static
../drivers/fsl_usart.c:88:8:USART_TransferGetRxRingBufferLength	16	static
../drivers/fsl_usart.c:108:13:USART_TransferIsRxRingBufferFull	8	static
../drivers/fsl_usart.c:879:6:USART_TransferHandleIRQ	40	static
../drivers/fsl_usart.c:143:6:USART_TransferStartRingBuffer	8	static
../drivers/fsl_usart.c:169:6:USART_TransferStopRingBuffer	8	static
../drivers/fsl_usart.c:269:6:USART_Deinit	8	static
../drivers/fsl_usart.c:302:6:USART_GetDefaultConfig	8	static
../drivers/fsl_usart.c:340:10:USART_SetBaudRate	24	static
../drivers/fsl_usart.c:209:10:USART_Init	24	static
../drivers/fsl_usart.c:426:10:USART_WriteBlocking	8	static
../drivers/fsl_usart.c:487:10:USART_ReadBlocking	32	static
../drivers/fsl_usart.c:563:10:USART_TransferCreateHandle	24	static
../drivers/fsl_usart.c:611:10:USART_TransferSendNonBlocking	16	static
../drivers/fsl_usart.c:646:6:USART_TransferAbortSend	8	static
../drivers/fsl_usart.c:670:10:USART_TransferGetSendCount	8	static
../drivers/fsl_usart.c:716:10:USART_TransferReceiveNonBlocking	32	static
../drivers/fsl_usart.c:826:6:USART_TransferAbortReceive	8	static
../drivers/fsl_usart.c:853:10:USART_TransferGetReceiveCount	8	static
../drivers/fsl_usart.c:986:6:USART0_DriverIRQHandler	8	static
../drivers/fsl_usart.c:994:6:USART1_DriverIRQHandler	8	static
../drivers/fsl_usart.c:1002:6:USART2_DriverIRQHandler	8	static
