Archive member included to satisfy reference by file (symbol)

c:/nxp/mcuxpressoide_11.3.0_5222/ide/plugins/com.nxp.mcuxpresso.tools.win32_11.3.0.202008311133/tools/bin/../lib/gcc/arm-none-eabi/9.3.1/../../../../arm-none-eabi/lib/thumb/v6-m/nofp\libcr_nohost_nf.a(_cr__main.o)
                              ./startup/startup_lpc812.o (__main)
c:/nxp/mcuxpressoide_11.3.0_5222/ide/plugins/com.nxp.mcuxpresso.tools.win32_11.3.0.202008311133/tools/bin/../lib/gcc/arm-none-eabi/9.3.1/../../../../arm-none-eabi/lib/thumb/v6-m/nofp\libcr_c.a(memcpy.o)
                              ./source/Main_NTAG_THMS.o (memcpy)
c:/nxp/mcuxpressoide_11.3.0_5222/ide/plugins/com.nxp.mcuxpresso.tools.win32_11.3.0.202008311133/tools/bin/../lib/gcc/arm-none-eabi/9.3.1/../../../../arm-none-eabi/lib/thumb/v6-m/nofp\libcr_c.a(memset.o)
                              ./drivers/fsl_i2c.o (memset)
c:/nxp/mcuxpressoide_11.3.0_5222/ide/plugins/com.nxp.mcuxpresso.tools.win32_11.3.0.202008311133/tools/bin/../lib/gcc/arm-none-eabi/9.3.1/../../../../arm-none-eabi/lib/thumb/v6-m/nofp\libcr_c.a(alloc.o)
                              ./drivers/fsl_common.o (malloc)
c:/nxp/mcuxpressoide_11.3.0_5222/ide/plugins/com.nxp.mcuxpresso.tools.win32_11.3.0.202008311133/tools/bin/../lib/gcc/arm-none-eabi/9.3.1/../../../../arm-none-eabi/lib/thumb/v6-m/nofp\libcr_c.a(initio.o)
                              c:/nxp/mcuxpressoide_11.3.0_5222/ide/plugins/com.nxp.mcuxpresso.tools.win32_11.3.0.202008311133/tools/bin/../lib/gcc/arm-none-eabi/9.3.1/../../../../arm-none-eabi/lib/thumb/v6-m/nofp\libcr_nohost_nf.a(_cr__main.o) (_initio)
c:/nxp/mcuxpressoide_11.3.0_5222/ide/plugins/com.nxp.mcuxpresso.tools.win32_11.3.0.202008311133/tools/bin/../lib/gcc/arm-none-eabi/9.3.1/../../../../arm-none-eabi/lib/thumb/v6-m/nofp\libcr_c.a(printf.o)
                              ./THMS/thms_2_ndef.o (_sprintf)
c:/nxp/mcuxpressoide_11.3.0_5222/ide/plugins/com.nxp.mcuxpresso.tools.win32_11.3.0.202008311133/tools/bin/../lib/gcc/arm-none-eabi/9.3.1/../../../../arm-none-eabi/lib/thumb/v6-m/nofp\libcr_c.a(scanf.o)
                              ./THMS/thms_2_ndef.o (sscanf)
c:/nxp/mcuxpressoide_11.3.0_5222/ide/plugins/com.nxp.mcuxpresso.tools.win32_11.3.0.202008311133/tools/bin/../lib/gcc/arm-none-eabi/9.3.1/../../../../arm-none-eabi/lib/thumb/v6-m/nofp\libcr_c.a(setvbuf.o)
                              c:/nxp/mcuxpressoide_11.3.0_5222/ide/plugins/com.nxp.mcuxpresso.tools.win32_11.3.0.202008311133/tools/bin/../lib/gcc/arm-none-eabi/9.3.1/../../../../arm-none-eabi/lib/thumb/v6-m/nofp\libcr_c.a(initio.o) (setvbuf)
c:/nxp/mcuxpressoide_11.3.0_5222/ide/plugins/com.nxp.mcuxpresso.tools.win32_11.3.0.202008311133/tools/bin/../lib/gcc/arm-none-eabi/9.3.1/../../../../arm-none-eabi/lib/thumb/v6-m/nofp\libcr_c.a(strchr.o)
                              ./THMS/thms_2_ndef.o (strchr)
c:/nxp/mcuxpressoide_11.3.0_5222/ide/plugins/com.nxp.mcuxpresso.tools.win32_11.3.0.202008311133/tools/bin/../lib/gcc/arm-none-eabi/9.3.1/../../../../arm-none-eabi/lib/thumb/v6-m/nofp\libcr_c.a(strcpy.o)
                              ./THMS/thms_2_ndef.o (strcpy)
c:/nxp/mcuxpressoide_11.3.0_5222/ide/plugins/com.nxp.mcuxpresso.tools.win32_11.3.0.202008311133/tools/bin/../lib/gcc/arm-none-eabi/9.3.1/../../../../arm-none-eabi/lib/thumb/v6-m/nofp\libcr_c.a(strlen.o)
                              ./utilities/fsl_debug_console.o (strlen)
c:/nxp/mcuxpressoide_11.3.0_5222/ide/plugins/com.nxp.mcuxpresso.tools.win32_11.3.0.202008311133/tools/bin/../lib/gcc/arm-none-eabi/9.3.1/../../../../arm-none-eabi/lib/thumb/v6-m/nofp\libcr_c.a(ungetc.o)
                              c:/nxp/mcuxpressoide_11.3.0_5222/ide/plugins/com.nxp.mcuxpresso.tools.win32_11.3.0.202008311133/tools/bin/../lib/gcc/arm-none-eabi/9.3.1/../../../../arm-none-eabi/lib/thumb/v6-m/nofp\libcr_c.a(scanf.o) (ungetc)
c:/nxp/mcuxpressoide_11.3.0_5222/ide/plugins/com.nxp.mcuxpresso.tools.win32_11.3.0.202008311133/tools/bin/../lib/gcc/arm-none-eabi/9.3.1/../../../../arm-none-eabi/lib/thumb/v6-m/nofp\libcr_c.a(__fillbuf.o)
                              c:/nxp/mcuxpressoide_11.3.0_5222/ide/plugins/com.nxp.mcuxpresso.tools.win32_11.3.0.202008311133/tools/bin/../lib/gcc/arm-none-eabi/9.3.1/../../../../arm-none-eabi/lib/thumb/v6-m/nofp\libcr_c.a(scanf.o) (__filbuf)
c:/nxp/mcuxpressoide_11.3.0_5222/ide/plugins/com.nxp.mcuxpresso.tools.win32_11.3.0.202008311133/tools/bin/../lib/gcc/arm-none-eabi/9.3.1/../../../../arm-none-eabi/lib/thumb/v6-m/nofp\libcr_c.a(__init_alloc.o)
                              c:/nxp/mcuxpressoide_11.3.0_5222/ide/plugins/com.nxp.mcuxpresso.tools.win32_11.3.0.202008311133/tools/bin/../lib/gcc/arm-none-eabi/9.3.1/../../../../arm-none-eabi/lib/thumb/v6-m/nofp\libcr_c.a(alloc.o) (__heaps)
c:/nxp/mcuxpressoide_11.3.0_5222/ide/plugins/com.nxp.mcuxpresso.tools.win32_11.3.0.202008311133/tools/bin/../lib/gcc/arm-none-eabi/9.3.1/../../../../arm-none-eabi/lib/thumb/v6-m/nofp\libcr_c.a(_cr_sbrk.o)
[...]
Memory Configuration

Name             Origin             Length             Attributes
PROGRAM_FLASH    0x00000000         0x00004000         xr
SRAM             0x10000000         0x00000fe0         xrw
IAP_SRAM         0x10000fe0         0x00000020         xrw
*default*        0x00000000         0xffffffff

Linker script and memory map

LOAD ./utilities/fsl_assert.o
LOAD ./utilities/fsl_debug_console.o
LOAD ./timer/timer.o
LOAD ./startup/startup_lpc812.o
LOAD ./source/Main_NTAG_THMS.o
LOAD ./source/mtb.o
LOAD ./source/semihost_hardfault.o
LOAD ./drivers/fsl_clock.o
LOAD ./drivers/fsl_common.o
LOAD ./drivers/fsl_gpio.o
LOAD ./drivers/fsl_i2c.o
LOAD ./drivers/fsl_power.o
LOAD ./drivers/fsl_reset.o
LOAD ./drivers/fsl_swm.o
LOAD ./drivers/fsl_syscon.o
LOAD ./drivers/fsl_usart.o
LOAD ./device/system_LPC812.o
LOAD ./component/uart/fsl_adapter_miniusart.o
LOAD ./board/board.o
LOAD ./board/clock_config.o
LOAD ./board/pin_mux.o
LOAD ./THMS/THMS.o
LOAD ./THMS/thms_2_ndef.o
LOAD ./NTAG/NTAG.o
LOAD ./NDEF_Parse/ndef_parse.o
LOAD ./ADS1115/ads1115.o
START GROUP
LOAD c:/nxp/mcuxpressoide_11.3.0_5222/ide/plugins/com.nxp.mcuxpresso.tools.win32_11.3.0.202008311133/tools/bin/../lib/gcc/arm-none-eabi/9.3.1/../../../../arm-none-eabi/lib/thumb/v6-m/nofp\libcr_nohost_nf.a
LOAD c:/nxp/mcuxpressoide_11.3.0_5222/ide/plugins/com.nxp.mcuxpresso.tools.win32_11.3.0.202008311133/tools/bin/../lib/gcc/arm-none-eabi/9.3.1/../../../../arm-none-eabi/lib/thumb/v6-m/nofp\libcr_c.a
LOAD c:/nxp/mcuxpressoide_11.3.0_5222/ide/plugins/com.nxp.mcuxpresso.tools.win32_11.3.0.202008311133/tools/bin/../lib/gcc/arm-none-eabi/9.3.1/thumb/v6-m/nofp\libcr_eabihelpers.a
LOAD c:/nxp/mcuxpressoide_11.3.0_5222/ide/plugins/com.nxp.mcuxpresso.tools.win32_11.3.0.202008311133/tools/bin/../lib/gcc/arm-none-eabi/9.3.1/thumb/v6-m/nofp\libgcc.a
END GROUP
                0x00000000                __base_PROGRAM_FLASH = 0x0
                0x00000000                __base_Flash = 0x0
                0x00004000                __top_PROGRAM_FLASH = 0x4000
                0x00004000                __top_Flash = 0x4000
                0x10000000                __base_SRAM = 0x10000000
                0x10000000                __base_RAM = 0x10000000
                0x10000fe0                __top_SRAM = 0x10000fe0
                0x10000fe0                __top_RAM = 0x10000fe0
                0x10000fe0                __base_IAP_SRAM = 0x10000fe0
                0x10000fe0                __base_RAM2 = 0x10000fe0
                0x10001000                __top_IAP_SRAM = 0x10001000
                0x10001000                __top_RAM2 = 0x10001000

.text           0x00000000     0x3734
 FILL mask 0xff
                0x00000000                __vectors_start__ = ABSOLUTE (.)
 *(SORT_BY_ALIGNMENT(.isr_vector))
 .isr_vector    0x00000000       0xc0 ./startup/startup_lpc812.o
                0x00000000                g_pfnVectors
                0x00000000                __Vectors
                0x000000c0                . = ALIGN (0x4)
                0x000000c0                __section_table_start = .
                0x000000c0                __data_section_table = .
                0x000000c0        0x4 LONG 0x3734 LOADADDR (.data)
                0x000000c4        0x4 LONG 0x10000080 ADDR (.data)
                0x000000c8        0x4 LONG 0xc SIZEOF (.data)
                0x000000cc        0x4 LONG 0x3734 LOADADDR (.data_RAM2)
                0x000000d0        0x4 LONG 0x10000fe0 ADDR (.data_RAM2)
                0x000000d4        0x4 LONG 0x0 SIZEOF (.data_RAM2)
                0x000000d8                __data_section_table_end = .
                0x000000d8                __bss_section_table = .
                0x000000d8        0x4 LONG 0x1000008c ADDR (.bss)
                0x000000dc        0x4 LONG 0x1ac SIZEOF (.bss)
                0x000000e0        0x4 LONG 0x10000fe0 ADDR (.bss_RAM2)
                0x000000e4        0x4 LONG 0x0 SIZEOF (.bss_RAM2)
                0x000000e8                __bss_section_table_end = .
                0x000000e8                __section_table_end = .
 *(SORT_BY_ALIGNMENT(.after_vectors*))
 .after_vectors.reset
                0x000000e8       0x50 ./startup/startup_lpc812.o
                0x000000e8                ResetISR
 .after_vectors
                0x00000138      0x10c ./startup/startup_lpc812.o
                0x00000138                NMI_Handler
                0x0000013c                SVC_Handler
                0x0000013e                PendSV_Handler
                0x00000142                Reserved33_DriverIRQHandler
                0x00000142                Reserved39_DriverIRQHandler
                0x00000142                Reserved37_DriverIRQHandler
                0x00000142                SPI1_DriverIRQHandler
                0x00000142                SPI0_DriverIRQHandler
                0x00000142                I2C0_DriverIRQHandler
                0x00000142                SCT0_DriverIRQHandler
                0x00000142                PIN_INT3_DriverIRQHandler
                0x00000142                PIN_INT2_DriverIRQHandler
                0x00000142                CMP_DriverIRQHandler
                0x00000142                BOD_DriverIRQHandler
                0x00000142                Reserved36_DriverIRQHandler
                0x00000142                PIN_INT0_DriverIRQHandler
                0x00000142                Reserved35_DriverIRQHandler
                0x00000142                Reserved23_DriverIRQHandler
                0x00000142                Reserved34_DriverIRQHandler
                0x00000142                PIN_INT1_DriverIRQHandler
                0x00000142                IntDefaultHandler
                0x00000142                WDT_DriverIRQHandler
                0x00000142                Reserved18_DriverIRQHandler
                0x00000142                WKT_DriverIRQHandler
                0x00000142                MRT0_DriverIRQHandler
                0x00000142                PIN_INT4_DriverIRQHandler
                0x00000142                PIN_INT5_DriverIRQHandler
                0x00000142                PIN_INT6_DriverIRQHandler
                0x00000142                PIN_INT7_DriverIRQHandler
                0x00000142                Reserved38_DriverIRQHandler
                0x00000142                Reserved30_DriverIRQHandler
                0x00000142                Reserved22_DriverIRQHandler
                0x00000142                Reserved32_DriverIRQHandler
                0x00000144                SPI0_IRQHandler
                0x0000014c                SPI1_IRQHandler
                0x00000154                Reserved18_IRQHandler
                0x0000015c                USART0_IRQHandler
                0x00000164                USART1_IRQHandler
                0x0000016c                USART2_IRQHandler
                0x00000174                Reserved22_IRQHandler
                0x0000017c                Reserved23_IRQHandler
                0x00000184                I2C0_IRQHandler
                0x0000018c                SCT0_IRQHandler
                0x00000194                MRT0_IRQHandler
                0x0000019c                CMP_IRQHandler
                0x000001a4                WDT_IRQHandler
                0x000001ac                BOD_IRQHandler
                0x000001b4                Reserved30_IRQHandler
                0x000001bc                WKT_IRQHandler
                0x000001c4                Reserved32_IRQHandler
                0x000001cc                Reserved33_IRQHandler
                0x000001d4                Reserved34_IRQHandler
                0x000001dc                Reserved35_IRQHandler
                0x000001e4                Reserved36_IRQHandler
                0x000001ec                Reserved37_IRQHandler
                0x000001f4                Reserved38_IRQHandler
                0x000001fc                Reserved39_IRQHandler
                0x00000204                PIN_INT0_IRQHandler
                0x0000020c                PIN_INT1_IRQHandler
                0x00000214                PIN_INT2_IRQHandler
                0x0000021c                PIN_INT3_IRQHandler
                0x00000224                PIN_INT4_IRQHandler
                0x0000022c                PIN_INT5_IRQHandler
                0x00000234                PIN_INT6_IRQHandler
                0x0000023c                PIN_INT7_IRQHandler
 .after_vectors.init_data
                0x00000244       0x16 ./startup/startup_lpc812.o
                0x00000244                data_init
 .after_vectors.init_bss
                0x0000025a       0x14 ./startup/startup_lpc812.o
                0x0000025a                bss_init
                0x000002fc                . = 0x2fc
 *fill*         0x0000026e       0x8e ff
                0x000002fc                PROVIDE (__CRP_WORD_START__ = .)
 *(SORT_BY_ALIGNMENT(.crp))
 .crp           0x000002fc        0x4 ./startup/startup_lpc812.o
                0x000002fc                CRP_WORD
                0x00000300                PROVIDE (__CRP_WORD_END__ = .)
                0x00000001                ASSERT (! ((__CRP_WORD_START__ == __CRP_WORD_END__)), Linker CRP Enabled, but no CRP_WORD provided within application)
 *(SORT_BY_ALIGNMENT(.text*))
 .text.DbgConsole_Putchar
                0x00000300       0x24 ./utilities/fsl_debug_console.o
                0x00000300                DbgConsole_Putchar
 .text.DbgConsole_Init
                0x00000324       0x44 ./utilities/fsl_debug_console.o
                0x00000324                DbgConsole_Init
 .text.DbgConsole_Printf
                0x00000368      0x29c ./utilities/fsl_debug_console.o
                0x00000368                DbgConsole_Printf
 .text.SysTick_Handler
                0x00000604       0x14 ./timer/timer.o
                0x00000604                SysTick_Handler
 .text.init_ms_timer
                0x00000618       0x44 ./timer/timer.o
                0x00000618                init_ms_timer
 .text.timer_wait_ms
                0x0000065c       0x14 ./timer/timer.o
                0x0000065c                timer_wait_ms
 .text.thingsToDoAtInitialization
                0x00000670       0x80 ./source/Main_NTAG_THMS.o
                0x00000670                thingsToDoAtInitialization
 .text.set_NDEF_Text_Record_on_NTAG
                0x000006f0       0xb0 ./source/Main_NTAG_THMS.o
                0x000006f0                set_NDEF_Text_Record_on_NTAG
 .text.set_NTAG_do_instruction
                0x000007a0       0x78 ./source/Main_NTAG_THMS.o
                0x000007a0                set_NTAG_do_instruction
 .text.get_NTAG_do_instructuion
                0x00000818       0x58 ./source/Main_NTAG_THMS.o
                0x00000818                get_NTAG_do_instructuion
 .text.startup.main
                0x00000870      0x13c ./source/Main_NTAG_THMS.o
                0x00000870                main
 .text.HardFault_Handler
                0x000009ac       0x2c ./source/semihost_hardfault.o
                0x000009ac                HardFault_Handler
 .text.CLOCK_GetSysOscFreq
                0x000009d8       0x1c ./drivers/fsl_clock.o
                0x000009d8                CLOCK_GetSysOscFreq
 .text.CLOCK_GetSystemPLLInClockRate
                0x000009f4       0x40 ./drivers/fsl_clock.o
                0x000009f4                CLOCK_GetSystemPLLInClockRate
 .text.CLOCK_GetMainClkFreq
                0x00000a34       0x44 ./drivers/fsl_clock.o
                0x00000a34                CLOCK_GetMainClkFreq
 .text.CLOCK_InitSystemPll
                0x00000a78       0xa0 ./drivers/fsl_clock.o
                0x00000a78                CLOCK_InitSystemPll
 .text.CLOCK_SetMainClkSrc
                0x00000b18       0x34 ./drivers/fsl_clock.o
                0x00000b18                CLOCK_SetMainClkSrc
 .text.CLOCK_UpdateClkOUTsrc
                0x00000b4c       0x10 ./drivers/fsl_clock.o
                0x00000b4c                CLOCK_UpdateClkOUTsrc
 .text.GPIO_PortInit
                0x00000b5c       0x18 ./drivers/fsl_gpio.o
                0x00000b5c                GPIO_PortInit
 .text.GPIO_PinInit
                0x00000b74       0x4c ./drivers/fsl_gpio.o
                0x00000b74                GPIO_PinInit
 .text.I2C_GetInstance
                0x00000bc0       0x10 ./drivers/fsl_i2c.o
                0x00000bc0                I2C_GetInstance
 .text.I2C_MasterGetDefaultConfig
                0x00000bd0       0x20 ./drivers/fsl_i2c.o
                0x00000bd0                I2C_MasterGetDefaultConfig
 .text.I2C_MasterInit
                0x00000bf0       0x4c ./drivers/fsl_i2c.o
                0x00000bf0                I2C_MasterInit
 .text.I2C_MasterStart
                0x00000c3c       0x2c ./drivers/fsl_i2c.o
                0x00000c3c                I2C_MasterStart
 .text.I2C_MasterStop
                0x00000c68       0x24 ./drivers/fsl_i2c.o
                0x00000c68                I2C_MasterStop
 .text.I2C_MasterWriteBlocking
                0x00000c8c       0x98 ./drivers/fsl_i2c.o
                0x00000c8c                I2C_MasterWriteBlocking
 .text.I2C_MasterReadBlocking
                0x00000d24       0x8c ./drivers/fsl_i2c.o
                0x00000d24                I2C_MasterReadBlocking
 .text.RESET_PeripheralReset
                0x00000db0       0x18 ./drivers/fsl_reset.o
                0x00000db0                RESET_PeripheralReset
 .text.USART_GetInstance
                0x00000dc8       0x2c ./drivers/fsl_usart.o
                0x00000dc8                USART_GetInstance
 .text.USART_Init
                0x00000df4       0xfc ./drivers/fsl_usart.o
                0x00000df4                USART_Init
 .text.USART_ReadBlocking
                0x00000ef0       0x7c ./drivers/fsl_usart.o
                0x00000ef0                USART_ReadBlocking
 .text.USART0_DriverIRQHandler
                0x00000f6c       0x1c ./drivers/fsl_usart.o
                0x00000f6c                USART0_DriverIRQHandler
 .text.USART1_DriverIRQHandler
                0x00000f88       0x1c ./drivers/fsl_usart.o
                0x00000f88                USART1_DriverIRQHandler
 .text.USART2_DriverIRQHandler
                0x00000fa4       0x1c ./drivers/fsl_usart.o
                0x00000fa4                USART2_DriverIRQHandler
 .text.SystemInit
                0x00000fc0       0x24 ./device/system_LPC812.o
                0x00000fc0                SystemInit
 .text.HAL_UartInit
                0x00000fe4       0x6c ./component/uart/fsl_adapter_miniusart.o
                0x00000fe4                HAL_UartInit
 .text.HAL_UartReceiveBlocking
                0x00001050       0x2c ./component/uart/fsl_adapter_miniusart.o
                0x00001050                HAL_UartReceiveBlocking
 .text.HAL_UartSendBlocking
                0x0000107c       0x18 ./component/uart/fsl_adapter_miniusart.o
                0x0000107c                HAL_UartSendBlocking
 .text.BOARD_InitDebugConsole
                0x00001094       0x38 ./board/board.o
                0x00001094                BOARD_InitDebugConsole
 .text.BOARD_BootClockIRC12M
                0x000010cc       0x68 ./board/clock_config.o
                0x000010cc                BOARD_BootClockIRC12M
 .text.BOARD_InitPins
                0x00001134       0x48 ./board/pin_mux.o
                0x00001134                BOARD_InitPins
 .text.init_thms
                0x0000117c       0x64 ./THMS/THMS.o
                0x0000117c                init_thms
 .text.thms_get_sensor_signal
                0x000011e0      0x260 ./THMS/THMS.o
                0x000011e0                thms_get_sensor_signal
 .text.thms2ndef_setInitialNDEFMessage
                0x00001440       0x20 ./THMS/thms_2_ndef.o
                0x00001440                thms2ndef_setInitialNDEFMessage
 .text.thms2ndef_generateMeasTextAndDoInstruction
                0x00001460       0x40 ./THMS/thms_2_ndef.o
                0x00001460                thms2ndef_generateMeasTextAndDoInstruction
 .text.thms2ndef_generateConfigInfoTextAndDoInstruction
                0x000014a0       0x4c ./THMS/thms_2_ndef.o
                0x000014a0                thms2ndef_generateConfigInfoTextAndDoInstruction
 .text.thms2ndef_set_FSM_DoInstruction
                0x000014ec       0x64 ./THMS/thms_2_ndef.o
                0x000014ec                thms2ndef_set_FSM_DoInstruction
 .text.write_i2c
                0x00001550       0x3c ./NTAG/NTAG.o
 .text.read_i2c_with_command
                0x0000158c       0x64 ./NTAG/NTAG.o
 .text.write_i2c_with_command.constprop.0
                0x000015f0       0x50 ./NTAG/NTAG.o
 .text.inti_ntag
                0x00001640       0x18 ./NTAG/NTAG.o
                0x00001640                inti_ntag
 .text.ntag_change_local_i2c_address
                0x00001658        0xc ./NTAG/NTAG.o
                0x00001658                ntag_change_local_i2c_address
 .text.ntag_change_device_i2c_address
                0x00001664       0x34 ./NTAG/NTAG.o
                0x00001664                ntag_change_device_i2c_address
 .text.ntag_factory_resest_of_memory
                0x00001698       0x8c ./NTAG/NTAG.o
                0x00001698                ntag_factory_resest_of_memory
 .text.write_i2c_with_command.constprop.0
                0x00001724       0x50 ./ADS1115/ads1115.o
 .text.ADS1115_useAlertPin
                0x00001774       0x14 ./ADS1115/ads1115.o
                0x00001774                ADS1115_useAlertPin
 .text.ADS1115_setMUX
                0x00001788       0x18 ./ADS1115/ads1115.o
                0x00001788                ADS1115_setMUX
 .text.ADS1115_setGain
                0x000017a0       0x30 ./ADS1115/ads1115.o
                0x000017a0                ADS1115_setGain
 .text.ADS1115_setDataRate
                0x000017d0       0x2c ./ADS1115/ads1115.o
                0x000017d0                ADS1115_setDataRate
 .text.init_ADS1115
                0x000017fc       0x60 ./ADS1115/ads1115.o
                0x000017fc                init_ADS1115
 .text.ADS1115_getSamplingPeriod_us
                0x0000185c        0xc ./ADS1115/ads1115.o
                0x0000185c                ADS1115_getSamplingPeriod_us
 .text.ADS1115_setConversionMode
                0x00001868       0x18 ./ADS1115/ads1115.o
                0x00001868                ADS1115_setConversionMode
 .text.ADS1115_sendConfig
                0x00001880       0x18 ./ADS1115/ads1115.o
                0x00001880                ADS1115_sendConfig
 .text.ADS1115_startContinuous
                0x00001898       0x38 ./ADS1115/ads1115.o
                0x00001898                ADS1115_startContinuous
 .text.ADS1115_getLastConversionResults
                0x000018d0       0x60 ./ADS1115/ads1115.o
                0x000018d0                ADS1115_getLastConversionResults
 .text.ADS1115_get_THMS_TimeMeasurementValue_array
                0x00001930       0x90 ./ADS1115/ads1115.o
                0x00001930                ADS1115_get_THMS_TimeMeasurementValue_array
 .text.malloc   0x000019c0       0xd0 c:/nxp/mcuxpressoide_11.3.0_5222/ide/plugins/com.nxp.mcuxpresso.tools.win32_11.3.0.202008311133/tools/bin/../lib/gcc/arm-none-eabi/9.3.1/../../../../arm-none-eabi/lib/thumb/v6-m/nofp\libcr_c.a(alloc.o)
                0x000019c0                malloc
 .text._Csys_alloc
                0x00001a90       0x20 c:/nxp/mcuxpressoide_11.3.0_5222/ide/plugins/com.nxp.mcuxpresso.tools.win32_11.3.0.202008311133/tools/bin/../lib/gcc/arm-none-eabi/9.3.1/../../../../arm-none-eabi/lib/thumb/v6-m/nofp\libcr_c.a(alloc.o)
                0x00001a90                _Csys_alloc
 .text._initio  0x00001ab0       0x7c c:/nxp/mcuxpressoide_11.3.0_5222/ide/plugins/com.nxp.mcuxpresso.tools.win32_11.3.0.202008311133/tools/bin/../lib/gcc/arm-none-eabi/9.3.1/../../../../arm-none-eabi/lib/thumb/v6-m/nofp\libcr_c.a(initio.o)
                0x00001ab0                _initio
 .text.__vfprintf
                0x00001b2c      0xd40 c:/nxp/mcuxpressoide_11.3.0_5222/ide/plugins/com.nxp.mcuxpresso.tools.win32_11.3.0.202008311133/tools/bin/../lib/gcc/arm-none-eabi/9.3.1/../../../../arm-none-eabi/lib/thumb/v6-m/nofp\libcr_c.a(printf.o)
                0x00001b2c                __vfprintf
 .text._sprintf
                0x0000286c       0x6c c:/nxp/mcuxpressoide_11.3.0_5222/ide/plugins/com.nxp.mcuxpresso.tools.win32_11.3.0.202008311133/tools/bin/../lib/gcc/arm-none-eabi/9.3.1/../../../../arm-none-eabi/lib/thumb/v6-m/nofp\libcr_c.a(printf.o)
                0x0000286c                _sprintf
 .text.setvbuf  0x000028d8       0x4c c:/nxp/mcuxpressoide_11.3.0_5222/ide/plugins/com.nxp.mcuxpresso.tools.win32_11.3.0.202008311133/tools/bin/../lib/gcc/arm-none-eabi/9.3.1/../../../../arm-none-eabi/lib/thumb/v6-m/nofp\libcr_c.a(setvbuf.o)
                0x000028d8                setvbuf
 .text.strcpy   0x00002924       0x44 c:/nxp/mcuxpressoide_11.3.0_5222/ide/plugins/com.nxp.mcuxpresso.tools.win32_11.3.0.202008311133/tools/bin/../lib/gcc/arm-none-eabi/9.3.1/../../../../arm-none-eabi/lib/thumb/v6-m/nofp\libcr_c.a(strcpy.o)
                0x00002924                strcpy
 .text.strlen   0x00002968       0x58 c:/nxp/mcuxpressoide_11.3.0_5222/ide/plugins/com.nxp.mcuxpresso.tools.win32_11.3.0.202008311133/tools/bin/../lib/gcc/arm-none-eabi/9.3.1/../../../../arm-none-eabi/lib/thumb/v6-m/nofp\libcr_c.a(strlen.o)
                0x00002968                strlen
 .text._sbrk    0x000029c0       0x44 c:/nxp/mcuxpressoide_11.3.0_5222/ide/plugins/com.nxp.mcuxpresso.tools.win32_11.3.0.202008311133/tools/bin/../lib/gcc/arm-none-eabi/9.3.1/../../../../arm-none-eabi/lib/thumb/v6-m/nofp\libcr_c.a(_cr_sbrk.o)
                0x000029c0                _sbrk
 .text._deferredlazyseek
                0x00002a04       0x40 c:/nxp/mcuxpressoide_11.3.0_5222/ide/plugins/com.nxp.mcuxpresso.tools.win32_11.3.0.202008311133/tools/bin/../lib/gcc/arm-none-eabi/9.3.1/../../../../arm-none-eabi/lib/thumb/v6-m/nofp\libcr_c.a(_deferredlazyseek.o)
                0x00002a04                _deferredlazyseek
 .text.__flsbuf
                0x00002a44      0x150 c:/nxp/mcuxpressoide_11.3.0_5222/ide/plugins/com.nxp.mcuxpresso.tools.win32_11.3.0.202008311133/tools/bin/../lib/gcc/arm-none-eabi/9.3.1/../../../../arm-none-eabi/lib/thumb/v6-m/nofp\libcr_c.a(_deferredlazyseek.o)
                0x00002a44                __flsbuf
 .text._fdopen  0x00002b94       0x74 c:/nxp/mcuxpressoide_11.3.0_5222/ide/plugins/com.nxp.mcuxpresso.tools.win32_11.3.0.202008311133/tools/bin/../lib/gcc/arm-none-eabi/9.3.1/../../../../arm-none-eabi/lib/thumb/v6-m/nofp\libcr_c.a(_fdopen.o)
                0x00002b94                _fdopen
 .text._fflush  0x00002c08       0x60 c:/nxp/mcuxpressoide_11.3.0_5222/ide/plugins/com.nxp.mcuxpresso.tools.win32_11.3.0.202008311133/tools/bin/../lib/gcc/arm-none-eabi/9.3.1/../../../../arm-none-eabi/lib/thumb/v6-m/nofp\libcr_c.a(_fflush.o)
                0x00002c08                _fflush
 .text._Cwritebuf
                0x00002c68       0x68 c:/nxp/mcuxpressoide_11.3.0_5222/ide/plugins/com.nxp.mcuxpresso.tools.win32_11.3.0.202008311133/tools/bin/../lib/gcc/arm-none-eabi/9.3.1/../../../../arm-none-eabi/lib/thumb/v6-m/nofp\libcr_c.a(_writebuf.o)
                0x00002c68                _Cwritebuf
 .text.fclose   0x00002cd0       0x5c c:/nxp/mcuxpressoide_11.3.0_5222/ide/plugins/com.nxp.mcuxpresso.tools.win32_11.3.0.202008311133/tools/bin/../lib/gcc/arm-none-eabi/9.3.1/../../../../arm-none-eabi/lib/thumb/v6-m/nofp\libcr_c.a(fclose.o)
                0x00002cd0                fclose
 .text.fflush   0x00002d2c       0x44 c:/nxp/mcuxpressoide_11.3.0_5222/ide/plugins/com.nxp.mcuxpresso.tools.win32_11.3.0.202008311133/tools/bin/../lib/gcc/arm-none-eabi/9.3.1/../../../../arm-none-eabi/lib/thumb/v6-m/nofp\libcr_c.a(fflush.o)
                0x00002d2c                fflush
 .text.fseek    0x00002d70       0xf4 c:/nxp/mcuxpressoide_11.3.0_5222/ide/plugins/com.nxp.mcuxpresso.tools.win32_11.3.0.202008311133/tools/bin/../lib/gcc/arm-none-eabi/9.3.1/../../../../arm-none-eabi/lib/thumb/v6-m/nofp\libcr_c.a(fseek.o)
                0x00002d70                fseek
 .text.ftell    0x00002e64       0x48 c:/nxp/mcuxpressoide_11.3.0_5222/ide/plugins/com.nxp.mcuxpresso.tools.win32_11.3.0.202008311133/tools/bin/../lib/gcc/arm-none-eabi/9.3.1/../../../../arm-none-eabi/lib/thumb/v6-m/nofp\libcr_c.a(ftell.o)
                0x00002e64                ftell
 .text.__check_heap_overflow
                0x00002eac       0x14 c:/nxp/mcuxpressoide_11.3.0_5222/ide/plugins/com.nxp.mcuxpresso.tools.win32_11.3.0.202008311133/tools/bin/../lib/gcc/arm-none-eabi/9.3.1/../../../../arm-none-eabi/lib/thumb/v6-m/nofp\libcr_c.a(_cr_check_heap.o)
                0x00002eac                __check_heap_overflow
 .text._do_fflush
                0x00002ec0       0x48 c:/nxp/mcuxpressoide_11.3.0_5222/ide/plugins/com.nxp.mcuxpresso.tools.win32_11.3.0.202008311133/tools/bin/../lib/gcc/arm-none-eabi/9.3.1/../../../../arm-none-eabi/lib/thumb/v6-m/nofp\libcr_c.a(_do_fflush.o)
                0x00002ec0                _do_fflush
 .text.reanimateNTAG
                0x00002f08       0x1c ./source/Main_NTAG_THMS.o
                0x00002f08                reanimateNTAG
 .text.CLOCK_UpdateClkSrc
                0x00002f24       0x14 ./drivers/fsl_clock.o
 .text.I2C_MasterSetBaudRate
                0x00002f38       0xa6 ./drivers/fsl_i2c.o
                0x00002f38                I2C_MasterSetBaudRate
 .text.SWM_SetMovablePinSelect
                0x00002fde       0x1e ./drivers/fsl_swm.o
                0x00002fde                SWM_SetMovablePinSelect
 .text.USART_GetDefaultConfig
                0x00002ffc       0x20 ./drivers/fsl_usart.o
                0x00002ffc                USART_GetDefaultConfig
 .text.USART_SetBaudRate
                0x0000301c       0x1c ./drivers/fsl_usart.o
                0x0000301c                USART_SetBaudRate
 .text.USART_WriteBlocking
                0x00003038       0x24 ./drivers/fsl_usart.o
                0x00003038                USART_WriteBlocking
 .text.SystemInitHook
                0x0000305c        0x2 ./device/system_LPC812.o
                0x0000305c                SystemInitHook
 .text.thms_readAlertPinCheck
                0x0000305e        0xe ./THMS/THMS.o
                0x0000305e                thms_readAlertPinCheck
 .text.thms2ndef_freemMessTextArray
                0x0000306c        0x8 ./THMS/thms_2_ndef.o
                0x0000306c                thms2ndef_freemMessTextArray
 .text.thms2ndef_getNDEFMessageStartAndEndPoint
                0x00003074       0x30 ./THMS/thms_2_ndef.o
                0x00003074                thms2ndef_getNDEFMessageStartAndEndPoint
 .text.thms2ndef_get_FSM_DoInstruction_inNDEF16Bytes
                0x000030a4       0x8e ./THMS/thms_2_ndef.o
                0x000030a4                thms2ndef_get_FSM_DoInstruction_inNDEF16Bytes
 .text.ntag_read_userMemory
                0x00003132       0x3c ./NTAG/NTAG.o
                0x00003132                ntag_read_userMemory
 .text.ntag_write_userMemory
                0x0000316e       0x66 ./NTAG/NTAG.o
                0x0000316e                ntag_write_userMemory
 .text.ntag_write_session_or_config_register
                0x000031d4       0x18 ./NTAG/NTAG.o
                0x000031d4                ntag_write_session_or_config_register
 .text.ntag_nfcs_i2c_rst
                0x000031ec       0x16 ./NTAG/NTAG.o
                0x000031ec                ntag_nfcs_i2c_rst
 .text.create_ndef_record
                0x00003202      0x120 ./NDEF_Parse/ndef_parse.o
                0x00003202                create_ndef_record
 .text.free_ndef_record_struct_and_data_memory
                0x00003322       0x12 ./NDEF_Parse/ndef_parse.o
                0x00003322                free_ndef_record_struct_and_data_memory
 .text.ADS1115_stopContiuous
                0x00003334       0x10 ./ADS1115/ads1115.o
                0x00003334                ADS1115_stopContiuous
 .text.__main   0x00003344        0xc c:/nxp/mcuxpressoide_11.3.0_5222/ide/plugins/com.nxp.mcuxpresso.tools.win32_11.3.0.202008311133/tools/bin/../lib/gcc/arm-none-eabi/9.3.1/../../../../arm-none-eabi/lib/thumb/v6-m/nofp\libcr_nohost_nf.a(_cr__main.o)
                0x00003344                __main
 .text.memcpy   0x00003350        0x8 c:/nxp/mcuxpressoide_11.3.0_5222/ide/plugins/com.nxp.mcuxpresso.tools.win32_11.3.0.202008311133/tools/bin/../lib/gcc/arm-none-eabi/9.3.1/../../../../arm-none-eabi/lib/thumb/v6-m/nofp\libcr_c.a(memcpy.o)
                0x00003350                memcpy
 .text.memset   0x00003358        0x8 c:/nxp/mcuxpressoide_11.3.0_5222/ide/plugins/com.nxp.mcuxpresso.tools.win32_11.3.0.202008311133/tools/bin/../lib/gcc/arm-none-eabi/9.3.1/../../../../arm-none-eabi/lib/thumb/v6-m/nofp\libcr_c.a(memset.o)
                0x00003358                memset
 .text.free     0x00003360       0x2c c:/nxp/mcuxpressoide_11.3.0_5222/ide/plugins/com.nxp.mcuxpresso.tools.win32_11.3.0.202008311133/tools/bin/../lib/gcc/arm-none-eabi/9.3.1/../../../../arm-none-eabi/lib/thumb/v6-m/nofp\libcr_c.a(alloc.o)
                0x00003360                free
 .text.no_fp_display
                0x0000338c        0x4 c:/nxp/mcuxpressoide_11.3.0_5222/ide/plugins/com.nxp.mcuxpresso.tools.win32_11.3.0.202008311133/tools/bin/../lib/gcc/arm-none-eabi/9.3.1/../../../../arm-none-eabi/lib/thumb/v6-m/nofp\libcr_c.a(printf.o)
 .text.remove   0x00003390       0x12 c:/nxp/mcuxpressoide_11.3.0_5222/ide/plugins/com.nxp.mcuxpresso.tools.win32_11.3.0.202008311133/tools/bin/../lib/gcc/arm-none-eabi/9.3.1/../../../../arm-none-eabi/lib/thumb/v6-m/nofp\libcr_c.a(remove.o)
                0x00003390                remove
 .text.__aeabi_division_idivmod
                0x000033a2       0x78 c:/nxp/mcuxpressoide_11.3.0_5222/ide/plugins/com.nxp.mcuxpresso.tools.win32_11.3.0.202008311133/tools/bin/../lib/gcc/arm-none-eabi/9.3.1/thumb/v6-m/nofp\libcr_eabihelpers.a(division_32.o)
                0x000033a2                __aeabi_idivmod
                0x000033a2                __aeabi_idiv
                0x000033a8                __aeabi_uidivmod
                0x000033a8                __aeabi_uidiv
 .text.__aeabi_division_idiv0
                0x0000341a        0x2 c:/nxp/mcuxpressoide_11.3.0_5222/ide/plugins/com.nxp.mcuxpresso.tools.win32_11.3.0.202008311133/tools/bin/../lib/gcc/arm-none-eabi/9.3.1/thumb/v6-m/nofp\libcr_eabihelpers.a(division_idiv0.o)
                0x0000341a                __aeabi_idiv0
 .text.__aeabi_llong_lmul
                0x0000341c       0x2e c:/nxp/mcuxpressoide_11.3.0_5222/ide/plugins/com.nxp.mcuxpresso.tools.win32_11.3.0.202008311133/tools/bin/../lib/gcc/arm-none-eabi/9.3.1/thumb/v6-m/nofp\libcr_eabihelpers.a(llong.o)
                0x0000341c                __aeabi_lmul
 .text.__aeabi_memcpy
                0x0000344a       0x2c c:/nxp/mcuxpressoide_11.3.0_5222/ide/plugins/com.nxp.mcuxpresso.tools.win32_11.3.0.202008311133/tools/bin/../lib/gcc/arm-none-eabi/9.3.1/thumb/v6-m/nofp\libcr_eabihelpers.a(memcpy.o)
                0x0000344a                __aeabi_memcpy4
                0x0000344a                __aeabi_memcpy8
                0x0000344a                __aeabi_memcpy
 .text.__aeabi_memset_lowlevel
                0x00003476       0x2a c:/nxp/mcuxpressoide_11.3.0_5222/ide/plugins/com.nxp.mcuxpresso.tools.win32_11.3.0.202008311133/tools/bin/../lib/gcc/arm-none-eabi/9.3.1/thumb/v6-m/nofp\libcr_eabihelpers.a(memcpy.o)
                0x00003476                __aeabi_lowlevel_memset
 .text.__gnu_thumb1_case_uqi
                0x000034a0       0x10 c:/nxp/mcuxpressoide_11.3.0_5222/ide/plugins/com.nxp.mcuxpresso.tools.win32_11.3.0.202008311133/tools/bin/../lib/gcc/arm-none-eabi/9.3.1/thumb/v6-m/nofp\libcr_eabihelpers.a(thumb1_switch_helpers.o)
                0x000034a0                __gnu_thumb1_case_uqi
 .text.__gnu_thumb1_case_shi
                0x000034b0       0x10 c:/nxp/mcuxpressoide_11.3.0_5222/ide/plugins/com.nxp.mcuxpresso.tools.win32_11.3.0.202008311133/tools/bin/../lib/gcc/arm-none-eabi/9.3.1/thumb/v6-m/nofp\libcr_eabihelpers.a(thumb1_switch_helpers.o)
                0x000034b0                __gnu_thumb1_case_shi
 .text.__sys_appexit
                0x000034c0        0x2 c:/nxp/mcuxpressoide_11.3.0_5222/ide/plugins/com.nxp.mcuxpresso.tools.win32_11.3.0.202008311133/tools/bin/../lib/gcc/arm-none-eabi/9.3.1/../../../../arm-none-eabi/lib/thumb/v6-m/nofp\libcr_nohost_nf.a(__sys_appexit.o)
                0x000034c0                __sys_appexit
                0x000034c0                __exit
 .text.__sys_close
                0x000034c2        0x6 c:/nxp/mcuxpressoide_11.3.0_5222/ide/plugins/com.nxp.mcuxpresso.tools.win32_11.3.0.202008311133/tools/bin/../lib/gcc/arm-none-eabi/9.3.1/../../../../arm-none-eabi/lib/thumb/v6-m/nofp\libcr_nohost_nf.a(__sys_close.o)
                0x000034c2                __sys_close
 .text.__sys_flen
                0x000034c8        0x6 c:/nxp/mcuxpressoide_11.3.0_5222/ide/plugins/com.nxp.mcuxpresso.tools.win32_11.3.0.202008311133/tools/bin/../lib/gcc/arm-none-eabi/9.3.1/../../../../arm-none-eabi/lib/thumb/v6-m/nofp\libcr_nohost_nf.a(__sys_flen.o)
                0x000034c8                __sys_flen
 .text.__sys_istty
                0x000034ce        0x6 c:/nxp/mcuxpressoide_11.3.0_5222/ide/plugins/com.nxp.mcuxpresso.tools.win32_11.3.0.202008311133/tools/bin/../lib/gcc/arm-none-eabi/9.3.1/../../../../arm-none-eabi/lib/thumb/v6-m/nofp\libcr_nohost_nf.a(__sys_istty.o)
                0x000034ce                __sys_istty
 .text.__sys_remove
                0x000034d4        0x6 c:/nxp/mcuxpressoide_11.3.0_5222/ide/plugins/com.nxp.mcuxpresso.tools.win32_11.3.0.202008311133/tools/bin/../lib/gcc/arm-none-eabi/9.3.1/../../../../arm-none-eabi/lib/thumb/v6-m/nofp\libcr_nohost_nf.a(__sys_remove.o)
                0x000034d4                __sys_remove
 .text.__sys_seek
                0x000034da        0x6 c:/nxp/mcuxpressoide_11.3.0_5222/ide/plugins/com.nxp.mcuxpresso.tools.win32_11.3.0.202008311133/tools/bin/../lib/gcc/arm-none-eabi/9.3.1/../../../../arm-none-eabi/lib/thumb/v6-m/nofp\libcr_nohost_nf.a(__sys_seek.o)
                0x000034da                __sys_seek
 .text.__sys_tmpnam
                0x000034e0        0x6 c:/nxp/mcuxpressoide_11.3.0_5222/ide/plugins/com.nxp.mcuxpresso.tools.win32_11.3.0.202008311133/tools/bin/../lib/gcc/arm-none-eabi/9.3.1/../../../../arm-none-eabi/lib/thumb/v6-m/nofp\libcr_nohost_nf.a(__sys_tmpnam.o)
                0x000034e0                __sys_tmpnam
 .text.__sys_write
                0x000034e6        0x4 c:/nxp/mcuxpressoide_11.3.0_5222/ide/plugins/com.nxp.mcuxpresso.tools.win32_11.3.0.202008311133/tools/bin/../lib/gcc/arm-none-eabi/9.3.1/../../../../arm-none-eabi/lib/thumb/v6-m/nofp\libcr_nohost_nf.a(__sys_write.o)
                0x000034e6                __sys_write
 *(SORT_BY_ALIGNMENT(.rodata) SORT_BY_ALIGNMENT(.rodata.*) SORT_BY_ALIGNMENT(.constdata) SORT_BY_ALIGNMENT(.constdata.*))
 *fill*         0x000034ea        0x2 ff
 .rodata.s_UsartAdapterBase
                0x000034ec        0xc ./component/uart/fsl_adapter_miniusart.o
 .rodata.DR_Settings
                0x000034f8       0x40 ./ADS1115/ads1115.o
                0x000034f8                DR_Settings
 .rodata.PGA_Settings
                0x00003538       0x30 ./ADS1115/ads1115.o
                0x00003538                PGA_Settings
 .rodata.__num_Ciob_streams
                0x00003568        0x4 c:/nxp/mcuxpressoide_11.3.0_5222/ide/plugins/com.nxp.mcuxpresso.tools.win32_11.3.0.202008311133/tools/bin/../lib/gcc/arm-none-eabi/9.3.1/../../../../arm-none-eabi/lib/thumb/v6-m/nofp\libcr_nohost_nf.a(__ciob.o)
                0x00003568                __num_Ciob_streams
 .rodata.set_NDEF_Text_Record_on_NTAG.str1.1
                0x0000356c        0x2 ./source/Main_NTAG_THMS.o
 .rodata.set_NTAG_do_instruction.str1.1
                0x0000356e       0x15 ./source/Main_NTAG_THMS.o
 .rodata.main.str1.1
                0x00003583        0xb ./source/Main_NTAG_THMS.o
 .rodata.s_i2cResets
                0x0000358e        0x4 ./drivers/fsl_i2c.o
 .rodata.s_usartClock
                0x00003592        0x3 ./drivers/fsl_usart.o
 .rodata.s_usartRest
                0x00003595        0x3 ./drivers/fsl_usart.o
 .rodata.thms_get_sensor_signal.str1.1
                0x00003598       0x79 ./THMS/THMS.o
                                 0x7c (size before relaxing)
 .rodata.thms2ndef_generateMeasTextAndDoInstruction.str1.1
                0x00003611       0x26 ./THMS/thms_2_ndef.o
 .rodata.thms2ndef_generateConfigInfoTextAndDoInstruction.str1.1
                0x00003637       0x35 ./THMS/thms_2_ndef.o
 .rodata.thms2ndef_set_FSM_DoInstruction.str1.1
                0x0000366c        0x4 ./THMS/thms_2_ndef.o
 .rodata        0x00003670       0x20 ./THMS/thms_2_ndef.o
 .rodata        0x00003690       0x50 ./NTAG/NTAG.o
 .rodata._Csys_alloc.str1.1
                0x000036e0       0x18 c:/nxp/mcuxpressoide_11.3.0_5222/ide/plugins/com.nxp.mcuxpresso.tools.win32_11.3.0.202008311133/tools/bin/../lib/gcc/arm-none-eabi/9.3.1/../../../../arm-none-eabi/lib/thumb/v6-m/nofp\libcr_c.a(alloc.o)
 .rodata._initio.str1.1
                0x000036f8        0x4 c:/nxp/mcuxpressoide_11.3.0_5222/ide/plugins/com.nxp.mcuxpresso.tools.win32_11.3.0.202008311133/tools/bin/../lib/gcc/arm-none-eabi/9.3.1/../../../../arm-none-eabi/lib/thumb/v6-m/nofp\libcr_c.a(initio.o)
 .rodata.__vfprintf.str1.1
                0x000036fc       0x37 c:/nxp/mcuxpressoide_11.3.0_5222/ide/plugins/com.nxp.mcuxpresso.tools.win32_11.3.0.202008311133/tools/bin/../lib/gcc/arm-none-eabi/9.3.1/../../../../arm-none-eabi/lib/thumb/v6-m/nofp\libcr_c.a(printf.o)
                                 0x38 (size before relaxing)
                0x00003734                . = ALIGN (0x4)
 *fill*         0x00003733        0x1 ff

.glue_7         0x00003734        0x0
 .glue_7        0x00003734        0x0 linker stubs

.glue_7t        0x00003734        0x0
 .glue_7t       0x00003734        0x0 linker stubs

.vfp11_veneer   0x00003734        0x0
 .vfp11_veneer  0x00003734        0x0 linker stubs

.v4_bx          0x00003734        0x0
 .v4_bx         0x00003734        0x0 linker stubs

.iplt           0x00003734        0x0
 .iplt          0x00003734        0x0 ./utilities/fsl_debug_console.o

.rel.dyn        0x00003734        0x0
 .rel.iplt      0x00003734        0x0 ./utilities/fsl_debug_console.o

.ARM.extab
 *(SORT_BY_ALIGNMENT(.ARM.extab*) SORT_BY_ALIGNMENT(.gnu.linkonce.armextab.*))

.ARM.exidx      0x00003734        0x0
                0x00003734                __exidx_start = .
 *(SORT_BY_ALIGNMENT(.ARM.exidx*) SORT_BY_ALIGNMENT(.gnu.linkonce.armexidx.*))
                0x00003734                __exidx_end = .
                0x00003734                _etext = .

.mtb_buffer_RAM2
 *(SORT_BY_ALIGNMENT(.mtb.$RAM2*))
 *(SORT_BY_ALIGNMENT(.mtb.$IAP_SRAM*))

.data_RAM2      0x10000fe0        0x0 load address 0x00003734
 FILL mask 0xff
                [!provide]                PROVIDE (__start_data_RAM2 = .)
                [!provide]                PROVIDE (__start_data_IAP_SRAM = .)
 *(SORT_BY_ALIGNMENT(.ramfunc.$RAM2))
 *(SORT_BY_ALIGNMENT(.ramfunc.$IAP_SRAM))
 *(SORT_BY_ALIGNMENT(.data.$RAM2))
 *(SORT_BY_ALIGNMENT(.data.$IAP_SRAM))
 *(SORT_BY_ALIGNMENT(.data.$RAM2.*))
 *(SORT_BY_ALIGNMENT(.data.$IAP_SRAM.*))
                0x10000fe0                . = ALIGN (0x4)
                [!provide]                PROVIDE (__end_data_RAM2 = .)
                [!provide]                PROVIDE (__end_data_IAP_SRAM = .)

.mtb_buffer_default
                0x10000000       0x80
 *(SORT_BY_ALIGNMENT(.mtb*))
 .mtb.$RAM1     0x10000000       0x80 ./source/mtb.o
                0x10000000                __mtb_buffer__

.uninit_RESERVED
                0x10000080        0x0
                0x10000080                _start_uninit_RESERVED = .
 *(SORT_BY_ALIGNMENT(.bss.$RESERVED*))
                0x10000080                . = ALIGN (0x4)
                0x10000080                _end_uninit_RESERVED = .

.data           0x10000080        0xc load address 0x00003734
 FILL mask 0xff
                0x10000080                _data = .
                [!provide]                PROVIDE (__start_data_RAM = .)
                [!provide]                PROVIDE (__start_data_SRAM = .)
 *(SORT_BY_ALIGNMENT(vtable))
 *(SORT_BY_ALIGNMENT(.ramfunc*))
 *(SORT_BY_ALIGNMENT(CodeQuickAccess))
 *(SORT_BY_ALIGNMENT(DataQuickAccess))
 *(SORT_BY_ALIGNMENT(RamFunction))
 *(SORT_BY_ALIGNMENT(.data*))
 .data.SystemCoreClock
                0x10000080        0x4 ./device/system_LPC812.o
                0x10000080                SystemCoreClock
 .data.conversionTime_inms_m
                0x10000084        0x4 ./ADS1115/ads1115.o
 .data.next_doInstruction
                0x10000088        0x1 ./source/Main_NTAG_THMS.o
                0x1000008c                . = ALIGN (0x4)
 *fill*         0x10000089        0x3 ff
                0x1000008c                _edata = .
                [!provide]                PROVIDE (__end_data_RAM = .)
                [!provide]                PROVIDE (__end_data_SRAM = .)

.igot.plt       0x1000008c        0x0 load address 0x00003740
 .igot.plt      0x1000008c        0x0 ./utilities/fsl_debug_console.o

.bss_RAM2       0x10000fe0        0x0
                [!provide]                PROVIDE (__start_bss_RAM2 = .)
                [!provide]                PROVIDE (__start_bss_IAP_SRAM = .)
 *(SORT_BY_ALIGNMENT(.bss.$RAM2))
 *(SORT_BY_ALIGNMENT(.bss.$IAP_SRAM))
 *(SORT_BY_ALIGNMENT(.bss.$RAM2.*))
 *(SORT_BY_ALIGNMENT(.bss.$IAP_SRAM.*))
                0x10000fe0                . = ALIGN ((. != 0x0)?0x4:0x1)
                [!provide]                PROVIDE (__end_bss_RAM2 = .)
                [!provide]                PROVIDE (__end_bss_IAP_SRAM = .)

.bss            0x1000008c      0x1ac
                0x1000008c                _bss = .
                [!provide]                PROVIDE (__start_bss_RAM = .)
                [!provide]                PROVIDE (__start_bss_SRAM = .)
 *(SORT_BY_ALIGNMENT(.bss*))
 .bss.s_debugConsole
                0x1000008c       0x14 ./utilities/fsl_debug_console.o
 .bss.g_systickCounter
                0x100000a0        0x4 ./timer/timer.o
                0x100000a0                g_systickCounter
 .bss.MeasurementSignal
                0x100000a4        0x4 ./source/Main_NTAG_THMS.o
 .bss.SensorSignal
                0x100000a8        0x4 ./source/Main_NTAG_THMS.o
 .bss.masterConfig
                0x100000ac        0xc ./source/Main_NTAG_THMS.o
 .bss.rsqrt_indicator
                0x100000b8        0x4 ./source/Main_NTAG_THMS.o
 .bss.g_Ext_Clk_Freq
                0x100000bc        0x4 ./drivers/fsl_clock.o
                0x100000bc                g_Ext_Clk_Freq
 .bss.g_Wdt_Osc_Freq
                0x100000c0        0x4 ./drivers/fsl_clock.o
                0x100000c0                g_Wdt_Osc_Freq
 .bss.s_Sys_Pll_Freq
                0x100000c4        0x4 ./drivers/fsl_clock.o
 .bss.s_usartHandle
                0x100000c8        0xc ./drivers/fsl_usart.o
 .bss.s_usartIsr
                0x100000d4        0x4 ./drivers/fsl_usart.o
 .bss.i2c_type_base_p_m
                0x100000d8        0x4 ./NTAG/NTAG.o
 .bss.deltaTCorrectionTimeUs_m
                0x100000dc        0x4 ./ADS1115/ads1115.o
 .bss.i2c_type_base_p_m
                0x100000e0        0x4 ./ADS1115/ads1115.o
 .bss.pga_amplification_inpv_m
                0x100000e4        0x4 ./ADS1115/ads1115.o
 .bss.sample_interval_us_m
                0x100000e8        0x4 ./ADS1115/ads1115.o
 .bss.__end_of_heap
                0x100000ec        0x4 c:/nxp/mcuxpressoide_11.3.0_5222/ide/plugins/com.nxp.mcuxpresso.tools.win32_11.3.0.202008311133/tools/bin/../lib/gcc/arm-none-eabi/9.3.1/../../../../arm-none-eabi/lib/thumb/v6-m/nofp\libcr_c.a(__init_alloc.o)
                0x100000ec                __end_of_heap
 .bss.__heaps   0x100000f0        0x4 c:/nxp/mcuxpressoide_11.3.0_5222/ide/plugins/com.nxp.mcuxpresso.tools.win32_11.3.0.202008311133/tools/bin/../lib/gcc/arm-none-eabi/9.3.1/../../../../arm-none-eabi/lib/thumb/v6-m/nofp\libcr_c.a(__init_alloc.o)
                0x100000f0                __heaps
 .bss.errno     0x100000f4        0x4 c:/nxp/mcuxpressoide_11.3.0_5222/ide/plugins/com.nxp.mcuxpresso.tools.win32_11.3.0.202008311133/tools/bin/../lib/gcc/arm-none-eabi/9.3.1/../../../../arm-none-eabi/lib/thumb/v6-m/nofp\libcr_c.a(errno.o)
                0x100000f4                errno
 .bss.__Ciob    0x100000f8       0xb4 c:/nxp/mcuxpressoide_11.3.0_5222/ide/plugins/com.nxp.mcuxpresso.tools.win32_11.3.0.202008311133/tools/bin/../lib/gcc/arm-none-eabi/9.3.1/../../../../arm-none-eabi/lib/thumb/v6-m/nofp\libcr_nohost_nf.a(__ciob.o)
                0x100000f8                __Ciob
 .bss.configRegister_m
                0x100001ac        0x2 ./ADS1115/ads1115.o
 .bss.fsm_state_m
                0x100001ae        0x1 ./source/Main_NTAG_THMS.o
 .bss.lastError
                0x100001af        0x1 ./source/Main_NTAG_THMS.o
 .bss.measurementCout
                0x100001b0        0x1 ./source/Main_NTAG_THMS.o
 .bss.ntagUserMemoryVal
                0x100001b1       0x80 ./source/Main_NTAG_THMS.o
 .bss.resetIndicator
                0x10000231        0x1 ./source/Main_NTAG_THMS.o
 .bss.ntag_config_m
                0x10000232        0x1 ./NTAG/NTAG.o
 .bss.i2c_address_m
                0x10000233        0x1 ./ADS1115/ads1115.o
 .bss.useAlertPin_m
                0x10000234        0x1 ./ADS1115/ads1115.o
 *(SORT_BY_ALIGNMENT(COMMON))
                0x10000238                . = ALIGN (0x4)
 *fill*         0x10000235        0x3 
                0x10000238                _ebss = .
                [!provide]                PROVIDE (__end_bss_RAM = .)
                [!provide]                PROVIDE (__end_bss_SRAM = .)
                [!provide]                PROVIDE (end = .)

.noinit_RAM2    0x10000fe0        0x0
                [!provide]                PROVIDE (__start_noinit_RAM2 = .)
                [!provide]                PROVIDE (__start_noinit_IAP_SRAM = .)
 *(SORT_BY_ALIGNMENT(.noinit.$RAM2))
 *(SORT_BY_ALIGNMENT(.noinit.$IAP_SRAM))
 *(SORT_BY_ALIGNMENT(.noinit.$RAM2.*))
 *(SORT_BY_ALIGNMENT(.noinit.$IAP_SRAM.*))
                0x10000fe0                . = ALIGN (0x4)
                [!provide]                PROVIDE (__end_noinit_RAM2 = .)
                [!provide]                PROVIDE (__end_noinit_IAP_SRAM = .)

.noinit         0x10000238        0x0
                0x10000238                _noinit = .
                [!provide]                PROVIDE (__start_noinit_RAM = .)
                [!provide]                PROVIDE (__start_noinit_SRAM = .)
 *(SORT_BY_ALIGNMENT(.noinit*))
                0x10000238                . = ALIGN (0x4)
                0x10000238                _end_noinit = .
                [!provide]                PROVIDE (__end_noinit_RAM = .)
                [!provide]                PROVIDE (__end_noinit_SRAM = .)
                0x000000f8                _HeapSize = 0xf8

.heap           0x10000238       0xf8
                0x10000238                _pvHeapStart = .
                0x10000330                . = (. + _HeapSize)
 *fill*         0x10000238       0xf8 
                0x10000330                . = ALIGN (0x4)
                0x10000330                _pvHeapLimit = .
                0x000000f8                _StackSize = 0xf8

.heap2stackfill
                0x10000330       0xf8
                0x10000428                . = (. + _StackSize)
 *fill*         0x10000330       0xf8 

.stack          0x10000ee8        0x0
                0x10000ee8                _vStackBase = .
                0x10000ee8                . = ALIGN (0x4)
                0x10000fe0                _vStackTop = (. + _StackSize)
                0xefffe451                PROVIDE (__valid_user_code_checksum = (0x0 - (((_vStackTop + (ResetISR + 0x1)) + (DEFINED (NMI_Handler)?NMI_Handler:M0_NMI_Handler + 0x1)) + (DEFINED (HardFault_Handler)?HardFault_Handler:M0_HardFault_Handler + 0x1))))
                0x00000000                _image_start = LOADADDR (.text)
                0x00003740                _image_end = (LOADADDR (.data) + SIZEOF (.data))
                0x00003740                _image_size = (_image_end - _image_start)
OUTPUT(lpcxpresso812_NTAG_THMS.axf elf32-littlearm)
LOAD linker stubs

.debug_info     0x00000000    0x12b60
 .debug_info    0x00000000     0x1563 ./utilities/fsl_debug_console.o
 .debug_info    0x00001563      0xb47 ./timer/timer.o
 .debug_info    0x000020aa      0x658 ./startup/startup_lpc812.o
 .debug_info    0x00002702     0x185b ./source/Main_NTAG_THMS.o
 .debug_info    0x00003f5d       0x4f ./source/mtb.o
 .debug_info    0x00003fac       0x38 ./source/semihost_hardfault.o
 .debug_info    0x00003fe4     0x110a ./drivers/fsl_clock.o
 .debug_info    0x000050ee      0x9eb ./drivers/fsl_gpio.o
 .debug_info    0x00005ad9     0x1ed4 ./drivers/fsl_i2c.o
 .debug_info    0x000079ad      0x66d ./drivers/fsl_reset.o
 .debug_info    0x0000801a      0x4c8 ./drivers/fsl_swm.o
 .debug_info    0x000084e2     0x1f47 ./drivers/fsl_usart.o
 .debug_info    0x0000a429      0x69d ./device/system_LPC812.o
 .debug_info    0x0000aac6      0xea2 ./component/uart/fsl_adapter_miniusart.o
 .debug_info    0x0000b968      0xa4b ./board/board.o
 .debug_info    0x0000c3b3      0x93a ./board/clock_config.o
 .debug_info    0x0000cced      0x919 ./board/pin_mux.o
 .debug_info    0x0000d606      0xe98 ./THMS/THMS.o
 .debug_info    0x0000e49e      0x9a6 ./THMS/thms_2_ndef.o
 .debug_info    0x0000ee44     0x1a28 ./NTAG/NTAG.o
 .debug_info    0x0001086c      0x927 ./NDEF_Parse/ndef_parse.o
 .debug_info    0x00011193     0x19cd ./ADS1115/ads1115.o

.debug_abbrev   0x00000000     0x39d1
 .debug_abbrev  0x00000000      0x3cf ./utilities/fsl_debug_console.o
 .debug_abbrev  0x000003cf      0x219 ./timer/timer.o
 .debug_abbrev  0x000005e8      0x187 ./startup/startup_lpc812.o
 .debug_abbrev  0x0000076f      0x325 ./source/Main_NTAG_THMS.o
 .debug_abbrev  0x00000a94       0x43 ./source/mtb.o
 .debug_abbrev  0x00000ad7       0x2e ./source/semihost_hardfault.o
 .debug_abbrev  0x00000b05      0x438 ./drivers/fsl_clock.o
 .debug_abbrev  0x00000f3d      0x238 ./drivers/fsl_gpio.o
 .debug_abbrev  0x00001175      0x52d ./drivers/fsl_i2c.o
 .debug_abbrev  0x000016a2      0x1b5 ./drivers/fsl_reset.o
 .debug_abbrev  0x00001857      0x1ab ./drivers/fsl_swm.o
 .debug_abbrev  0x00001a02      0x461 ./drivers/fsl_usart.o
 .debug_abbrev  0x00001e63      0x22b ./device/system_LPC812.o
 .debug_abbrev  0x0000208e      0x2d2 ./component/uart/fsl_adapter_miniusart.o
 .debug_abbrev  0x00002360      0x1f1 ./board/board.o
 .debug_abbrev  0x00002551      0x257 ./board/clock_config.o
 .debug_abbrev  0x000027a8      0x1d3 ./board/pin_mux.o
 .debug_abbrev  0x0000297b      0x375 ./THMS/THMS.o
 .debug_abbrev  0x00002cf0      0x244 ./THMS/thms_2_ndef.o
 .debug_abbrev  0x00002f34      0x40f ./NTAG/NTAG.o
 .debug_abbrev  0x00003343      0x213 ./NDEF_Parse/ndef_parse.o
 .debug_abbrev  0x00003556      0x47b ./ADS1115/ads1115.o

.debug_loc      0x00000000     0x787b
 .debug_loc     0x00000000     0x1561 ./utilities/fsl_debug_console.o
 .debug_loc     0x00001561       0x73 ./timer/timer.o
 .debug_loc     0x000015d4      0x234 ./startup/startup_lpc812.o
 .debug_loc     0x00001808      0x20e ./source/Main_NTAG_THMS.o
 .debug_loc     0x00001a16      0x59f ./drivers/fsl_clock.o
 .debug_loc     0x00001fb5      0x263 ./drivers/fsl_gpio.o
 .debug_loc     0x00002218     0x169e ./drivers/fsl_i2c.o
 .debug_loc     0x000038b6       0x8f ./drivers/fsl_reset.o
 .debug_loc     0x00003945      0x177 ./drivers/fsl_swm.o
 .debug_loc     0x00003abc      0xdbb ./drivers/fsl_usart.o
 .debug_loc     0x00004877       0xb5 ./device/system_LPC812.o
 .debug_loc     0x0000492c      0x276 ./component/uart/fsl_adapter_miniusart.o
 .debug_loc     0x00004ba2       0x58 ./board/board.o
 .debug_loc     0x00004bfa      0x112 ./board/clock_config.o
 .debug_loc     0x00004d0c       0x2c ./board/pin_mux.o
 .debug_loc     0x00004d38      0x966 ./THMS/THMS.o
 .debug_loc     0x0000569e      0x5fb ./THMS/thms_2_ndef.o
 .debug_loc     0x00005c99      0xd70 ./NTAG/NTAG.o
 .debug_loc     0x00006a09      0x86c ./NDEF_Parse/ndef_parse.o
 .debug_loc     0x00007275      0x606 ./ADS1115/ads1115.o

.debug_aranges  0x00000000      0x808
 .debug_aranges
                0x00000000       0x50 ./utilities/fsl_debug_console.o
 .debug_aranges
                0x00000050       0x30 ./timer/timer.o
 .debug_aranges
                0x00000080      0x160 ./startup/startup_lpc812.o
 .debug_aranges
                0x000001e0       0x50 ./source/Main_NTAG_THMS.o
 .debug_aranges
                0x00000230       0x18 ./source/mtb.o
 .debug_aranges
                0x00000248       0x20 ./source/semihost_hardfault.o
 .debug_aranges
                0x00000268       0xa0 ./drivers/fsl_clock.o
 .debug_aranges
                0x00000308       0x28 ./drivers/fsl_gpio.o
 .debug_aranges
                0x00000330       0x98 ./drivers/fsl_i2c.o
 .debug_aranges
                0x000003c8       0x20 ./drivers/fsl_reset.o
 .debug_aranges
                0x000003e8       0x28 ./drivers/fsl_swm.o
 .debug_aranges
                0x00000410       0xc0 ./drivers/fsl_usart.o
 .debug_aranges
                0x000004d0       0x30 ./device/system_LPC812.o
 .debug_aranges
                0x00000500       0x40 ./component/uart/fsl_adapter_miniusart.o
 .debug_aranges
                0x00000540       0x20 ./board/board.o
 .debug_aranges
                0x00000560       0x30 ./board/clock_config.o
 .debug_aranges
                0x00000590       0x28 ./board/pin_mux.o
 .debug_aranges
                0x000005b8       0x30 ./THMS/THMS.o
 .debug_aranges
                0x000005e8       0x68 ./THMS/thms_2_ndef.o
 .debug_aranges
                0x00000650       0xa0 ./NTAG/NTAG.o
 .debug_aranges
                0x000006f0       0x78 ./NDEF_Parse/ndef_parse.o
 .debug_aranges
                0x00000768       0xa0 ./ADS1115/ads1115.o

.debug_ranges   0x00000000     0x12b8
 .debug_ranges  0x00000000      0x120 ./utilities/fsl_debug_console.o
 .debug_ranges  0x00000120       0x58 ./timer/timer.o
 .debug_ranges  0x00000178      0x150 ./startup/startup_lpc812.o
 .debug_ranges  0x000002c8       0xd0 ./source/Main_NTAG_THMS.o
 .debug_ranges  0x00000398       0x10 ./source/semihost_hardfault.o
 .debug_ranges  0x000003a8       0xa8 ./drivers/fsl_clock.o
 .debug_ranges  0x00000450       0x60 ./drivers/fsl_gpio.o
 .debug_ranges  0x000004b0      0x380 ./drivers/fsl_i2c.o
 .debug_ranges  0x00000830       0x28 ./drivers/fsl_reset.o
 .debug_ranges  0x00000858       0x18 ./drivers/fsl_swm.o
 .debug_ranges  0x00000870      0x150 ./drivers/fsl_usart.o
 .debug_ranges  0x000009c0       0x50 ./device/system_LPC812.o
 .debug_ranges  0x00000a10       0x48 ./component/uart/fsl_adapter_miniusart.o
 .debug_ranges  0x00000a58       0x50 ./board/board.o
 .debug_ranges  0x00000aa8      0x120 ./board/clock_config.o
 .debug_ranges  0x00000bc8       0x58 ./board/pin_mux.o
 .debug_ranges  0x00000c20      0x1d0 ./THMS/THMS.o
 .debug_ranges  0x00000df0      0x148 ./THMS/thms_2_ndef.o
 .debug_ranges  0x00000f38      0x128 ./NTAG/NTAG.o
 .debug_ranges  0x00001060       0x88 ./NDEF_Parse/ndef_parse.o
 .debug_ranges  0x000010e8      0x1d0 ./ADS1115/ads1115.o

.debug_line     0x00000000     0x8346
 .debug_line    0x00000000      0xc69 ./utilities/fsl_debug_console.o
 .debug_line    0x00000c69      0x35d ./timer/timer.o
 .debug_line    0x00000fc6      0x3c3 ./startup/startup_lpc812.o
 .debug_line    0x00001389      0x973 ./source/Main_NTAG_THMS.o
 .debug_line    0x00001cfc       0x30 ./source/mtb.o
 .debug_line    0x00001d2c       0x5a ./source/semihost_hardfault.o
 .debug_line    0x00001d86      0x89a ./drivers/fsl_clock.o
 .debug_line    0x00002620      0x2b2 ./drivers/fsl_gpio.o
 .debug_line    0x000028d2      0xf33 ./drivers/fsl_i2c.o
 .debug_line    0x00003805      0x215 ./drivers/fsl_reset.o
 .debug_line    0x00003a1a      0x272 ./drivers/fsl_swm.o
 .debug_line    0x00003c8c      0xe76 ./drivers/fsl_usart.o
 .debug_line    0x00004b02      0x2dd ./device/system_LPC812.o
 .debug_line    0x00004ddf      0x3bb ./component/uart/fsl_adapter_miniusart.o
 .debug_line    0x0000519a      0x2f4 ./board/board.o
 .debug_line    0x0000548e      0x44d ./board/clock_config.o
 .debug_line    0x000058db      0x2bd ./board/pin_mux.o
 .debug_line    0x00005b98      0x72b ./THMS/THMS.o
 .debug_line    0x000062c3      0x609 ./THMS/thms_2_ndef.o
 .debug_line    0x000068cc      0x9c6 ./NTAG/NTAG.o
 .debug_line    0x00007292      0x82a ./NDEF_Parse/ndef_parse.o
 .debug_line    0x00007abc      0x88a ./ADS1115/ads1115.o

.debug_str      0x00000000     0x618a
 .debug_str     0x00000000     0x1344 ./utilities/fsl_debug_console.o
                               0x13a6 (size before relaxing)
 .debug_str     0x00001344      0x322 ./timer/timer.o
                               0x1008 (size before relaxing)
 .debug_str     0x00001666      0x3c3 ./startup/startup_lpc812.o
                                0x4f3 (size before relaxing)
 .debug_str     0x00001a29     0x1212 ./source/Main_NTAG_THMS.o
                               0x1fa0 (size before relaxing)
 .debug_str     0x00002c3b       0x1f ./source/mtb.o
                                0x13e (size before relaxing)
 .debug_str     0x00002c5a       0x1f ./source/semihost_hardfault.o
                                0x13e (size before relaxing)
 .debug_str     0x00002c79      0x6be ./drivers/fsl_clock.o
                               0x13b5 (size before relaxing)
 .debug_str     0x00003337      0x2f4 ./drivers/fsl_gpio.o
                                0x895 (size before relaxing)
 .debug_str     0x0000362b      0x770 ./drivers/fsl_i2c.o
                               0x10f1 (size before relaxing)
 .debug_str     0x00003d9b       0x65 ./drivers/fsl_reset.o
                                0x6c0 (size before relaxing)
 .debug_str     0x00003e00      0x4c0 ./drivers/fsl_swm.o
                                0x7ad (size before relaxing)
 .debug_str     0x000042c0      0xb35 ./drivers/fsl_usart.o
                               0x1f11 (size before relaxing)
 .debug_str     0x00004df5       0x93 ./device/system_LPC812.o
                                0x526 (size before relaxing)
 .debug_str     0x00004e88       0xdf ./component/uart/fsl_adapter_miniusart.o
                               0x13ad (size before relaxing)
 .debug_str     0x00004f67       0x1c ./board/board.o
                               0x1170 (size before relaxing)
 .debug_str     0x00004f83      0x142 ./board/clock_config.o
                                0x810 (size before relaxing)
 .debug_str     0x000050c5       0x26 ./board/pin_mux.o
                                0xa30 (size before relaxing)
 .debug_str     0x000050eb      0x30b ./THMS/THMS.o
                                0x747 (size before relaxing)
 .debug_str     0x000053f6      0x182 ./THMS/thms_2_ndef.o
                                0x61d (size before relaxing)
 .debug_str     0x00005578      0x3df ./NTAG/NTAG.o
                               0x152c (size before relaxing)
 .debug_str     0x00005957      0x2e4 ./NDEF_Parse/ndef_parse.o
                                0x701 (size before relaxing)
 .debug_str     0x00005c3b      0x54f ./ADS1115/ads1115.o
                               0x1ca9 (size before relaxing)

.comment        0x00000000       0x4c
 .comment       0x00000000       0x4c ./utilities/fsl_debug_console.o
                                 0x4d (size before relaxing)
 .comment       0x0000004c       0x4d ./timer/timer.o
 .comment       0x0000004c       0x4d ./startup/startup_lpc812.o
 .comment       0x0000004c       0x4d ./source/Main_NTAG_THMS.o
 .comment       0x0000004c       0x4d ./source/mtb.o
 .comment       0x0000004c       0x4d ./source/semihost_hardfault.o
 .comment       0x0000004c       0x4d ./drivers/fsl_clock.o
 .comment       0x0000004c       0x4d ./drivers/fsl_gpio.o
 .comment       0x0000004c       0x4d ./drivers/fsl_i2c.o
 .comment       0x0000004c       0x4d ./drivers/fsl_reset.o
 .comment       0x0000004c       0x4d ./drivers/fsl_swm.o
 .comment       0x0000004c       0x4d ./drivers/fsl_usart.o
 .comment       0x0000004c       0x4d ./device/system_LPC812.o
 .comment       0x0000004c       0x4d ./component/uart/fsl_adapter_miniusart.o
 .comment       0x0000004c       0x4d ./board/board.o
 .comment       0x0000004c       0x4d ./board/clock_config.o
 .comment       0x0000004c       0x4d ./board/pin_mux.o
 .comment       0x0000004c       0x4d ./THMS/THMS.o
 .comment       0x0000004c       0x4d ./THMS/thms_2_ndef.o
 .comment       0x0000004c       0x4d ./NTAG/NTAG.o
 .comment       0x0000004c       0x4d ./NDEF_Parse/ndef_parse.o
 .comment       0x0000004c       0x4d ./ADS1115/ads1115.o
 .comment       0x0000004c       0x4d c:/nxp/mcuxpressoide_11.3.0_5222/ide/plugins/com.nxp.mcuxpresso.tools.win32_11.3.0.202008311133/tools/bin/../lib/gcc/arm-none-eabi/9.3.1/../../../../arm-none-eabi/lib/thumb/v6-m/nofp\libcr_nohost_nf.a(_cr__main.o)
 .comment       0x0000004c       0x4d c:/nxp/mcuxpressoide_11.3.0_5222/ide/plugins/com.nxp.mcuxpresso.tools.win32_11.3.0.202008311133/tools/bin/../lib/gcc/arm-none-eabi/9.3.1/../../../../arm-none-eabi/lib/thumb/v6-m/nofp\libcr_c.a(memcpy.o)
 .comment       0x0000004c       0x4d c:/nxp/mcuxpressoide_11.3.0_5222/ide/plugins/com.nxp.mcuxpresso.tools.win32_11.3.0.202008311133/tools/bin/../lib/gcc/arm-none-eabi/9.3.1/../../../../arm-none-eabi/lib/thumb/v6-m/nofp\libcr_c.a(memset.o)
 .comment       0x0000004c       0x4d c:/nxp/mcuxpressoide_11.3.0_5222/ide/plugins/com.nxp.mcuxpresso.tools.win32_11.3.0.202008311133/tools/bin/../lib/gcc/arm-none-eabi/9.3.1/../../../../arm-none-eabi/lib/thumb/v6-m/nofp\libcr_c.a(alloc.o)
 .comment       0x0000004c       0x4d c:/nxp/mcuxpressoide_11.3.0_5222/ide/plugins/com.nxp.mcuxpresso.tools.win32_11.3.0.202008311133/tools/bin/../lib/gcc/arm-none-eabi/9.3.1/../../../../arm-none-eabi/lib/thumb/v6-m/nofp\libcr_c.a(initio.o)
 .comment       0x0000004c       0x4d c:/nxp/mcuxpressoide_11.3.0_5222/ide/plugins/com.nxp.mcuxpresso.tools.win32_11.3.0.202008311133/tools/bin/../lib/gcc/arm-none-eabi/9.3.1/../../../../arm-none-eabi/lib/thumb/v6-m/nofp\libcr_c.a(printf.o)
 .comment       0x0000004c       0x4d c:/nxp/mcuxpressoide_11.3.0_5222/ide/plugins/com.nxp.mcuxpresso.tools.win32_11.3.0.202008311133/tools/bin/../lib/gcc/arm-none-eabi/9.3.1/../../../../arm-none-eabi/lib/thumb/v6-m/nofp\libcr_c.a(setvbuf.o)
 .comment       0x0000004c       0x4d c:/nxp/mcuxpressoide_11.3.0_5222/ide/plugins/com.nxp.mcuxpresso.tools.win32_11.3.0.202008311133/tools/bin/../lib/gcc/arm-none-eabi/9.3.1/../../../../arm-none-eabi/lib/thumb/v6-m/nofp\libcr_c.a(strcpy.o)
 .comment       0x0000004c       0x4d c:/nxp/mcuxpressoide_11.3.0_5222/ide/plugins/com.nxp.mcuxpresso.tools.win32_11.3.0.202008311133/tools/bin/../lib/gcc/arm-none-eabi/9.3.1/../../../../arm-none-eabi/lib/thumb/v6-m/nofp\libcr_c.a(strlen.o)
 .comment       0x0000004c       0x4d c:/nxp/mcuxpressoide_11.3.0_5222/ide/plugins/com.nxp.mcuxpresso.tools.win32_11.3.0.202008311133/tools/bin/../lib/gcc/arm-none-eabi/9.3.1/../../../../arm-none-eabi/lib/thumb/v6-m/nofp\libcr_c.a(__init_alloc.o)
 .comment       0x0000004c       0x4d c:/nxp/mcuxpressoide_11.3.0_5222/ide/plugins/com.nxp.mcuxpresso.tools.win32_11.3.0.202008311133/tools/bin/../lib/gcc/arm-none-eabi/9.3.1/../../../../arm-none-eabi/lib/thumb/v6-m/nofp\libcr_c.a(_cr_sbrk.o)
 .comment       0x0000004c       0x4d c:/nxp/mcuxpressoide_11.3.0_5222/ide/plugins/com.nxp.mcuxpresso.tools.win32_11.3.0.202008311133/tools/bin/../lib/gcc/arm-none-eabi/9.3.1/../../../../arm-none-eabi/lib/thumb/v6-m/nofp\libcr_c.a(_deferredlazyseek.o)
 .comment       0x0000004c       0x4d c:/nxp/mcuxpressoide_11.3.0_5222/ide/plugins/com.nxp.mcuxpresso.tools.win32_11.3.0.202008311133/tools/bin/../lib/gcc/arm-none-eabi/9.3.1/../../../../arm-none-eabi/lib/thumb/v6-m/nofp\libcr_c.a(_fdopen.o)
 .comment       0x0000004c       0x4d c:/nxp/mcuxpressoide_11.3.0_5222/ide/plugins/com.nxp.mcuxpresso.tools.win32_11.3.0.202008311133/tools/bin/../lib/gcc/arm-none-eabi/9.3.1/../../../../arm-none-eabi/lib/thumb/v6-m/nofp\libcr_c.a(_fflush.o)
 .comment       0x0000004c       0x4d c:/nxp/mcuxpressoide_11.3.0_5222/ide/plugins/com.nxp.mcuxpresso.tools.win32_11.3.0.202008311133/tools/bin/../lib/gcc/arm-none-eabi/9.3.1/../../../../arm-none-eabi/lib/thumb/v6-m/nofp\libcr_c.a(_writebuf.o)
 .comment       0x0000004c       0x4d c:/nxp/mcuxpressoide_11.3.0_5222/ide/plugins/com.nxp.mcuxpresso.tools.win32_11.3.0.202008311133/tools/bin/../lib/gcc/arm-none-eabi/9.3.1/../../../../arm-none-eabi/lib/thumb/v6-m/nofp\libcr_c.a(errno.o)
 .comment       0x0000004c       0x4d c:/nxp/mcuxpressoide_11.3.0_5222/ide/plugins/com.nxp.mcuxpresso.tools.win32_11.3.0.202008311133/tools/bin/../lib/gcc/arm-none-eabi/9.3.1/../../../../arm-none-eabi/lib/thumb/v6-m/nofp\libcr_c.a(fclose.o)
 .comment       0x0000004c       0x4d c:/nxp/mcuxpressoide_11.3.0_5222/ide/plugins/com.nxp.mcuxpresso.tools.win32_11.3.0.202008311133/tools/bin/../lib/gcc/arm-none-eabi/9.3.1/../../../../arm-none-eabi/lib/thumb/v6-m/nofp\libcr_c.a(fflush.o)
 .comment       0x0000004c       0x4d c:/nxp/mcuxpressoide_11.3.0_5222/ide/plugins/com.nxp.mcuxpresso.tools.win32_11.3.0.202008311133/tools/bin/../lib/gcc/arm-none-eabi/9.3.1/../../../../arm-none-eabi/lib/thumb/v6-m/nofp\libcr_c.a(fseek.o)
 .comment       0x0000004c       0x4d c:/nxp/mcuxpressoide_11.3.0_5222/ide/plugins/com.nxp.mcuxpresso.tools.win32_11.3.0.202008311133/tools/bin/../lib/gcc/arm-none-eabi/9.3.1/../../../../arm-none-eabi/lib/thumb/v6-m/nofp\libcr_c.a(ftell.o)
 .comment       0x0000004c       0x4d c:/nxp/mcuxpressoide_11.3.0_5222/ide/plugins/com.nxp.mcuxpresso.tools.win32_11.3.0.202008311133/tools/bin/../lib/gcc/arm-none-eabi/9.3.1/../../../../arm-none-eabi/lib/thumb/v6-m/nofp\libcr_c.a(remove.o)
 .comment       0x0000004c       0x4d c:/nxp/mcuxpressoide_11.3.0_5222/ide/plugins/com.nxp.mcuxpresso.tools.win32_11.3.0.202008311133/tools/bin/../lib/gcc/arm-none-eabi/9.3.1/../../../../arm-none-eabi/lib/thumb/v6-m/nofp\libcr_c.a(_cr_check_heap.o)
 .comment       0x0000004c       0x4d c:/nxp/mcuxpressoide_11.3.0_5222/ide/plugins/com.nxp.mcuxpresso.tools.win32_11.3.0.202008311133/tools/bin/../lib/gcc/arm-none-eabi/9.3.1/../../../../arm-none-eabi/lib/thumb/v6-m/nofp\libcr_c.a(_do_fflush.o)
 .comment       0x0000004c       0x4d c:/nxp/mcuxpressoide_11.3.0_5222/ide/plugins/com.nxp.mcuxpresso.tools.win32_11.3.0.202008311133/tools/bin/../lib/gcc/arm-none-eabi/9.3.1/../../../../arm-none-eabi/lib/thumb/v6-m/nofp\libcr_nohost_nf.a(__ciob.o)
 .comment       0x0000004c       0x4d c:/nxp/mcuxpressoide_11.3.0_5222/ide/plugins/com.nxp.mcuxpresso.tools.win32_11.3.0.202008311133/tools/bin/../lib/gcc/arm-none-eabi/9.3.1/../../../../arm-none-eabi/lib/thumb/v6-m/nofp\libcr_nohost_nf.a(__sys_appexit.o)
 .comment       0x0000004c       0x4d c:/nxp/mcuxpressoide_11.3.0_5222/ide/plugins/com.nxp.mcuxpresso.tools.win32_11.3.0.202008311133/tools/bin/../lib/gcc/arm-none-eabi/9.3.1/../../../../arm-none-eabi/lib/thumb/v6-m/nofp\libcr_nohost_nf.a(__sys_close.o)
 .comment       0x0000004c       0x4d c:/nxp/mcuxpressoide_11.3.0_5222/ide/plugins/com.nxp.mcuxpresso.tools.win32_11.3.0.202008311133/tools/bin/../lib/gcc/arm-none-eabi/9.3.1/../../../../arm-none-eabi/lib/thumb/v6-m/nofp\libcr_nohost_nf.a(__sys_flen.o)
 .comment       0x0000004c       0x4d c:/nxp/mcuxpressoide_11.3.0_5222/ide/plugins/com.nxp.mcuxpresso.tools.win32_11.3.0.202008311133/tools/bin/../lib/gcc/arm-none-eabi/9.3.1/../../../../arm-none-eabi/lib/thumb/v6-m/nofp\libcr_nohost_nf.a(__sys_istty.o)
 .comment       0x0000004c       0x4d c:/nxp/mcuxpressoide_11.3.0_5222/ide/plugins/com.nxp.mcuxpresso.tools.win32_11.3.0.202008311133/tools/bin/../lib/gcc/arm-none-eabi/9.3.1/../../../../arm-none-eabi/lib/thumb/v6-m/nofp\libcr_nohost_nf.a(__sys_remove.o)
 .comment       0x0000004c       0x4d c:/nxp/mcuxpressoide_11.3.0_5222/ide/plugins/com.nxp.mcuxpresso.tools.win32_11.3.0.202008311133/tools/bin/../lib/gcc/arm-none-eabi/9.3.1/../../../../arm-none-eabi/lib/thumb/v6-m/nofp\libcr_nohost_nf.a(__sys_seek.o)
 .comment       0x0000004c       0x4d c:/nxp/mcuxpressoide_11.3.0_5222/ide/plugins/com.nxp.mcuxpresso.tools.win32_11.3.0.202008311133/tools/bin/../lib/gcc/arm-none-eabi/9.3.1/../../../../arm-none-eabi/lib/thumb/v6-m/nofp\libcr_nohost_nf.a(__sys_tmpnam.o)
 .comment       0x0000004c       0x4d c:/nxp/mcuxpressoide_11.3.0_5222/ide/plugins/com.nxp.mcuxpresso.tools.win32_11.3.0.202008311133/tools/bin/../lib/gcc/arm-none-eabi/9.3.1/../../../../arm-none-eabi/lib/thumb/v6-m/nofp\libcr_nohost_nf.a(__sys_write.o)

.ARM.attributes
                0x00000000       0x30
 .ARM.attributes
                0x00000000       0x2c ./utilities/fsl_debug_console.o
 .ARM.attributes
                0x0000002c       0x2c ./timer/timer.o
 .ARM.attributes
                0x00000058       0x2c ./startup/startup_lpc812.o
 .ARM.attributes
                0x00000084       0x2c ./source/Main_NTAG_THMS.o
 .ARM.attributes
                0x000000b0       0x32 ./source/mtb.o
 .ARM.attributes
                0x000000e2       0x2c ./source/semihost_hardfault.o
 .ARM.attributes
                0x0000010e       0x2c ./drivers/fsl_clock.o
 .ARM.attributes
                0x0000013a       0x2c ./drivers/fsl_gpio.o
 .ARM.attributes
                0x00000166       0x2c ./drivers/fsl_i2c.o
 .ARM.attributes
                0x00000192       0x2c ./drivers/fsl_reset.o
 .ARM.attributes
                0x000001be       0x2c ./drivers/fsl_swm.o
 .ARM.attributes
                0x000001ea       0x2c ./drivers/fsl_usart.o
 .ARM.attributes
                0x00000216       0x2c ./device/system_LPC812.o
 .ARM.attributes
                0x00000242       0x2c ./component/uart/fsl_adapter_miniusart.o
 .ARM.attributes
                0x0000026e       0x2c ./board/board.o
 .ARM.attributes
                0x0000029a       0x2c ./board/clock_config.o
 .ARM.attributes
                0x000002c6       0x2c ./board/pin_mux.o
 .ARM.attributes
                0x000002f2       0x2c ./THMS/THMS.o
 .ARM.attributes
                0x0000031e       0x2c ./THMS/thms_2_ndef.o
 .ARM.attributes
                0x0000034a       0x2c ./NTAG/NTAG.o
 .ARM.attributes
                0x00000376       0x2c ./NDEF_Parse/ndef_parse.o
 .ARM.attributes
                0x000003a2       0x2c ./ADS1115/ads1115.o
 .ARM.attributes
                0x000003ce       0x2c c:/nxp/mcuxpressoide_11.3.0_5222/ide/plugins/com.nxp.mcuxpresso.tools.win32_11.3.0.202008311133/tools/bin/../lib/gcc/arm-none-eabi/9.3.1/../../../../arm-none-eabi/lib/thumb/v6-m/nofp\libcr_nohost_nf.a(_cr__main.o)
 .ARM.attributes
                0x000003fa       0x2c c:/nxp/mcuxpressoide_11.3.0_5222/ide/plugins/com.nxp.mcuxpresso.tools.win32_11.3.0.202008311133/tools/bin/../lib/gcc/arm-none-eabi/9.3.1/../../../../arm-none-eabi/lib/thumb/v6-m/nofp\libcr_c.a(memcpy.o)
 .ARM.attributes
                0x00000426       0x2c c:/nxp/mcuxpressoide_11.3.0_5222/ide/plugins/com.nxp.mcuxpresso.tools.win32_11.3.0.202008311133/tools/bin/../lib/gcc/arm-none-eabi/9.3.1/../../../../arm-none-eabi/lib/thumb/v6-m/nofp\libcr_c.a(memset.o)
 .ARM.attributes
                0x00000452       0x2c c:/nxp/mcuxpressoide_11.3.0_5222/ide/plugins/com.nxp.mcuxpresso.tools.win32_11.3.0.202008311133/tools/bin/../lib/gcc/arm-none-eabi/9.3.1/../../../../arm-none-eabi/lib/thumb/v6-m/nofp\libcr_c.a(alloc.o)
 .ARM.attributes
                0x0000047e       0x2c c:/nxp/mcuxpressoide_11.3.0_5222/ide/plugins/com.nxp.mcuxpresso.tools.win32_11.3.0.202008311133/tools/bin/../lib/gcc/arm-none-eabi/9.3.1/../../../../arm-none-eabi/lib/thumb/v6-m/nofp\libcr_c.a(initio.o)
 .ARM.attributes
                0x000004aa       0x2c c:/nxp/mcuxpressoide_11.3.0_5222/ide/plugins/com.nxp.mcuxpresso.tools.win32_11.3.0.202008311133/tools/bin/../lib/gcc/arm-none-eabi/9.3.1/../../../../arm-none-eabi/lib/thumb/v6-m/nofp\libcr_c.a(printf.o)
 .ARM.attributes
                0x000004d6       0x2c c:/nxp/mcuxpressoide_11.3.0_5222/ide/plugins/com.nxp.mcuxpresso.tools.win32_11.3.0.202008311133/tools/bin/../lib/gcc/arm-none-eabi/9.3.1/../../../../arm-none-eabi/lib/thumb/v6-m/nofp\libcr_c.a(setvbuf.o)
 .ARM.attributes
                0x00000502       0x2c c:/nxp/mcuxpressoide_11.3.0_5222/ide/plugins/com.nxp.mcuxpresso.tools.win32_11.3.0.202008311133/tools/bin/../lib/gcc/arm-none-eabi/9.3.1/../../../../arm-none-eabi/lib/thumb/v6-m/nofp\libcr_c.a(strcpy.o)
 .ARM.attributes
                0x0000052e       0x2c c:/nxp/mcuxpressoide_11.3.0_5222/ide/plugins/com.nxp.mcuxpresso.tools.win32_11.3.0.202008311133/tools/bin/../lib/gcc/arm-none-eabi/9.3.1/../../../../arm-none-eabi/lib/thumb/v6-m/nofp\libcr_c.a(strlen.o)
 .ARM.attributes
                0x0000055a       0x2c c:/nxp/mcuxpressoide_11.3.0_5222/ide/plugins/com.nxp.mcuxpresso.tools.win32_11.3.0.202008311133/tools/bin/../lib/gcc/arm-none-eabi/9.3.1/../../../../arm-none-eabi/lib/thumb/v6-m/nofp\libcr_c.a(__init_alloc.o)
 .ARM.attributes
                0x00000586       0x2c c:/nxp/mcuxpressoide_11.3.0_5222/ide/plugins/com.nxp.mcuxpresso.tools.win32_11.3.0.202008311133/tools/bin/../lib/gcc/arm-none-eabi/9.3.1/../../../../arm-none-eabi/lib/thumb/v6-m/nofp\libcr_c.a(_cr_sbrk.o)
 .ARM.attributes
                0x000005b2       0x2c c:/nxp/mcuxpressoide_11.3.0_5222/ide/plugins/com.nxp.mcuxpresso.tools.win32_11.3.0.202008311133/tools/bin/../lib/gcc/arm-none-eabi/9.3.1/../../../../arm-none-eabi/lib/thumb/v6-m/nofp\libcr_c.a(_deferredlazyseek.o)
 .ARM.attributes
                0x000005de       0x2c c:/nxp/mcuxpressoide_11.3.0_5222/ide/plugins/com.nxp.mcuxpresso.tools.win32_11.3.0.202008311133/tools/bin/../lib/gcc/arm-none-eabi/9.3.1/../../../../arm-none-eabi/lib/thumb/v6-m/nofp\libcr_c.a(_fdopen.o)
 .ARM.attributes
                0x0000060a       0x2c c:/nxp/mcuxpressoide_11.3.0_5222/ide/plugins/com.nxp.mcuxpresso.tools.win32_11.3.0.202008311133/tools/bin/../lib/gcc/arm-none-eabi/9.3.1/../../../../arm-none-eabi/lib/thumb/v6-m/nofp\libcr_c.a(_fflush.o)
 .ARM.attributes
                0x00000636       0x2c c:/nxp/mcuxpressoide_11.3.0_5222/ide/plugins/com.nxp.mcuxpresso.tools.win32_11.3.0.202008311133/tools/bin/../lib/gcc/arm-none-eabi/9.3.1/../../../../arm-none-eabi/lib/thumb/v6-m/nofp\libcr_c.a(_writebuf.o)
 .ARM.attributes
                0x00000662       0x31 c:/nxp/mcuxpressoide_11.3.0_5222/ide/plugins/com.nxp.mcuxpresso.tools.win32_11.3.0.202008311133/tools/bin/../lib/gcc/arm-none-eabi/9.3.1/../../../../arm-none-eabi/lib/thumb/v6-m/nofp\libcr_c.a(errno.o)
 .ARM.attributes
                0x00000693       0x2c c:/nxp/mcuxpressoide_11.3.0_5222/ide/plugins/com.nxp.mcuxpresso.tools.win32_11.3.0.202008311133/tools/bin/../lib/gcc/arm-none-eabi/9.3.1/../../../../arm-none-eabi/lib/thumb/v6-m/nofp\libcr_c.a(fclose.o)
 .ARM.attributes
                0x000006bf       0x2c c:/nxp/mcuxpressoide_11.3.0_5222/ide/plugins/com.nxp.mcuxpresso.tools.win32_11.3.0.202008311133/tools/bin/../lib/gcc/arm-none-eabi/9.3.1/../../../../arm-none-eabi/lib/thumb/v6-m/nofp\libcr_c.a(fflush.o)
 .ARM.attributes
                0x000006eb       0x2c c:/nxp/mcuxpressoide_11.3.0_5222/ide/plugins/com.nxp.mcuxpresso.tools.win32_11.3.0.202008311133/tools/bin/../lib/gcc/arm-none-eabi/9.3.1/../../../../arm-none-eabi/lib/thumb/v6-m/nofp\libcr_c.a(fseek.o)
 .ARM.attributes
                0x00000717       0x2c c:/nxp/mcuxpressoide_11.3.0_5222/ide/plugins/com.nxp.mcuxpresso.tools.win32_11.3.0.202008311133/tools/bin/../lib/gcc/arm-none-eabi/9.3.1/../../../../arm-none-eabi/lib/thumb/v6-m/nofp\libcr_c.a(ftell.o)
 .ARM.attributes
                0x00000743       0x2c c:/nxp/mcuxpressoide_11.3.0_5222/ide/plugins/com.nxp.mcuxpresso.tools.win32_11.3.0.202008311133/tools/bin/../lib/gcc/arm-none-eabi/9.3.1/../../../../arm-none-eabi/lib/thumb/v6-m/nofp\libcr_c.a(remove.o)
 .ARM.attributes
                0x0000076f       0x2c c:/nxp/mcuxpressoide_11.3.0_5222/ide/plugins/com.nxp.mcuxpresso.tools.win32_11.3.0.202008311133/tools/bin/../lib/gcc/arm-none-eabi/9.3.1/../../../../arm-none-eabi/lib/thumb/v6-m/nofp\libcr_c.a(_cr_check_heap.o)
 .ARM.attributes
                0x0000079b       0x2c c:/nxp/mcuxpressoide_11.3.0_5222/ide/plugins/com.nxp.mcuxpresso.tools.win32_11.3.0.202008311133/tools/bin/../lib/gcc/arm-none-eabi/9.3.1/../../../../arm-none-eabi/lib/thumb/v6-m/nofp\libcr_c.a(_do_fflush.o)
 .ARM.attributes
                0x000007c7       0x1c c:/nxp/mcuxpressoide_11.3.0_5222/ide/plugins/com.nxp.mcuxpresso.tools.win32_11.3.0.202008311133/tools/bin/../lib/gcc/arm-none-eabi/9.3.1/thumb/v6-m/nofp\libcr_eabihelpers.a(division_32.o)
 .ARM.attributes
                0x000007e3       0x1c c:/nxp/mcuxpressoide_11.3.0_5222/ide/plugins/com.nxp.mcuxpresso.tools.win32_11.3.0.202008311133/tools/bin/../lib/gcc/arm-none-eabi/9.3.1/thumb/v6-m/nofp\libcr_eabihelpers.a(division_idiv0.o)
 .ARM.attributes
                0x000007ff       0x1c c:/nxp/mcuxpressoide_11.3.0_5222/ide/plugins/com.nxp.mcuxpresso.tools.win32_11.3.0.202008311133/tools/bin/../lib/gcc/arm-none-eabi/9.3.1/thumb/v6-m/nofp\libcr_eabihelpers.a(llong.o)
 .ARM.attributes
                0x0000081b       0x1c c:/nxp/mcuxpressoide_11.3.0_5222/ide/plugins/com.nxp.mcuxpresso.tools.win32_11.3.0.202008311133/tools/bin/../lib/gcc/arm-none-eabi/9.3.1/thumb/v6-m/nofp\libcr_eabihelpers.a(memcpy.o)
 .ARM.attributes
                0x00000837       0x1c c:/nxp/mcuxpressoide_11.3.0_5222/ide/plugins/com.nxp.mcuxpresso.tools.win32_11.3.0.202008311133/tools/bin/../lib/gcc/arm-none-eabi/9.3.1/thumb/v6-m/nofp\libcr_eabihelpers.a(thumb1_switch_helpers.o)
 .ARM.attributes
                0x00000853       0x31 c:/nxp/mcuxpressoide_11.3.0_5222/ide/plugins/com.nxp.mcuxpresso.tools.win32_11.3.0.202008311133/tools/bin/../lib/gcc/arm-none-eabi/9.3.1/../../../../arm-none-eabi/lib/thumb/v6-m/nofp\libcr_nohost_nf.a(__ciob.o)
 .ARM.attributes
                0x00000884       0x2c c:/nxp/mcuxpressoide_11.3.0_5222/ide/plugins/com.nxp.mcuxpresso.tools.win32_11.3.0.202008311133/tools/bin/../lib/gcc/arm-none-eabi/9.3.1/../../../../arm-none-eabi/lib/thumb/v6-m/nofp\libcr_nohost_nf.a(__sys_appexit.o)
 .ARM.attributes
                0x000008b0       0x2c c:/nxp/mcuxpressoide_11.3.0_5222/ide/plugins/com.nxp.mcuxpresso.tools.win32_11.3.0.202008311133/tools/bin/../lib/gcc/arm-none-eabi/9.3.1/../../../../arm-none-eabi/lib/thumb/v6-m/nofp\libcr_nohost_nf.a(__sys_close.o)
 .ARM.attributes
                0x000008dc       0x2c c:/nxp/mcuxpressoide_11.3.0_5222/ide/plugins/com.nxp.mcuxpresso.tools.win32_11.3.0.202008311133/tools/bin/../lib/gcc/arm-none-eabi/9.3.1/../../../../arm-none-eabi/lib/thumb/v6-m/nofp\libcr_nohost_nf.a(__sys_flen.o)
 .ARM.attributes
                0x00000908       0x2c c:/nxp/mcuxpressoide_11.3.0_5222/ide/plugins/com.nxp.mcuxpresso.tools.win32_11.3.0.202008311133/tools/bin/../lib/gcc/arm-none-eabi/9.3.1/../../../../arm-none-eabi/lib/thumb/v6-m/nofp\libcr_nohost_nf.a(__sys_istty.o)
 .ARM.attributes
                0x00000934       0x2c c:/nxp/mcuxpressoide_11.3.0_5222/ide/plugins/com.nxp.mcuxpresso.tools.win32_11.3.0.202008311133/tools/bin/../lib/gcc/arm-none-eabi/9.3.1/../../../../arm-none-eabi/lib/thumb/v6-m/nofp\libcr_nohost_nf.a(__sys_remove.o)
 .ARM.attributes
                0x00000960       0x2c c:/nxp/mcuxpressoide_11.3.0_5222/ide/plugins/com.nxp.mcuxpresso.tools.win32_11.3.0.202008311133/tools/bin/../lib/gcc/arm-none-eabi/9.3.1/../../../../arm-none-eabi/lib/thumb/v6-m/nofp\libcr_nohost_nf.a(__sys_seek.o)
 .ARM.attributes
                0x0000098c       0x2c c:/nxp/mcuxpressoide_11.3.0_5222/ide/plugins/com.nxp.mcuxpresso.tools.win32_11.3.0.202008311133/tools/bin/../lib/gcc/arm-none-eabi/9.3.1/../../../../arm-none-eabi/lib/thumb/v6-m/nofp\libcr_nohost_nf.a(__sys_tmpnam.o)
 .ARM.attributes
                0x000009b8       0x2c c:/nxp/mcuxpressoide_11.3.0_5222/ide/plugins/com.nxp.mcuxpresso.tools.win32_11.3.0.202008311133/tools/bin/../lib/gcc/arm-none-eabi/9.3.1/../../../../arm-none-eabi/lib/thumb/v6-m/nofp\libcr_nohost_nf.a(__sys_write.o)

.debug_frame    0x00000000     0x147c
 .debug_frame   0x00000000       0xdc ./utilities/fsl_debug_console.o
 .debug_frame   0x000000dc       0x48 ./timer/timer.o
 .debug_frame   0x00000124      0x3bc ./startup/startup_lpc812.o
 .debug_frame   0x000004e0       0xe4 ./source/Main_NTAG_THMS.o
 .debug_frame   0x000005c4       0x20 ./source/semihost_hardfault.o
 .debug_frame   0x000005e4      0x1d0 ./drivers/fsl_clock.o
 .debug_frame   0x000007b4       0x44 ./drivers/fsl_gpio.o
 .debug_frame   0x000007f8      0x1b8 ./drivers/fsl_i2c.o
 .debug_frame   0x000009b0       0x20 ./drivers/fsl_reset.o
 .debug_frame   0x000009d0       0x38 ./drivers/fsl_swm.o
 .debug_frame   0x00000a08      0x204 ./drivers/fsl_usart.o
 .debug_frame   0x00000c0c       0x54 ./device/system_LPC812.o
 .debug_frame   0x00000c60       0x94 ./component/uart/fsl_adapter_miniusart.o
 .debug_frame   0x00000cf4       0x28 ./board/board.o
 .debug_frame   0x00000d1c       0x88 ./board/clock_config.o
 .debug_frame   0x00000da4       0x44 ./board/pin_mux.o
 .debug_frame   0x00000de8       0x68 ./THMS/THMS.o
 .debug_frame   0x00000e50      0x130 ./THMS/thms_2_ndef.o
 .debug_frame   0x00000f80      0x1f0 ./NTAG/NTAG.o
 .debug_frame   0x00001170      0x170 ./NDEF_Parse/ndef_parse.o
 .debug_frame   0x000012e0      0x19c ./ADS1115/ads1115.o

Cross Reference Table

Symbol                                            File
ADS1115_changeI2CAddress                          ./ADS1115/ads1115.o
ADS1115_getGainAmplification_inpv                 ./ADS1115/ads1115.o
ADS1115_getLastConversionResults                  ./ADS1115/ads1115.o
ADS1115_getSamplingPeriod_us                      ./ADS1115/ads1115.o
                                                  ./THMS/THMS.o
ADS1115_getSingleConversion                       ./ADS1115/ads1115.o
ADS1115_get_THMS_TimeMeasurementValue_array       ./ADS1115/ads1115.o
                                                  ./THMS/THMS.o
ADS1115_sendConfig                                ./ADS1115/ads1115.o
ADS1115_setConversionMode                         ./ADS1115/ads1115.o
ADS1115_setDataRate                               ./ADS1115/ads1115.o
                                                  ./THMS/THMS.o
ADS1115_setGain                                   ./ADS1115/ads1115.o
                                                  ./THMS/THMS.o
ADS1115_setMUX                                    ./ADS1115/ads1115.o
ADS1115_setXYSamplingCorrectionTime               ./ADS1115/ads1115.o
ADS1115_startContinuous                           ./ADS1115/ads1115.o
ADS1115_stopContiuous                             ./ADS1115/ads1115.o
ADS1115_useAlertPin                               ./ADS1115/ads1115.o
                                                  ./THMS/THMS.o
BOARD_BootClockIRC12M                             ./board/clock_config.o
                                                  ./source/Main_NTAG_THMS.o
BOARD_BootClockPll12M                             ./board/clock_config.o
BOARD_BootClockPll24M                             ./board/clock_config.o
BOARD_InitBootClocks                              ./board/clock_config.o
BOARD_InitBootPins                                ./board/pin_mux.o
BOARD_InitDebugConsole                            ./board/board.o
                                                  ./source/Main_NTAG_THMS.o
BOARD_InitPins                                    ./board/pin_mux.o
                                                  ./source/Main_NTAG_THMS.o
BOD_DriverIRQHandler                              ./startup/startup_lpc812.o
BOD_IRQHandler                                    ./startup/startup_lpc812.o
CLOCK_GetClockOutClkFreq                          ./drivers/fsl_clock.o
CLOCK_GetFreq                                     ./drivers/fsl_clock.o
CLOCK_GetIrcFreq                                  ./drivers/fsl_clock.o
CLOCK_GetMainClkFreq                              ./drivers/fsl_clock.o
                                                  ./board/board.o
CLOCK_GetSysOscFreq                               ./drivers/fsl_clock.o
CLOCK_GetSystemPLLInClockRate                     ./drivers/fsl_clock.o
CLOCK_GetUart0ClkFreq                             ./drivers/fsl_clock.o
CLOCK_GetUart1ClkFreq                             ./drivers/fsl_clock.o
CLOCK_GetUart2ClkFreq                             ./drivers/fsl_clock.o
CLOCK_GetUartClkFreq                              ./drivers/fsl_clock.o
CLOCK_InitExtClkin                                ./drivers/fsl_clock.o
CLOCK_InitSysOsc                                  ./drivers/fsl_clock.o
CLOCK_InitSystemPll                               ./drivers/fsl_clock.o
                                                  ./board/clock_config.o
CLOCK_InitWdtOsc                                  ./drivers/fsl_clock.o
CLOCK_InitXtalin                                  ./drivers/fsl_clock.o
CLOCK_SetMainClkSrc                               ./drivers/fsl_clock.o
                                                  ./board/clock_config.o
CLOCK_SetUARTFRGClkFreq                           ./drivers/fsl_clock.o
CLOCK_UpdateClkOUTsrc                             ./drivers/fsl_clock.o
                                                  ./board/clock_config.o
CMP_DriverIRQHandler                              ./startup/startup_lpc812.o
CMP_IRQHandler                                    ./startup/startup_lpc812.o
CRP_WORD                                          ./startup/startup_lpc812.o
DR_Settings                                       ./ADS1115/ads1115.o
DbgConsole_Deinit                                 ./utilities/fsl_debug_console.o
DbgConsole_Getchar                                ./utilities/fsl_debug_console.o
DbgConsole_Init                                   ./utilities/fsl_debug_console.o
                                                  ./board/board.o
DbgConsole_Printf                                 ./utilities/fsl_debug_console.o
                                                  ./THMS/THMS.o
                                                  ./source/Main_NTAG_THMS.o
DbgConsole_Putchar                                ./utilities/fsl_debug_console.o
DbgConsole_Scanf                                  ./utilities/fsl_debug_console.o
DisableDeepSleepIRQ                               ./drivers/fsl_power.o
EnableDeepSleepIRQ                                ./drivers/fsl_power.o
ExtClockIn                                        ./board/board.o
GPIO_PinInit                                      ./drivers/fsl_gpio.o
                                                  ./THMS/THMS.o
GPIO_PortInit                                     ./drivers/fsl_gpio.o
                                                  ./THMS/THMS.o
HAL_UartDeinit                                    ./component/uart/fsl_adapter_miniusart.o
                                                  ./utilities/fsl_debug_console.o
HAL_UartEnterLowpower                             ./component/uart/fsl_adapter_miniusart.o
HAL_UartExitLowpower                              ./component/uart/fsl_adapter_miniusart.o
HAL_UartInit                                      ./component/uart/fsl_adapter_miniusart.o
                                                  ./utilities/fsl_debug_console.o
HAL_UartReceiveBlocking                           ./component/uart/fsl_adapter_miniusart.o
                                                  ./utilities/fsl_debug_console.o
HAL_UartSendBlocking                              ./component/uart/fsl_adapter_miniusart.o
                                                  ./utilities/fsl_debug_console.o
HardFault_Handler                                 ./source/semihost_hardfault.o
                                                  ./startup/startup_lpc812.o
I2C0_DriverIRQHandler                             ./startup/startup_lpc812.o
I2C0_IRQHandler                                   ./startup/startup_lpc812.o
I2C_GetInstance                                   ./drivers/fsl_i2c.o
I2C_MasterDeinit                                  ./drivers/fsl_i2c.o
I2C_MasterGetDefaultConfig                        ./drivers/fsl_i2c.o
                                                  ./source/Main_NTAG_THMS.o
I2C_MasterInit                                    ./drivers/fsl_i2c.o
                                                  ./source/Main_NTAG_THMS.o
I2C_MasterReadBlocking                            ./drivers/fsl_i2c.o
                                                  ./ADS1115/ads1115.o
                                                  ./NTAG/NTAG.o
I2C_MasterSetBaudRate                             ./drivers/fsl_i2c.o
I2C_MasterStart                                   ./drivers/fsl_i2c.o
                                                  ./ADS1115/ads1115.o
                                                  ./NTAG/NTAG.o
I2C_MasterStop                                    ./drivers/fsl_i2c.o
                                                  ./ADS1115/ads1115.o
                                                  ./NTAG/NTAG.o
I2C_MasterTransferBlocking                        ./drivers/fsl_i2c.o
I2C_MasterWriteBlocking                           ./drivers/fsl_i2c.o
                                                  ./ADS1115/ads1115.o
                                                  ./NTAG/NTAG.o
I2C_SlaveDeinit                                   ./drivers/fsl_i2c.o
I2C_SlaveGetDefaultConfig                         ./drivers/fsl_i2c.o
I2C_SlaveInit                                     ./drivers/fsl_i2c.o
I2C_SlaveReadBlocking                             ./drivers/fsl_i2c.o
I2C_SlaveSetAddress                               ./drivers/fsl_i2c.o
I2C_SlaveWriteBlocking                            ./drivers/fsl_i2c.o
IntDefaultHandler                                 ./startup/startup_lpc812.o
MRT0_DriverIRQHandler                             ./startup/startup_lpc812.o
MRT0_IRQHandler                                   ./startup/startup_lpc812.o
NMI_Handler                                       ./startup/startup_lpc812.o
PGA_Settings                                      ./ADS1115/ads1115.o
PIN_INT0_DriverIRQHandler                         ./startup/startup_lpc812.o
PIN_INT0_IRQHandler                               ./startup/startup_lpc812.o
PIN_INT1_DriverIRQHandler                         ./startup/startup_lpc812.o
PIN_INT1_IRQHandler                               ./startup/startup_lpc812.o
PIN_INT2_DriverIRQHandler                         ./startup/startup_lpc812.o
PIN_INT2_IRQHandler                               ./startup/startup_lpc812.o
PIN_INT3_DriverIRQHandler                         ./startup/startup_lpc812.o
PIN_INT3_IRQHandler                               ./startup/startup_lpc812.o
PIN_INT4_DriverIRQHandler                         ./startup/startup_lpc812.o
PIN_INT4_IRQHandler                               ./startup/startup_lpc812.o
PIN_INT5_DriverIRQHandler                         ./startup/startup_lpc812.o
PIN_INT5_IRQHandler                               ./startup/startup_lpc812.o
PIN_INT6_DriverIRQHandler                         ./startup/startup_lpc812.o
PIN_INT6_IRQHandler                               ./startup/startup_lpc812.o
PIN_INT7_DriverIRQHandler                         ./startup/startup_lpc812.o
PIN_INT7_IRQHandler                               ./startup/startup_lpc812.o
POWER_EnterDeepPowerDownMode                      ./drivers/fsl_power.o
POWER_EnterDeepSleep                              ./drivers/fsl_power.o
POWER_EnterPowerDown                              ./drivers/fsl_power.o
POWER_EnterSleep                                  ./drivers/fsl_power.o
PendSV_Handler                                    ./startup/startup_lpc812.o
RESET_PeripheralReset                             ./drivers/fsl_reset.o
                                                  ./board/board.o
                                                  ./drivers/fsl_usart.o
                                                  ./drivers/fsl_i2c.o
                                                  ./drivers/fsl_gpio.o
Reserved18_DriverIRQHandler                       ./startup/startup_lpc812.o
Reserved18_IRQHandler                             ./startup/startup_lpc812.o
Reserved22_DriverIRQHandler                       ./startup/startup_lpc812.o
Reserved22_IRQHandler                             ./startup/startup_lpc812.o
Reserved23_DriverIRQHandler                       ./startup/startup_lpc812.o
Reserved23_IRQHandler                             ./startup/startup_lpc812.o
Reserved30_DriverIRQHandler                       ./startup/startup_lpc812.o
Reserved30_IRQHandler                             ./startup/startup_lpc812.o
Reserved32_DriverIRQHandler                       ./startup/startup_lpc812.o
Reserved32_IRQHandler                             ./startup/startup_lpc812.o
Reserved33_DriverIRQHandler                       ./startup/startup_lpc812.o
Reserved33_IRQHandler                             ./startup/startup_lpc812.o
Reserved34_DriverIRQHandler                       ./startup/startup_lpc812.o
Reserved34_IRQHandler                             ./startup/startup_lpc812.o
Reserved35_DriverIRQHandler                       ./startup/startup_lpc812.o
Reserved35_IRQHandler                             ./startup/startup_lpc812.o
Reserved36_DriverIRQHandler                       ./startup/startup_lpc812.o
Reserved36_IRQHandler                             ./startup/startup_lpc812.o
Reserved37_DriverIRQHandler                       ./startup/startup_lpc812.o
Reserved37_IRQHandler                             ./startup/startup_lpc812.o
Reserved38_DriverIRQHandler                       ./startup/startup_lpc812.o
Reserved38_IRQHandler                             ./startup/startup_lpc812.o
Reserved39_DriverIRQHandler                       ./startup/startup_lpc812.o
Reserved39_IRQHandler                             ./startup/startup_lpc812.o
ResetISR                                          ./startup/startup_lpc812.o
SCT0_DriverIRQHandler                             ./startup/startup_lpc812.o
SCT0_IRQHandler                                   ./startup/startup_lpc812.o
SDK_DelayAtLeastUs                                ./drivers/fsl_common.o
                                                  ./drivers/fsl_clock.o
SDK_Free                                          ./drivers/fsl_common.o
SDK_Malloc                                        ./drivers/fsl_common.o
SPI0_DriverIRQHandler                             ./startup/startup_lpc812.o
SPI0_IRQHandler                                   ./startup/startup_lpc812.o
SPI1_DriverIRQHandler                             ./startup/startup_lpc812.o