startup_lpc812.c:368:14:NMI_Handler	0	static
startup_lpc812.c:372:14:HardFault_Handler	0	static
startup_lpc812.c:376:14:SVC_Handler	0	static
startup_lpc812.c:380:14:PendSV_Handler	0	static
startup_lpc812.c:384:14:SysTick_Handler	0	static
startup_lpc812.c:249:6:data_init	8	static
startup_lpc812.c:258:6:bss_init	0	static
startup_lpc812.c:283:6:ResetISR	8	static
startup_lpc812.c:392:14:IntDefaultHandler	0	static
startup_lpc812.c:402:14:SPI0_IRQHandler	8	static
startup_lpc812.c:406:14:SPI1_IRQHandler	8	static
startup_lpc812.c:410:14:Reserved18_IRQHandler	8	static
startup_lpc812.c:414:14:USART0_IRQHandler	8	static
startup_lpc812.c:418:14:USART1_IRQHandler	8	static
startup_lpc812.c:422:14:USART2_IRQHandler	8	static
startup_lpc812.c:426:14:Reserved22_IRQHandler	8	static
startup_lpc812.c:430:14:Reserved23_IRQHandler	8	static
startup_lpc812.c:434:14:I2C0_IRQHandler	8	static
startup_lpc812.c:438:14:SCT0_IRQHandler	8	static
startup_lpc812.c:442:14:MRT0_IRQHandler	8	static
startup_lpc812.c:446:14:CMP_IRQHandler	8	static
startup_lpc812.c:450:14:WDT_IRQHandler	8	static
startup_lpc812.c:454:14:BOD_IRQHandler	8	static
startup_lpc812.c:458:14:Reserved30_IRQHandler	8	static
startup_lpc812.c:462:14:WKT_IRQHandler	8	static
startup_lpc812.c:466:14:Reserved32_IRQHandler	8	static
startup_lpc812.c:470:14:Reserved33_IRQHandler	8	static
startup_lpc812.c:474:14:Reserved34_IRQHandler	8	static
startup_lpc812.c:478:14:Reserved35_IRQHandler	8	static
startup_lpc812.c:482:14:Reserved36_IRQHandler	8	static
startup_lpc812.c:486:14:Reserved37_IRQHandler	8	static
startup_lpc812.c:490:14:Reserved38_IRQHandler	8	static
startup_lpc812.c:494:14:Reserved39_IRQHandler	8	static
startup_lpc812.c:498:14:PIN_INT0_IRQHandler	8	static
startup_lpc812.c:502:14:PIN_INT1_IRQHandler	8	static
startup_lpc812.c:506:14:PIN_INT2_IRQHandler	8	static
startup_lpc812.c:510:14:PIN_INT3_IRQHandler	8	static
startup_lpc812.c:514:14:PIN_INT4_IRQHandler	8	static
startup_lpc812.c:518:14:PIN_INT5_IRQHandler	8	static
startup_lpc812.c:522:14:PIN_INT6_IRQHandler	8	static
startup_lpc812.c:526:14:PIN_INT7_IRQHandler	8	static
